---
http_interactions:
- request:
    method: post
    uri: https://login.windows.net/azure_tenant_id/oauth2/token
    body:
      encoding: UTF-8
      string: grant_type=client_credentials&client_id=azure_client_id&client_secret=azure_client_key&resource=https%3A%2F%2Fmanagement.azure.com%2F
    headers:
      Accept:
      - "*/*"
      Accept-Encoding:
      - gzip, deflate
      User-Agent:
      - rest-client/2.0.0 (darwin15.4.0 x86_64) ruby/2.3.1p112
      Content-Length:
      - '186'
      Content-Type:
      - application/x-www-form-urlencoded
  response:
    status:
      code: 200
      message: OK
    headers:
      Cache-Control:
      - no-cache, no-store
      Pragma:
      - no-cache
      Content-Type:
      - application/json; charset=utf-8
      Expires:
      - "-1"
      Server:
      - Microsoft-IIS/8.5
      Strict-Transport-Security:
      - max-age=31536000; includeSubDomains
      X-Content-Type-Options:
      - nosniff
      Client-Request-Id:
      - 4d5c34a4-c07f-4c1e-9986-9fdfd9b8177d
      X-Ms-Request-Id:
      - e820ab21-3095-48b8-bbad-dbbc13400818
      P3p:
      - CP="DSP CUR OTPi IND OTRi ONL FIN"
      Set-Cookie:
      - esctx=AQABAAAAAADRNYRQ3dhRSrm-4K-adpCJ_3o_FWzKbLvlERxTI-wEJlgXND2xu0BjTq_tKcgwJme4wvYDrqzqp91SxFAVP89SAT9AsJP_JRWhGB5EcmnJBvT_GsYqF7MjjZaeYlH53MYt2ABCf0q7QFGijUkg_UHJVwZbN1w3_c4oj47EelPI4P5lZ1quVxdTV5yk-J_uwzwgAA;
        domain=.login.windows.net; path=/; secure; HttpOnly
      - stsservicecookie=ests; path=/; secure; HttpOnly
      - x-ms-gateway-slice=productiona; path=/; secure; HttpOnly
      X-Powered-By:
      - ASP.NET
      Date:
      - Mon, 24 Oct 2016 19:59:31 GMT
      Content-Length:
      - '1409'
    body:
      encoding: UTF-8
      string: '{"token_type":"Bearer","expires_in":"3599","ext_expires_in":"0","expires_on":"1477342772","not_before":"1477338872","resource":"https://management.azure.com/","access_token":"eyJ0eXAiOiJKV1QiLCJhbGciOiJSUzI1NiIsIng1dCI6Ikk2b0J3NFZ6QkhPcWxlR3JWMkFKZEE1RW1YYyIsImtpZCI6Ikk2b0J3NFZ6QkhPcWxlR3JWMkFKZEE1RW1YYyJ9.eyJhdWQiOiJodHRwczovL21hbmFnZW1lbnQuYXp1cmUuY29tLyIsImlzcyI6Imh0dHBzOi8vc3RzLndpbmRvd3MubmV0Lzc3ZWNlZmI2LWNmZjAtNGU4ZC1hNDQ2LTc1N2E2OWNiOTQ4NS8iLCJpYXQiOjE0NzczMzg4NzIsIm5iZiI6MTQ3NzMzODg3MiwiZXhwIjoxNDc3MzQyNzcyLCJhcHBpZCI6ImZjMWMyMjI1LTA2NWYtNGJhOC04M2Q5LWQ4NjY2MmY1NzhhZiIsImFwcGlkYWNyIjoiMSIsImdyb3VwcyI6WyI0MDczODk4Ni0zYzgyLTRjZjEtOTlmYy0xMzQ1N2UzMzMyZmMiLCIwZDAxNDNlYS0zMzllLTQyZTAtYTI0ZS1iNWE4ZmM2OWZmMTQiLCJkNjVmMmU1ZC1mYmZiLTQxNTMtODZiMi01OTc5YjRlNmI1OTIiXSwiaWRwIjoiaHR0cHM6Ly9zdHMud2luZG93cy5uZXQvNzdlY2VmYjYtY2ZmMC00ZThkLWE0NDYtNzU3YTY5Y2I5NDg1LyIsIm9pZCI6IjMwNmViNDJhLTM1ODUtNGEzNy05NWI3LTM4YmMwZTk4MjhkMiIsInN1YiI6IjMwNmViNDJhLTM1ODUtNGEzNy05NWI3LTM4YmMwZTk4MjhkMiIsInRpZCI6Ijc3ZWNlZmI2LWNmZjAtNGU4ZC1hNDQ2LTc1N2E2OWNiOTQ4NSIsInZlciI6IjEuMCJ9.ZbYcSCJUmhmkHfShhnePCDImE3BkePClV637kbhT3w8fxX2t4QLcjBAi13x9sRJRA7CCgR1HeKR2pSThoMMD23bgCKuME_nazpGzagGUR6C_uQCrEQbXhpGzA_NeExE4HZ721AUTmj0vtxCrU3VH_PygF7h4CYPpl4savaIg8oZcIncvx3ySRcATsgGKD0VGVrhfUOSlLST664CbJZn8fj1cUw-z43N2D302s-ulq5ulHv0s8PF79Xn3LfnA5Q0Kt0NhMTKi3L_NdF0Rvi17i4CtEH2He7qHVT406tpB_mP6La8EnAncYcxk-y8fpt2PqHE5sOWU3zTCVkeTjVq0Rw"}'
    http_version: 
  recorded_at: Mon, 24 Oct 2016 19:59:32 GMT
- request:
    method: get
    uri: https://management.azure.com/subscriptions?api-version=2015-01-01
    body:
      encoding: US-ASCII
      string: ''
    headers:
      Accept:
      - application/json
      Accept-Encoding:
      - gzip, deflate
      User-Agent:
      - rest-client/2.0.0 (darwin15.4.0 x86_64) ruby/2.3.1p112
      Content-Type:
      - application/json
      Authorization:
      - Bearer eyJ0eXAiOiJKV1QiLCJhbGciOiJSUzI1NiIsIng1dCI6Ikk2b0J3NFZ6QkhPcWxlR3JWMkFKZEE1RW1YYyIsImtpZCI6Ikk2b0J3NFZ6QkhPcWxlR3JWMkFKZEE1RW1YYyJ9.eyJhdWQiOiJodHRwczovL21hbmFnZW1lbnQuYXp1cmUuY29tLyIsImlzcyI6Imh0dHBzOi8vc3RzLndpbmRvd3MubmV0Lzc3ZWNlZmI2LWNmZjAtNGU4ZC1hNDQ2LTc1N2E2OWNiOTQ4NS8iLCJpYXQiOjE0NzczMzg4NzIsIm5iZiI6MTQ3NzMzODg3MiwiZXhwIjoxNDc3MzQyNzcyLCJhcHBpZCI6ImZjMWMyMjI1LTA2NWYtNGJhOC04M2Q5LWQ4NjY2MmY1NzhhZiIsImFwcGlkYWNyIjoiMSIsImdyb3VwcyI6WyI0MDczODk4Ni0zYzgyLTRjZjEtOTlmYy0xMzQ1N2UzMzMyZmMiLCIwZDAxNDNlYS0zMzllLTQyZTAtYTI0ZS1iNWE4ZmM2OWZmMTQiLCJkNjVmMmU1ZC1mYmZiLTQxNTMtODZiMi01OTc5YjRlNmI1OTIiXSwiaWRwIjoiaHR0cHM6Ly9zdHMud2luZG93cy5uZXQvNzdlY2VmYjYtY2ZmMC00ZThkLWE0NDYtNzU3YTY5Y2I5NDg1LyIsIm9pZCI6IjMwNmViNDJhLTM1ODUtNGEzNy05NWI3LTM4YmMwZTk4MjhkMiIsInN1YiI6IjMwNmViNDJhLTM1ODUtNGEzNy05NWI3LTM4YmMwZTk4MjhkMiIsInRpZCI6Ijc3ZWNlZmI2LWNmZjAtNGU4ZC1hNDQ2LTc1N2E2OWNiOTQ4NSIsInZlciI6IjEuMCJ9.ZbYcSCJUmhmkHfShhnePCDImE3BkePClV637kbhT3w8fxX2t4QLcjBAi13x9sRJRA7CCgR1HeKR2pSThoMMD23bgCKuME_nazpGzagGUR6C_uQCrEQbXhpGzA_NeExE4HZ721AUTmj0vtxCrU3VH_PygF7h4CYPpl4savaIg8oZcIncvx3ySRcATsgGKD0VGVrhfUOSlLST664CbJZn8fj1cUw-z43N2D302s-ulq5ulHv0s8PF79Xn3LfnA5Q0Kt0NhMTKi3L_NdF0Rvi17i4CtEH2He7qHVT406tpB_mP6La8EnAncYcxk-y8fpt2PqHE5sOWU3zTCVkeTjVq0Rw
  response:
    status:
      code: 200
      message: OK
    headers:
      Cache-Control:
      - no-cache
      Pragma:
      - no-cache
      Transfer-Encoding:
      - chunked
      Content-Type:
      - application/json; charset=utf-8
      Expires:
      - "-1"
      Vary:
      - Accept-Encoding
      X-Ms-Ratelimit-Remaining-Tenant-Reads:
      - '14986'
      X-Ms-Request-Id:
      - 5b3ceaad-a0e6-4290-9e47-efbbefbbf22c
      X-Ms-Correlation-Request-Id:
      - 5b3ceaad-a0e6-4290-9e47-efbbefbbf22c
      X-Ms-Routing-Request-Id:
      - CENTRALUS:20161024T195932Z:5b3ceaad-a0e6-4290-9e47-efbbefbbf22c
      Strict-Transport-Security:
      - max-age=31536000; includeSubDomains
      Date:
      - Mon, 24 Oct 2016 19:59:32 GMT
    body:
      encoding: ASCII-8BIT
      string: '{"value":[{"id":"/subscriptions/azure_subscription_id","subscriptionId":"azure_subscription_id","displayName":"Microsoft
        Azure Sponsorship","state":"Enabled","subscriptionPolicies":{"locationPlacementId":"Public_2014-09-01","quotaId":"Default_2014-09-01","spendingLimit":"Off"}}]}'
    http_version: 
  recorded_at: Mon, 24 Oct 2016 19:59:32 GMT
- request:
    method: get
    uri: https://management.azure.com/subscriptions/azure_subscription_id/providers?api-version=2015-01-01
    body:
      encoding: US-ASCII
      string: ''
    headers:
      Accept:
      - application/json
      Accept-Encoding:
      - gzip, deflate
      User-Agent:
      - rest-client/2.0.0 (darwin15.4.0 x86_64) ruby/2.3.1p112
      Content-Type:
      - application/json
      Authorization:
      - Bearer eyJ0eXAiOiJKV1QiLCJhbGciOiJSUzI1NiIsIng1dCI6Ikk2b0J3NFZ6QkhPcWxlR3JWMkFKZEE1RW1YYyIsImtpZCI6Ikk2b0J3NFZ6QkhPcWxlR3JWMkFKZEE1RW1YYyJ9.eyJhdWQiOiJodHRwczovL21hbmFnZW1lbnQuYXp1cmUuY29tLyIsImlzcyI6Imh0dHBzOi8vc3RzLndpbmRvd3MubmV0Lzc3ZWNlZmI2LWNmZjAtNGU4ZC1hNDQ2LTc1N2E2OWNiOTQ4NS8iLCJpYXQiOjE0NzczMzg4NzIsIm5iZiI6MTQ3NzMzODg3MiwiZXhwIjoxNDc3MzQyNzcyLCJhcHBpZCI6ImZjMWMyMjI1LTA2NWYtNGJhOC04M2Q5LWQ4NjY2MmY1NzhhZiIsImFwcGlkYWNyIjoiMSIsImdyb3VwcyI6WyI0MDczODk4Ni0zYzgyLTRjZjEtOTlmYy0xMzQ1N2UzMzMyZmMiLCIwZDAxNDNlYS0zMzllLTQyZTAtYTI0ZS1iNWE4ZmM2OWZmMTQiLCJkNjVmMmU1ZC1mYmZiLTQxNTMtODZiMi01OTc5YjRlNmI1OTIiXSwiaWRwIjoiaHR0cHM6Ly9zdHMud2luZG93cy5uZXQvNzdlY2VmYjYtY2ZmMC00ZThkLWE0NDYtNzU3YTY5Y2I5NDg1LyIsIm9pZCI6IjMwNmViNDJhLTM1ODUtNGEzNy05NWI3LTM4YmMwZTk4MjhkMiIsInN1YiI6IjMwNmViNDJhLTM1ODUtNGEzNy05NWI3LTM4YmMwZTk4MjhkMiIsInRpZCI6Ijc3ZWNlZmI2LWNmZjAtNGU4ZC1hNDQ2LTc1N2E2OWNiOTQ4NSIsInZlciI6IjEuMCJ9.ZbYcSCJUmhmkHfShhnePCDImE3BkePClV637kbhT3w8fxX2t4QLcjBAi13x9sRJRA7CCgR1HeKR2pSThoMMD23bgCKuME_nazpGzagGUR6C_uQCrEQbXhpGzA_NeExE4HZ721AUTmj0vtxCrU3VH_PygF7h4CYPpl4savaIg8oZcIncvx3ySRcATsgGKD0VGVrhfUOSlLST664CbJZn8fj1cUw-z43N2D302s-ulq5ulHv0s8PF79Xn3LfnA5Q0Kt0NhMTKi3L_NdF0Rvi17i4CtEH2He7qHVT406tpB_mP6La8EnAncYcxk-y8fpt2PqHE5sOWU3zTCVkeTjVq0Rw
  response:
    status:
      code: 200
      message: OK
    headers:
      Cache-Control:
      - no-cache
      Pragma:
      - no-cache
      Content-Type:
      - application/json; charset=utf-8
      Expires:
      - "-1"
      Vary:
      - Accept-Encoding
      X-Ms-Ratelimit-Remaining-Subscription-Reads:
      - '14929'
      X-Ms-Request-Id:
      - b985eeb8-e0ba-4b8d-aef7-acbc705040d0
      X-Ms-Correlation-Request-Id:
      - b985eeb8-e0ba-4b8d-aef7-acbc705040d0
      X-Ms-Routing-Request-Id:
      - CENTRALUS:20161024T195933Z:b985eeb8-e0ba-4b8d-aef7-acbc705040d0
      Strict-Transport-Security:
      - max-age=31536000; includeSubDomains
      Date:
      - Mon, 24 Oct 2016 19:59:32 GMT
      Content-Length:
      - '151753'
    body:
      encoding: ASCII-8BIT
      string: '{"value":[{"id":"/subscriptions/azure_subscription_id/providers/Microsoft.ApiManagement","namespace":"Microsoft.ApiManagement","authorization":{"applicationId":"8602e328-9b72-4f2d-a4ae-1387d013a2b3","roleDefinitionId":"e263b525-2e60-4418-b655-420bae0b172e"},"resourceTypes":[{"resourceType":"service","locations":["Australia
        East","Australia Southeast","Central US","East US","East US 2","North Central
        US","South Central US","West Central US","West US","West US 2","Canada Central","Canada
        East","North Europe","West Europe","UK South","UK West","East Asia","Southeast
        Asia","Japan East","Japan West","Brazil South"],"apiVersions":["2016-07-07","2015-09-15","2014-02-14"]},{"resourceType":"validateServiceName","locations":[],"apiVersions":["2015-09-15","2014-02-14"]},{"resourceType":"checkServiceNameAvailability","locations":[],"apiVersions":["2015-09-15","2014-02-14"]},{"resourceType":"checkNameAvailability","locations":[],"apiVersions":["2016-07-07","2015-09-15","2014-02-14"]},{"resourceType":"reportFeedback","locations":[],"apiVersions":["2016-07-07","2015-09-15","2014-02-14"]},{"resourceType":"checkFeedbackRequired","locations":[],"apiVersions":["2016-07-07","2015-09-15","2014-02-14"]},{"resourceType":"operations","locations":[],"apiVersions":["2016-07-07","2015-09-15","2014-02-14"]}],"registrationState":"Registered"},{"id":"/subscriptions/azure_subscription_id/providers/Microsoft.Automation","namespace":"Microsoft.Automation","resourceTypes":[{"resourceType":"automationAccounts","locations":["Japan
        East","East US 2","West Europe","Southeast Asia","South Central US","North
        Europe","Canada Central","Australia Southeast"],"apiVersions":["2015-10-31","2015-01-01-preview"]},{"resourceType":"automationAccounts/runbooks","locations":["Japan
        East","East US 2","West Europe","Southeast Asia","South Central US","North
        Europe","Canada Central","Australia Southeast"],"apiVersions":["2015-10-31","2015-01-01-preview"]},{"resourceType":"automationAccounts/webhooks","locations":["Japan
        East","East US 2","West Europe","Southeast Asia","South Central US","North
        Europe","Canada Central","Australia Southeast"],"apiVersions":["2015-10-31","2015-01-01-preview"]},{"resourceType":"operations","locations":["South
        Central US"],"apiVersions":["2015-10-31","2015-01-01-preview"]}],"registrationState":"Registered"},{"id":"/subscriptions/azure_subscription_id/providers/Microsoft.Backup","namespace":"Microsoft.Backup","authorization":{"applicationId":"262044b1-e2ce-469f-a196-69ab7ada62d3","roleDefinitionId":"21CEC436-F7D0-4ADE-8AD8-FEC5668484CC"},"resourceTypes":[{"resourceType":"BackupVault","locations":["West
        US","East US","North Europe","West Europe","Brazil South","East Asia","Southeast
        Asia","North Central US","South Central US","Japan East","Japan West","Australia
        East","Australia Southeast","Central US","East US 2"],"apiVersions":["2015-03-15","2014-09-01"]}],"registrationState":"Registered"},{"id":"/subscriptions/azure_subscription_id/providers/Microsoft.Batch","namespace":"Microsoft.Batch","authorization":{"applicationId":"ddbf3205-c6bd-46ae-8127-60eb93363864","roleDefinitionId":"b7f84953-1d03-4eab-9ea4-45f065258ff8"},"resourceTypes":[{"resourceType":"batchAccounts","locations":["West
        Europe","East US","East US 2","West US","North Central US","Brazil South","North
        Europe","Central US","East Asia","Japan East","Australia Southeast","Japan
        West","Southeast Asia","South Central US","Australia East","Canada Central","Canada
        East","UK South","UK West","West Central US","West US 2"],"apiVersions":["2015-12-01","2015-09-01","2015-07-01","2014-05-01-privatepreview"]},{"resourceType":"operations","locations":["West
        Europe","East US","East US 2","West US","North Central US","Brazil South","North
        Europe","Central US","East Asia","Japan East","Australia Southeast","Japan
        West","Southeast Asia","South Central US","Australia East","Canada Central","Canada
        East","UK South","UK West","West Central US","West US 2"],"apiVersions":["2015-12-01","2015-09-01"]},{"resourceType":"locations","locations":[],"apiVersions":["2015-09-01"]},{"resourceType":"locations/quotas","locations":["West
        Europe","East US","East US 2","West US","North Central US","Brazil South","North
        Europe","Central US","East Asia","Japan East","Australia Southeast","Japan
        West","Southeast Asia","South Central US","Australia East","Canada Central","Canada
        East","UK South","UK West","West Central US","West US 2"],"apiVersions":["2015-12-01","2015-09-01"]}],"registrationState":"Registered"},{"id":"/subscriptions/azure_subscription_id/providers/Microsoft.ClassicCompute","namespace":"Microsoft.ClassicCompute","resourceTypes":[{"resourceType":"domainNames","locations":["East
        Asia","Southeast Asia","East US","East US 2","West US","West US 2","North
        Central US","South Central US","West Central US","Central US","North Europe","West
        Europe","Japan East","Japan West","Brazil South","Australia East","Australia
        Southeast","Canada Central","Canada East","UK South","UK West"],"apiVersions":["2016-04-01","2015-12-01","2015-10-01","2015-06-01","2014-06-01","2014-01-01"]},{"resourceType":"checkDomainNameAvailability","locations":[],"apiVersions":["2016-04-01","2015-12-01","2015-10-01","2015-06-01","2014-06-01","2014-01-01"]},{"resourceType":"domainNames/slots","locations":["East
        Asia","Southeast Asia","East US","East US 2","West US","West US 2","North
        Central US","South Central US","West Central US","Central US","North Europe","West
        Europe","Japan East","Japan West","Brazil South","Australia East","Australia
        Southeast","Canada Central","Canada East","UK South","UK West"],"apiVersions":["2016-04-01","2015-12-01","2015-10-01","2015-06-01","2014-06-01","2014-01-01"]},{"resourceType":"domainNames/slots/roles","locations":["East
        Asia","Southeast Asia","East US","East US 2","West US","West US 2","North
        Central US","South Central US","West Central US","Central US","North Europe","West
        Europe","Japan East","Japan West","Brazil South","Australia East","Australia
        Southeast","Canada Central","Canada East","UK South","UK West"],"apiVersions":["2016-04-01","2015-12-01","2015-10-01","2015-06-01","2014-06-01","2014-01-01"]},{"resourceType":"domainNames/slots/roles/metricDefinitions","locations":[],"apiVersions":["2014-04-01"]},{"resourceType":"domainNames/slots/roles/metrics","locations":[],"apiVersions":["2014-04-01"]},{"resourceType":"virtualMachines","locations":["East
        Asia","Southeast Asia","East US","East US 2","West US","West US 2","North
        Central US","South Central US","West Central US","Central US","North Europe","West
        Europe","Japan East","Japan West","Brazil South","Australia East","Australia
        Southeast","Canada Central","Canada East","UK South","UK West"],"apiVersions":["2016-04-01","2015-12-01","2015-10-01","2015-06-01","2014-06-01","2014-04-01","2014-01-01"]},{"resourceType":"capabilities","locations":[],"apiVersions":["2016-04-01","2015-12-01","2015-10-01","2015-06-01","2014-06-01"]},{"resourceType":"quotas","locations":[],"apiVersions":["2016-04-01","2015-12-01","2015-10-01","2015-06-01","2014-06-01","2014-01-01"]},{"resourceType":"virtualMachines/diagnosticSettings","locations":["East
        US","East US 2","North Central US","North Europe","West Europe","Brazil South","Canada
        Central","Canada East","UK South","UK West","West US","Central US","South
        Central US","Japan East","Japan West","East Asia","Southeast Asia","Australia
        East","Australia Southeast","West US 2","West Central US"],"apiVersions":["2014-04-01"]},{"resourceType":"virtualMachines/metricDefinitions","locations":["East
        US","East US 2","North Central US","North Europe","West Europe","Brazil South","Canada
        Central","Canada East","UK South","UK West","West US","Central US","South
        Central US","Japan East","Japan West","East Asia","Southeast Asia","Australia
        East","Australia Southeast","West US 2","West Central US"],"apiVersions":["2014-04-01"]},{"resourceType":"virtualMachines/metrics","locations":["North
        Central US","South Central US","East US","East US 2","Canada Central","Canada
        East","West US","West US 2","West Central US","Central US","East Asia","Southeast
        Asia","North Europe","West Europe","UK South","UK West","Japan East","Japan
        West","Brazil South","Australia East","Australia Southeast"],"apiVersions":["2014-04-01"]},{"resourceType":"operations","locations":[],"apiVersions":["2016-04-01","2015-12-01","2015-10-01","2015-06-01","2014-06-01","2014-04-01","2014-01-01"]},{"resourceType":"resourceTypes","locations":[],"apiVersions":["2016-04-01","2015-12-01","2015-10-01","2015-06-01","2014-06-01"]},{"resourceType":"moveSubscriptionResources","locations":[],"apiVersions":["2016-04-01","2015-12-01","2015-10-01"]},{"resourceType":"validateSubscriptionMoveAvailability","locations":[],"apiVersions":["2016-04-01","2015-12-01","2015-10-01"]},{"resourceType":"operationStatuses","locations":[],"apiVersions":["2016-04-01","2015-12-01","2015-10-01"]},{"resourceType":"operatingSystems","locations":[],"apiVersions":["2016-04-01","2015-12-01","2015-10-01","2015-06-01","2014-06-01"]},{"resourceType":"operatingSystemFamilies","locations":[],"apiVersions":["2016-04-01","2015-12-01","2015-10-01","2015-06-01","2014-06-01"]}],"registrationState":"Registered"},{"id":"/subscriptions/azure_subscription_id/providers/Microsoft.ClassicNetwork","namespace":"Microsoft.ClassicNetwork","resourceTypes":[{"resourceType":"virtualNetworks","locations":["East
        Asia","Southeast Asia","East US","East US 2","West US","West US 2","North
        Central US","South Central US","West Central US","Central US","North Europe","West
        Europe","Japan East","Japan West","Brazil South","Australia East","Australia
        Southeast","Canada Central","Canada East","UK South","UK West"],"apiVersions":["2016-04-01","2015-12-01","2015-06-01","2014-06-01","2014-01-01"]},{"resourceType":"reservedIps","locations":["East
        Asia","Southeast Asia","East US","East US 2","West US","West US 2","North
        Central US","South Central US","West Central US","Central US","North Europe","West
        Europe","Japan East","Japan West","Brazil South","Australia East","Australia
        Southeast","Canada Central","Canada East","UK South","UK West"],"apiVersions":["2016-04-01","2015-12-01","2015-06-01","2014-06-01","2014-01-01"]},{"resourceType":"quotas","locations":[],"apiVersions":["2016-04-01","2015-12-01","2015-06-01","2014-06-01","2014-01-01"]},{"resourceType":"gatewaySupportedDevices","locations":[],"apiVersions":["2016-04-01","2015-12-01","2015-06-01","2014-06-01","2014-01-01"]},{"resourceType":"operations","locations":[],"apiVersions":["2016-04-01","2015-12-01","2015-06-01","2014-06-01","2014-04-01","2014-01-01"]},{"resourceType":"networkSecurityGroups","locations":["East
        Asia","Southeast Asia","East US","East US 2","West US","West US 2","North
        Central US","South Central US","West Central US","Central US","North Europe","West
        Europe","Japan East","Japan West","Brazil South","Australia East","Australia
        Southeast","Canada Central","Canada East","UK South","UK West"],"apiVersions":["2016-04-01","2015-12-01","2015-06-01"]},{"resourceType":"capabilities","locations":[],"apiVersions":["2016-04-01","2015-12-01","2015-10-01","2015-06-01","2014-06-01"]}],"registrationState":"Registered"},{"id":"/subscriptions/azure_subscription_id/providers/Microsoft.ClassicStorage","namespace":"Microsoft.ClassicStorage","resourceTypes":[{"resourceType":"storageAccounts","locations":["East
        Asia","Southeast Asia","East US","East US 2","West US","West US 2","North
        Central US","South Central US","West Central US","Central US","North Europe","West
        Europe","Japan East","Japan West","Brazil South","Australia East","Australia
        Southeast","Canada Central","Canada East","UK South","UK West"],"apiVersions":["2016-04-01","2015-12-01","2015-06-01","2014-06-01","2014-04-01-beta","2014-04-01","2014-01-01"]},{"resourceType":"quotas","locations":[],"apiVersions":["2016-04-01","2015-12-01","2015-06-01","2014-06-01","2014-01-01"]},{"resourceType":"checkStorageAccountAvailability","locations":[],"apiVersions":["2016-04-01","2015-12-01","2015-06-01","2014-06-01","2014-01-01"]},{"resourceType":"storageAccounts/services","locations":["West
        US","Central US","South Central US","Japan East","Japan West","East Asia","Southeast
        Asia","Australia East","Australia Southeast","West US 2","West Central US","East
        US","East US 2","North Central US","North Europe","West Europe","Brazil South","Canada
        Central","Canada East","UK South","UK West"],"apiVersions":["2014-04-01"]},{"resourceType":"storageAccounts/services/diagnosticSettings","locations":["West
        US","Central US","South Central US","Japan East","Japan West","East Asia","Southeast
        Asia","Australia East","Australia Southeast","West US 2","West Central US","East
        US","East US 2","North Central US","North Europe","West Europe","Brazil South","Canada
        Central","Canada East","UK South","UK West"],"apiVersions":["2014-04-01"]},{"resourceType":"storageAccounts/services/metricDefinitions","locations":[],"apiVersions":["2014-04-01"]},{"resourceType":"storageAccounts/services/metrics","locations":[],"apiVersions":["2014-04-01"]},{"resourceType":"storageAccounts/metricDefinitions","locations":[],"apiVersions":["2014-04-01"]},{"resourceType":"storageAccounts/metrics","locations":[],"apiVersions":["2014-04-01"]},{"resourceType":"capabilities","locations":[],"apiVersions":["2016-04-01","2015-12-01","2015-06-01","2014-06-01"]},{"resourceType":"disks","locations":[],"apiVersions":["2016-04-01","2015-12-01","2015-06-01","2014-06-01"]},{"resourceType":"images","locations":[],"apiVersions":["2016-04-01","2015-12-01","2015-06-01","2014-06-01"]},{"resourceType":"publicImages","locations":[],"apiVersions":["2016-04-01"]},{"resourceType":"osImages","locations":[],"apiVersions":["2016-04-01","2015-12-01","2015-06-01","2014-06-01"]},{"resourceType":"operations","locations":[],"apiVersions":["2016-04-01","2015-12-01","2015-06-01","2014-06-01","2014-04-01","2014-01-01"]}],"registrationState":"Registered"},{"id":"/subscriptions/azure_subscription_id/providers/Microsoft.Compute","namespace":"Microsoft.Compute","authorization":{"applicationId":"60e6cd67-9c8c-4951-9b3c-23c25a2169af","roleDefinitionId":"e4770acb-272e-4dc8-87f3-12f44a612224"},"resourceTypes":[{"resourceType":"availabilitySets","locations":["East
        US","East US 2","West US","Central US","North Central US","South Central US","North
        Europe","West Europe","East Asia","Southeast Asia","Japan East","Japan West","Australia
        East","Australia Southeast","Brazil South","Canada Central","Canada East","West
        US 2","West Central US","UK South","UK West"],"apiVersions":["2016-03-30","2015-06-15","2015-05-01-preview"]},{"resourceType":"virtualMachines","locations":["East
        US","East US 2","West US","Central US","North Central US","South Central US","North
        Europe","West Europe","East Asia","Southeast Asia","Japan East","Japan West","Australia
        East","Australia Southeast","Brazil South","Canada Central","Canada East","West
        US 2","West Central US","UK South","UK West"],"apiVersions":["2016-03-30","2015-06-15","2015-05-01-preview"]},{"resourceType":"virtualMachines/extensions","locations":["East
        US","East US 2","West US","Central US","North Central US","South Central US","North
        Europe","West Europe","East Asia","Southeast Asia","Japan East","Japan West","Australia
        East","Australia Southeast","Brazil South","Canada Central","Canada East","West
        US 2","West Central US","UK South","UK West"],"apiVersions":["2016-03-30","2015-06-15","2015-05-01-preview"]},{"resourceType":"virtualMachineScaleSets","locations":["East
        US","East US 2","West US","Central US","North Central US","South Central US","North
        Europe","West Europe","East Asia","Southeast Asia","Japan East","Japan West","Australia
        East","Australia Southeast","Brazil South","Canada Central","Canada East","West
        US 2","West Central US","UK South","UK West"],"apiVersions":["2016-03-30","2015-06-15","2015-05-01-preview"]},{"resourceType":"virtualMachineScaleSets/extensions","locations":["East
        US","East US 2","West US","Central US","North Central US","South Central US","North
        Europe","West Europe","East Asia","Southeast Asia","Japan East","Japan West","Australia
        East","Australia Southeast","Brazil South","Canada Central","Canada East","West
        US 2","West Central US","UK South","UK West"],"apiVersions":["2016-03-30","2015-06-15","2015-05-01-preview"]},{"resourceType":"virtualMachineScaleSets/virtualMachines","locations":["East
        US","East US 2","West US","Central US","North Central US","South Central US","North
        Europe","West Europe","East Asia","Southeast Asia","Japan East","Japan West","Australia
        East","Australia Southeast","Brazil South","Canada Central","Canada East","West
        US 2","West Central US","UK South","UK West"],"apiVersions":["2016-03-30","2015-06-15","2015-05-01-preview"]},{"resourceType":"virtualMachineScaleSets/networkInterfaces","locations":["East
        US","East US 2","West US","Central US","North Central US","South Central US","North
        Europe","West Europe","East Asia","Southeast Asia","Japan East","Japan West","Australia
        East","Australia Southeast","Brazil South","Canada Central","Canada East","West
        US 2","West Central US","UK South","UK West"],"apiVersions":["2016-03-30","2015-06-15","2015-05-01-preview"]},{"resourceType":"virtualMachineScaleSets/virtualMachines/networkInterfaces","locations":["East
        US","East US 2","West US","Central US","North Central US","South Central US","North
        Europe","West Europe","East Asia","Southeast Asia","Japan East","Japan West","Australia
        East","Australia Southeast","Brazil South","Canada Central","Canada East","West
        US 2","West Central US","UK South","UK West"],"apiVersions":["2016-03-30","2015-06-15","2015-05-01-preview"]},{"resourceType":"locations","locations":[],"apiVersions":["2016-04-30-preview","2016-03-30","2015-06-15","2015-05-01-preview"]},{"resourceType":"locations/operations","locations":["East
        US","East US 2","West US","Central US","North Central US","South Central US","North
        Europe","West Europe","East Asia","Southeast Asia","Japan East","Japan West","Australia
        East","Australia Southeast","Brazil South","Canada Central","Canada East","West
        US 2","West Central US","UK South","UK West"],"apiVersions":["2016-03-30","2015-06-15","2015-05-01-preview"]},{"resourceType":"locations/vmSizes","locations":["East
        US","East US 2","West US","Central US","North Central US","South Central US","North
        Europe","West Europe","East Asia","Southeast Asia","Japan East","Japan West","Australia
        East","Australia Southeast","Brazil South","Canada Central","Canada East","West
        US 2","West Central US","UK South","UK West"],"apiVersions":["2016-03-30","2015-06-15","2015-05-01-preview"]},{"resourceType":"locations/usages","locations":["East
        US","East US 2","West US","Central US","North Central US","South Central US","North
        Europe","West Europe","East Asia","Southeast Asia","Japan East","Japan West","Australia
        East","Australia Southeast","Brazil South","Canada Central","Canada East","West
        US 2","West Central US","UK South","UK West"],"apiVersions":["2016-03-30","2015-06-15","2015-05-01-preview"]},{"resourceType":"locations/publishers","locations":["East
        US","East US 2","West US","Central US","North Central US","South Central US","North
        Europe","West Europe","East Asia","Southeast Asia","Japan East","Japan West","Australia
        East","Australia Southeast","Brazil South","Canada Central","Canada East","West
        US 2","West Central US","UK South","UK West"],"apiVersions":["2016-03-30","2015-06-15","2015-05-01-preview"]},{"resourceType":"operations","locations":["East
        US","East US 2","West US","Central US","North Central US","South Central US","North
        Europe","West Europe","East Asia","Southeast Asia","Japan East","Japan West","Australia
        East","Australia Southeast","Brazil South","Canada Central","Canada East","West
        US 2","West Central US","UK South","UK West"],"apiVersions":["2016-03-30","2015-06-15","2015-05-01-preview"]},{"resourceType":"disks","locations":["Southeast
        Asia","East US 2"],"apiVersions":["2016-04-30-preview"]},{"resourceType":"snapshots","locations":["Southeast
        Asia","East US 2"],"apiVersions":["2016-04-30-preview"]},{"resourceType":"locations/diskoperations","locations":["Southeast
        Asia","East US 2"],"apiVersions":["2016-04-30-preview"]},{"resourceType":"virtualMachines/diagnosticSettings","locations":["East
        US","East US 2","West US","Central US","North Central US","South Central US","North
        Europe","West Europe","East Asia","Southeast Asia","Japan East","Japan West","Australia
        East","Australia Southeast","Brazil South","Canada Central","Canada East","West
        US 2","West Central US","UK South","UK West"],"apiVersions":["2014-04-01"]},{"resourceType":"virtualMachines/metricDefinitions","locations":["East
        US","East US 2","West US","Central US","North Central US","South Central US","North
        Europe","West Europe","East Asia","Southeast Asia","Japan East","Japan West","Australia
        East","Australia Southeast","Brazil South","Canada Central","Canada East","West
        US 2","West Central US","UK South","UK West"],"apiVersions":["2014-04-01"]}],"registrationState":"Registered"},{"id":"/subscriptions/azure_subscription_id/providers/Microsoft.ContainerService","namespace":"Microsoft.ContainerService","authorization":{"applicationId":"7319c514-987d-4e9b-ac3d-d38c4f427f4c","roleDefinitionId":"1b4a0c7f-2217-416f-acfa-cf73452fdc1c"},"resourceTypes":[{"resourceType":"containerServices","locations":["Japan
        East","Central US","East US 2","Japan West","East Asia","South Central US","Australia
        East","Australia Southeast","Brazil South","Southeast Asia","West US","North
        Central US","West Europe","North Europe","East US"],"apiVersions":["2016-03-30","2015-11-01-preview"]},{"resourceType":"locations","locations":[],"apiVersions":["2016-03-30","2015-11-01-preview"]},{"resourceType":"locations/operations","locations":["Japan
        East","Central US","East US 2","Japan West","East Asia","South Central US","Australia
        East","Australia Southeast","Brazil South","Southeast Asia","West US","North
        Central US","West Europe","North Europe","East US"],"apiVersions":["2016-03-30","2015-11-01-preview"]},{"resourceType":"operations","locations":[],"apiVersions":["2016-03-30","2015-11-01-preview"]}],"registrationState":"Registered"},{"id":"/subscriptions/azure_subscription_id/providers/microsoft.insights","namespace":"microsoft.insights","authorization":{"applicationId":"11c174dc-1945-4a9a-a36b-c79a0f246b9b","roleDefinitionId":"dd9d4347-f397-45f2-b538-85f21c90037b"},"resourceTypes":[{"resourceType":"components","locations":["Central
        US","East US","South Central US","North Europe","West Europe"],"apiVersions":["2015-05-01-privatepreview","2015-05-01","2014-12-01-preview","2014-08-01","2014-04-01"]},{"resourceType":"webtests","locations":["Central
        US","East US","South Central US","North Europe","West Europe"],"apiVersions":["2015-05-01-privatepreview","2015-05-01","2014-08-01","2014-04-01"]},{"resourceType":"queries","locations":["Central
        US","East US","South Central US","North Europe","West Europe"],"apiVersions":["2015-05-01","2014-08-01"]},{"resourceType":"logprofiles","locations":[],"apiVersions":["2016-03-01"]},{"resourceType":"alertrules","locations":["West
        US","East US","North Europe","West Europe","East Asia","Southeast Asia","Japan
        East","Japan West","North Central US","South Central US","East US 2","Central
        US","Australia East","Australia Southeast","Brazil South","UK South","UK West","Canada
        East","Canada Central","West Central US","West US 2"],"apiVersions":["2016-03-01","2015-04-01","2014-04-01"]},{"resourceType":"autoscalesettings","locations":["West
        US","East US","North Europe","West Europe","East Asia","Southeast Asia","Japan
        East","Japan West","North Central US","South Central US","East US 2","Central
        US","Australia East","Australia Southeast","Brazil South","UK South","UK West","Canada
        East","Canada Central","West Central US","West US 2"],"apiVersions":["2015-04-01","2014-04-01"]},{"resourceType":"eventtypes","locations":[],"apiVersions":["2015-04-01","2014-11-01","2014-04-01"]},{"resourceType":"locations","locations":["East
        US"],"apiVersions":["2015-04-01","2014-04-01"]},{"resourceType":"locations/operationResults","locations":[],"apiVersions":["2015-04-01","2014-04-01"]},{"resourceType":"operations","locations":[],"apiVersions":["2015-04-01","2014-06-01","2014-04-01"]},{"resourceType":"automatedExportSettings","locations":["West
        US","East US","North Europe","West Europe","East Asia","Southeast Asia","Japan
        East","Japan West","North Central US","South Central US","East US 2","Central
        US","Australia East","Australia Southeast","Brazil South","UK South","UK West","Canada
        East","Canada Central","West Central US","West US 2"],"apiVersions":["2015-04-01","2014-04-01"]},{"resourceType":"diagnosticSettings","locations":["West
        US","East US","North Europe","West Europe","East Asia","Southeast Asia","Japan
        East","Japan West","North Central US","South Central US","East US 2","Central
        US","Australia East","Australia Southeast","Brazil South","UK South","UK West","Canada
        East","Canada Central","West Central US","West US 2"],"apiVersions":["2015-07-01"]},{"resourceType":"metricDefinitions","locations":["West
        US","East US","North Europe","West Europe","East Asia","Southeast Asia","Japan
        East","Japan West","North Central US","South Central US","East US 2","Central
        US","Australia East","Australia Southeast","Brazil South","UK South","UK West","Canada
        East","Canada Central","West Central US","West US 2"],"apiVersions":["2016-03-01","2015-07-01"]},{"resourceType":"logDefinitions","locations":["West
        US","East US","North Europe","West Europe","East Asia","Southeast Asia","Japan
        East","Japan West","North Central US","South Central US","East US 2","Central
        US","Australia East","Australia Southeast","Brazil South","UK South","UK West","Canada
        East","Canada Central","West Central US","West US 2"],"apiVersions":["2015-07-01"]},{"resourceType":"eventCategories","locations":[],"apiVersions":["2015-04-01"]},{"resourceType":"metrics","locations":["East
        US","West US","West Europe","East Asia","Southeast Asia","Japan East","Japan
        West","North Central US","South Central US","East US 2","Canada East","Canada
        Central","Central US","Australia East","Australia Southeast","Brazil South","North
        Europe","West US 2","West Central US","UK South","UK West"],"apiVersions":["2016-09-01","2016-06-01"]}],"registrationState":"Registered"},{"id":"/subscriptions/azure_subscription_id/providers/Microsoft.KeyVault","namespace":"Microsoft.KeyVault","resourceTypes":[{"resourceType":"vaults","locations":["North
        Central US","East US","North Europe","West Europe","East Asia","Southeast
        Asia","East US 2","Central US","South Central US","West US","Japan East","Japan
        West","Australia East","Australia Southeast","Brazil South","Canada Central","Canada
        East","UK South","UK West","West Central US","West US 2"],"apiVersions":["2015-06-01"]},{"resourceType":"vaults/secrets","locations":["North
        Central US","East US","North Europe","West Europe","East Asia","Southeast
        Asia","East US 2","Central US","South Central US","West US","Japan East","Japan
        West","Australia East","Australia Southeast","Brazil South","Canada Central","Canada
        East","UK South","UK West","West Central US","West US 2"],"apiVersions":["2015-06-01"]},{"resourceType":"vaults/accessPolicies","locations":["North
        Central US","East US","North Europe","West Europe","East Asia","Southeast
        Asia","East US 2","Central US","South Central US","West US","Japan East","Japan
        West","Australia East","Australia Southeast","Brazil South","Canada Central","Canada
        East","UK South","UK West","West Central US","West US 2"],"apiVersions":["2015-06-01"]},{"resourceType":"operations","locations":[],"apiVersions":["2015-06-01","2014-12-19-preview"]},{"resourceType":"checkNameAvailability","locations":[],"apiVersions":["2015-06-01"]}],"registrationState":"Registered"},{"id":"/subscriptions/azure_subscription_id/providers/Microsoft.Network","namespace":"Microsoft.Network","authorization":{"applicationId":"2cf9eb86-36b5-49dc-86ae-9a63135dfa8c","roleDefinitionId":"13ba9ab4-19f0-4804-adc4-14ece36cc7a1"},"resourceTypes":[{"resourceType":"virtualNetworks","locations":["West
        US","East US","North Europe","West Europe","East Asia","Southeast Asia","North
        Central US","South Central US","Central US","East US 2","Japan East","Japan
        West","Brazil South","Australia East","Australia Southeast","Canada Central","Canada
        East","West Central US","West US 2","UK West","UK South"],"apiVersions":["2016-09-01","2016-08-01","2016-07-01","2016-06-01","2016-03-30","2015-06-15","2015-05-01-preview","2014-12-01-preview"]},{"resourceType":"publicIPAddresses","locations":["West
        US","East US","North Europe","West Europe","East Asia","Southeast Asia","North
        Central US","South Central US","Central US","East US 2","Japan East","Japan
        West","Brazil South","Australia East","Australia Southeast","Canada Central","Canada
        East","West Central US","West US 2","UK West","UK South"],"apiVersions":["2016-09-01","2016-08-01","2016-07-01","2016-06-01","2016-03-30","2015-06-15","2015-05-01-preview","2014-12-01-preview"]},{"resourceType":"networkInterfaces","locations":["West
        US","East US","North Europe","West Europe","East Asia","Southeast Asia","North
        Central US","South Central US","Central US","East US 2","Japan East","Japan
        West","Brazil South","Australia East","Australia Southeast","Canada Central","Canada
        East","West Central US","West US 2","UK West","UK South"],"apiVersions":["2016-09-01","2016-08-01","2016-07-01","2016-06-01","2016-03-30","2015-06-15","2015-05-01-preview","2014-12-01-preview"]},{"resourceType":"loadBalancers","locations":["West
        US","East US","North Europe","West Europe","East Asia","Southeast Asia","North
        Central US","South Central US","Central US","East US 2","Japan East","Japan
        West","Brazil South","Australia East","Australia Southeast","Canada Central","Canada
        East","West Central US","West US 2","UK West","UK South"],"apiVersions":["2016-09-01","2016-08-01","2016-07-01","2016-06-01","2016-03-30","2015-06-15","2015-05-01-preview","2014-12-01-preview"]},{"resourceType":"networkSecurityGroups","locations":["West
        US","East US","North Europe","West Europe","East Asia","Southeast Asia","North
        Central US","South Central US","Central US","East US 2","Japan East","Japan
        West","Brazil South","Australia East","Australia Southeast","Canada Central","Canada
        East","West Central US","West US 2","UK West","UK South"],"apiVersions":["2016-09-01","2016-08-01","2016-07-01","2016-06-01","2016-03-30","2015-06-15","2015-05-01-preview","2014-12-01-preview"]},{"resourceType":"routeTables","locations":["West
        US","East US","North Europe","West Europe","East Asia","Southeast Asia","North
        Central US","South Central US","Central US","East US 2","Japan East","Japan
        West","Brazil South","Australia East","Australia Southeast","Canada Central","Canada
        East","West Central US","West US 2","UK West","UK South"],"apiVersions":["2016-09-01","2016-08-01","2016-07-01","2016-06-01","2016-03-30","2015-06-15","2015-05-01-preview","2014-12-01-preview"]},{"resourceType":"virtualNetworkGateways","locations":["West
        US","East US","North Europe","West Europe","East Asia","Southeast Asia","North
        Central US","South Central US","Central US","East US 2","Japan East","Japan
        West","Brazil South","Australia East","Australia Southeast","Canada Central","Canada
        East","West Central US","West US 2","UK West","UK South"],"apiVersions":["2016-09-01","2016-08-01","2016-07-01","2016-06-01","2016-03-30","2015-06-15","2015-05-01-preview","2014-12-01-preview"]},{"resourceType":"localNetworkGateways","locations":["West
        US","East US","North Europe","West Europe","East Asia","Southeast Asia","North
        Central US","South Central US","Central US","East US 2","Japan East","Japan
        West","Brazil South","Australia East","Australia Southeast","Canada Central","Canada
        East","West Central US","West US 2","UK West","UK South"],"apiVersions":["2016-09-01","2016-08-01","2016-07-01","2016-06-01","2016-03-30","2015-06-15","2015-05-01-preview","2014-12-01-preview"]},{"resourceType":"connections","locations":["West
        US","East US","North Europe","West Europe","East Asia","Southeast Asia","North
        Central US","South Central US","Central US","East US 2","Japan East","Japan
        West","Brazil South","Australia East","Australia Southeast","Canada Central","Canada
        East","West Central US","West US 2","UK West","UK South"],"apiVersions":["2016-09-01","2016-08-01","2016-07-01","2016-06-01","2016-03-30","2015-06-15","2015-05-01-preview","2014-12-01-preview"]},{"resourceType":"applicationGateways","locations":["West
        US","East US","North Europe","West Europe","East Asia","Southeast Asia","North
        Central US","South Central US","Central US","East US 2","Japan East","Japan
        West","Brazil South","Australia East","Australia Southeast","Canada Central","Canada
        East","West Central US","West US 2","UK West","UK South"],"apiVersions":["2016-09-01","2016-08-01","2016-07-01","2016-06-01","2016-03-30","2015-06-15","2015-05-01-preview","2014-12-01-preview"]},{"resourceType":"locations","locations":[],"apiVersions":["2016-09-01","2016-08-01","2016-07-01","2016-06-01","2016-03-30","2015-06-15","2015-05-01-preview","2014-12-01-preview"]},{"resourceType":"locations/operations","locations":[],"apiVersions":["2016-09-01","2016-08-01","2016-07-01","2016-06-01","2016-03-30","2015-06-15","2015-05-01-preview","2014-12-01-preview"]},{"resourceType":"locations/operationResults","locations":[],"apiVersions":["2016-09-01","2016-08-01","2016-07-01","2016-06-01","2016-03-30","2015-06-15","2015-05-01-preview","2014-12-01-preview"]},{"resourceType":"locations/CheckDnsNameAvailability","locations":["West
        US","East US","North Europe","West Europe","East Asia","Southeast Asia","North
        Central US","South Central US","Central US","East US 2","Japan East","Japan
        West","Brazil South","Australia East","Australia Southeast","Canada Central","Canada
        East","West Central US","West US 2","UK West","UK South"],"apiVersions":["2016-09-01","2016-08-01","2016-07-01","2016-06-01","2016-03-30","2015-06-15","2015-05-01-preview","2014-12-01-preview"]},{"resourceType":"locations/usages","locations":["West
        US","East US","North Europe","West Europe","East Asia","Southeast Asia","North
        Central US","South Central US","Central US","East US 2","Japan East","Japan
        West","Brazil South","Australia East","Australia Southeast","Canada Central","Canada
        East","West Central US","West US 2","UK West","UK South"],"apiVersions":["2016-09-01","2016-08-01","2016-07-01","2016-06-01","2016-03-30","2015-06-15","2015-05-01-preview","2014-12-01-preview"]},{"resourceType":"operations","locations":[],"apiVersions":["2016-09-01","2016-08-01","2016-07-01","2016-06-01","2016-03-30","2015-06-15","2015-05-01-preview","2014-12-01-preview"]},{"resourceType":"dnszones","locations":["global"],"apiVersions":["2016-04-01","2015-05-04-preview"]},{"resourceType":"dnsOperationResults","locations":["global"],"apiVersions":["2016-04-01"]},{"resourceType":"dnsOperationStatuses","locations":["global"],"apiVersions":["2016-04-01"]},{"resourceType":"dnszones/A","locations":["global"],"apiVersions":["2016-04-01","2015-05-04-preview"]},{"resourceType":"dnszones/AAAA","locations":["global"],"apiVersions":["2016-04-01","2015-05-04-preview"]},{"resourceType":"dnszones/CNAME","locations":["global"],"apiVersions":["2016-04-01","2015-05-04-preview"]},{"resourceType":"dnszones/PTR","locations":["global"],"apiVersions":["2016-04-01","2015-05-04-preview"]},{"resourceType":"dnszones/MX","locations":["global"],"apiVersions":["2016-04-01","2015-05-04-preview"]},{"resourceType":"dnszones/TXT","locations":["global"],"apiVersions":["2016-04-01","2015-05-04-preview"]},{"resourceType":"dnszones/SRV","locations":["global"],"apiVersions":["2016-04-01","2015-05-04-preview"]},{"resourceType":"trafficmanagerprofiles","locations":["global"],"apiVersions":["2015-11-01","2015-04-28-preview"]},{"resourceType":"checkTrafficManagerNameAvailability","locations":["global"],"apiVersions":["2015-11-01","2015-04-28-preview"]},{"resourceType":"expressRouteCircuits","locations":["West
        US","East US","North Europe","West Europe","East Asia","Southeast Asia","North
        Central US","South Central US","Central US","East US 2","Japan East","Japan
        West","Brazil South","Australia East","Australia Southeast","Canada Central","Canada
        East","West Central US","West US 2","UK West","UK South"],"apiVersions":["2016-09-01","2016-08-01","2016-07-01","2016-06-01","2016-03-30","2015-06-15","2015-05-01-preview","2014-12-01-preview"]},{"resourceType":"expressRouteServiceProviders","locations":[],"apiVersions":["2016-09-01","2016-08-01","2016-07-01","2016-06-01","2016-03-30","2015-06-15","2015-05-01-preview","2014-12-01-preview"]}],"registrationState":"Registered"},{"id":"/subscriptions/azure_subscription_id/providers/Microsoft.OperationalInsights","namespace":"Microsoft.OperationalInsights","authorization":{"applicationId":"d2a0a418-0aac-4541-82b2-b3142c89da77","roleDefinitionId":"86695298-2eb9-48a7-9ec3-2fdb38b6878b"},"resourceTypes":[{"resourceType":"workspaces","locations":["East
        US","West Europe","Southeast Asia","Australia Southeast"],"apiVersions":["2015-11-01-preview","2015-03-20"]},{"resourceType":"workspaces/dataSources","locations":["East
        US","West Europe","Southeast Asia","Australia Southeast"],"apiVersions":["2015-11-01-preview"]},{"resourceType":"storageInsightConfigs","locations":[],"apiVersions":["2014-10-10"]},{"resourceType":"workspaces/linkedServices","locations":["East
        US","West Europe","Southeast Asia","Australia Southeast"],"apiVersions":["2015-11-01-preview"]},{"resourceType":"linkTargets","locations":["East
        US"],"apiVersions":["2015-03-20","2014-10-10"]},{"resourceType":"operations","locations":[],"apiVersions":["2014-11-10"]}],"registrationState":"Registered"},{"id":"/subscriptions/azure_subscription_id/providers/Microsoft.ResourceHealth","namespace":"Microsoft.ResourceHealth","authorization":{"applicationId":"8bdebf23-c0fe-4187-a378-717ad86f6a53","roleDefinitionId":"cc026344-c8b1-4561-83ba-59eba84b27cc"},"resourceTypes":[{"resourceType":"availabilityStatuses","locations":[],"apiVersions":["2015-01-01"]}],"registrationState":"Registered"},{"id":"/subscriptions/azure_subscription_id/providers/Microsoft.Security","namespace":"Microsoft.Security","authorization":{"applicationId":"8edd93e1-2103-40b4-bd70-6e34e586362d","roleDefinitionId":"855AF4C4-82F6-414C-B1A2-628025628B9A"},"resourceTypes":[{"resourceType":"securityStatus","locations":["Central
        US","East US"],"apiVersions":["2015-06-01-preview"]},{"resourceType":"securityStatuses","locations":["Central
        US","East US"],"apiVersions":["2015-06-01-preview"]},{"resourceType":"securityStatus/virtualMachines","locations":["Central
        US","East US"],"apiVersions":["2015-06-01-preview"]},{"resourceType":"securityStatus/endpoints","locations":["Central
        US","East US"],"apiVersions":["2015-06-01-preview"]},{"resourceType":"securityStatus/subnets","locations":["Central
        US","East US"],"apiVersions":["2015-06-01-preview"]},{"resourceType":"tasks","locations":["Central
        US","East US"],"apiVersions":["2015-06-01-preview"]},{"resourceType":"alerts","locations":["Central
        US","East US"],"apiVersions":["2015-06-01-preview"]},{"resourceType":"monitoring","locations":["Central
        US","East US"],"apiVersions":["2015-06-01-preview"]},{"resourceType":"monitoring/patch","locations":["Central
        US","East US"],"apiVersions":["2015-06-01-preview"]},{"resourceType":"monitoring/baseline","locations":["Central
        US","East US"],"apiVersions":["2015-06-01-preview"]},{"resourceType":"monitoring/antimalware","locations":["Central
        US","East US"],"apiVersions":["2015-06-01-preview"]},{"resourceType":"dataCollectionAgents","locations":["East
        Asia","Southeast Asia","East US","East US 2","West US","North Central US","South
        Central US","Central US","North Europe","West Europe","Japan East","Japan
        West","Brazil South","Australia East","Australia Southeast","Canada Central","Canada
        East"],"apiVersions":["2015-06-01-preview"]},{"resourceType":"dataCollectionResults","locations":["East
        Asia","Southeast Asia","East US","East US 2","West US","North Central US","South
        Central US","Central US","North Europe","West Europe","Japan East","Japan
        West","Brazil South","Australia East","Australia Southeast","Canada Central","Canada
        East"],"apiVersions":["2015-06-01-preview"]},{"resourceType":"policies","locations":["Central
        US","East US"],"apiVersions":["2015-06-01-preview"]},{"resourceType":"appliances","locations":["Central
        US","East US"],"apiVersions":["2015-06-01-preview"]},{"resourceType":"webApplicationFirewalls","locations":["Central
        US","East US"],"apiVersions":["2015-06-01-preview"]},{"resourceType":"securitySolutions","locations":["Central
        US","East US"],"apiVersions":["2015-06-01-preview"]},{"resourceType":"securitySolutionsReferenceData","locations":["Central
        US","East US"],"apiVersions":["2015-06-01-preview"]}],"registrationState":"Registered"},{"id":"/subscriptions/azure_subscription_id/providers/Microsoft.Sql","namespace":"Microsoft.Sql","authorization":{"applicationId":"e4ab13ed-33cb-41b4-9140-6e264582cf85","roleDefinitionId":"ec3ddc95-44dc-47a2-9926-5e9f5ffd44ec"},"resourceTypes":[{"resourceType":"operations","locations":["East
        US","West US","South Central US","East US 2","Central US","North Central US","East
        Asia","Southeast Asia","Japan West","Japan East","West Europe","North Europe","Brazil
        South","Australia East","Australia Southeast","Canada Central","Canada East","West
        US 2","West Central US","UK South","UK West"],"apiVersions":["2014-04-01-preview","2014-04-01","2014-01-01"]},{"resourceType":"locations","locations":["East
        US","West US","South Central US","East US 2","Central US","North Central US","East
        Asia","Southeast Asia","Japan West","Japan East","West Europe","North Europe","Brazil
        South","Australia East","Australia Southeast","Canada Central","Canada East","West
        US 2","West Central US","UK South","UK West"],"apiVersions":["2014-04-01-preview","2014-04-01","2014-01-01"]},{"resourceType":"locations/capabilities","locations":["East
        US","West US","South Central US","East US 2","Central US","North Central US","East
        Asia","Southeast Asia","Japan West","Japan East","West Europe","North Europe","Brazil
        South","Australia East","Australia Southeast","Canada Central","Canada East","West
        US 2","West Central US","UK South","UK West"],"apiVersions":["2014-04-01-preview","2014-04-01","2014-01-01"]},{"resourceType":"checkNameAvailability","locations":["East
        US","West US","South Central US","East US 2","Central US","North Central US","East
        Asia","Southeast Asia","Japan West","Japan East","West Europe","North Europe","Brazil
        South","Australia East","Australia Southeast","Canada Central","Canada East","West
        US 2","West Central US","UK South","UK West"],"apiVersions":["2014-04-01-preview","2014-04-01","2014-01-01"]},{"resourceType":"servers","locations":["Central
        US","East US","West US","South Central US","East US 2","North Central US","East
        Asia","Southeast Asia","Japan West","Japan East","North Europe","West Europe","Brazil
        South","Australia East","Australia Southeast","Canada Central","Canada East","West
        US 2","West Central US","UK South","UK West"],"apiVersions":["2014-04-01-preview","2014-04-01","2014-01-01"]},{"resourceType":"servers/databases","locations":["East
        US","West US","South Central US","East US 2","Central US","North Central US","East
        Asia","Southeast Asia","Japan West","Japan East","West Europe","North Europe","Brazil
        South","Australia East","Australia Southeast","Canada Central","Canada East","West
        US 2","West Central US","UK South","UK West"],"apiVersions":["2015-05-01-preview","2015-01-01","2014-04-01-preview","2014-04-01","2014-01-01"]},{"resourceType":"servers/serviceObjectives","locations":["East
        US","West US","South Central US","East US 2","Central US","North Central US","East
        Asia","Southeast Asia","Japan West","Japan East","West Europe","North Europe","Brazil
        South","Australia East","Australia Southeast","Canada Central","Canada East","West
        US 2","West Central US","UK South","UK West"],"apiVersions":["2014-04-01-preview","2014-04-01","2014-01-01"]},{"resourceType":"servers/communicationLinks","locations":["East
        US","West US","South Central US","East US 2","Central US","North Central US","East
        Asia","Southeast Asia","Japan West","Japan East","West Europe","North Europe","Brazil
        South","Australia East","Australia Southeast","Canada Central","Canada East","West
        US 2","West Central US","UK South","UK West"],"apiVersions":["2014-04-01-preview","2014-04-01","2014-01-01"]},{"resourceType":"servers/administrators","locations":["East
        US","West US","South Central US","East US 2","Central US","North Central US","East
        Asia","Southeast Asia","Japan West","Japan East","West Europe","North Europe","Brazil
        South","Australia East","Australia Southeast","Canada Central","Canada East","West
        US 2","West Central US","UK South","UK West"],"apiVersions":["2014-04-01-preview","2014-04-01","2014-01-01"]},{"resourceType":"servers/administratorOperationResults","locations":["East
        US","West US","South Central US","East US 2","Central US","North Central US","East
        Asia","Southeast Asia","Japan West","Japan East","West Europe","North Europe","Brazil
        South","Australia East","Australia Southeast","Canada Central","Canada East","West
        US 2","West Central US","UK South","UK West"],"apiVersions":["2014-04-01-preview","2014-04-01","2014-01-01"]},{"resourceType":"servers/restorableDroppedDatabases","locations":["East
        US","West US","South Central US","East US 2","Central US","North Central US","East
        Asia","Southeast Asia","Japan West","Japan East","West Europe","North Europe","Brazil
        South","Australia East","Australia Southeast","Canada Central","Canada East","West
        US 2","West Central US","UK South","UK West"],"apiVersions":["2014-04-01-preview","2014-04-01","2014-01-01"]},{"resourceType":"servers/recoverableDatabases","locations":["East
        US","West US","South Central US","East US 2","Central US","North Central US","East
        Asia","Southeast Asia","Japan West","Japan East","West Europe","North Europe","Brazil
        South","Australia East","Australia Southeast","Canada Central","Canada East","West
        US 2","West Central US","UK South","UK West"],"apiVersions":["2014-04-01-preview","2014-04-01","2014-01-01"]},{"resourceType":"servers/backupLongTermRetentionVaults","locations":["East
        US","West US","South Central US","East US 2","Central US","North Central US","East
        Asia","Southeast Asia","Japan West","Japan East","West Europe","North Europe","Brazil
        South","Australia East","Australia Southeast","Canada Central","Canada East","West
        US 2","West Central US","UK South","UK West"],"apiVersions":["2014-04-01-preview","2014-04-01","2014-01-01"]},{"resourceType":"servers/import","locations":["East
        US","West US","South Central US","East US 2","Central US","North Central US","East
        Asia","Southeast Asia","Japan West","Japan East","West Europe","North Europe","Brazil
        South","Australia East","Australia Southeast","Canada Central","Canada East","West
        US 2","West Central US","UK South","UK West"],"apiVersions":["2014-04-01-preview","2014-04-01","2014-01-01"]},{"resourceType":"servers/importExportOperationResults","locations":["East
        US","West US","South Central US","East US 2","Central US","North Central US","East
        Asia","Southeast Asia","Japan West","Japan East","West Europe","North Europe","Brazil
        South","Australia East","Australia Southeast","Canada Central","Canada East","West
        US 2","West Central US","UK South","UK West"],"apiVersions":["2014-04-01-preview","2014-04-01","2014-01-01"]},{"resourceType":"servers/operationResults","locations":["East
        US","West US","South Central US","East US 2","Central US","North Central US","East
        Asia","Southeast Asia","Japan West","Japan East","West Europe","North Europe","Brazil
        South","Australia East","Australia Southeast","Canada Central","Canada East","West
        US 2","West Central US","UK South","UK West"],"apiVersions":["2014-04-01-preview","2014-04-01","2014-01-01"]},{"resourceType":"servers/firewallrules","locations":["East
        US","West US","South Central US","East US 2","Central US","North Central US","East
        Asia","Southeast Asia","Japan West","Japan East","West Europe","North Europe","Brazil
        South","Australia East","Australia Southeast","Canada Central","Canada East","West
        US 2","West Central US","UK South","UK West"],"apiVersions":["2014-04-01-preview","2014-04-01","2014-01-01"]},{"resourceType":"servers/databaseSecurityPolicies","locations":["East
        US","West US","South Central US","East US 2","Central US","North Central US","East
        Asia","Southeast Asia","Japan West","Japan East","West Europe","North Europe","Brazil
        South","Australia East","Australia Southeast","Canada Central","Canada East","West
        US 2","West Central US","UK South","UK West"],"apiVersions":["2014-04-01-preview","2014-04-01","2014-01-01"]},{"resourceType":"servers/auditingPolicies","locations":["East
        US","West US","South Central US","East US 2","Central US","North Central US","East
        Asia","Southeast Asia","Japan West","Japan East","West Europe","North Europe","Brazil
        South","Australia East","Australia Southeast","Canada Central","Canada East","West
        US 2","West Central US","UK South","UK West"],"apiVersions":["2014-04-01-preview","2014-04-01","2014-01-01"]},{"resourceType":"servers/recommendedElasticPools","locations":["East
        US","West US","South Central US","East US 2","Central US","North Central US","East
        Asia","Southeast Asia","Japan West","Japan East","West Europe","North Europe","Brazil
        South","Australia East","Australia Southeast","Canada Central","Canada East","West
        US 2","West Central US","UK South","UK West"],"apiVersions":["2014-04-01-preview","2014-04-01","2014-01-01"]},{"resourceType":"servers/databases/auditingPolicies","locations":["East
        US","West US","South Central US","East US 2","Central US","North Central US","East
        Asia","Southeast Asia","Japan West","Japan East","West Europe","North Europe","Brazil
        South","Australia East","Australia Southeast","Canada Central","Canada East","West
        US 2","West Central US","UK South","UK West"],"apiVersions":["2014-04-01-preview","2014-04-01","2014-01-01"]},{"resourceType":"servers/databases/connectionPolicies","locations":["East
        US","West US","South Central US","East US 2","Central US","North Central US","East
        Asia","Southeast Asia","Japan West","Japan East","West Europe","North Europe","Brazil
        South","Australia East","Australia Southeast","Canada Central","Canada East","West
        US 2","West Central US","UK South","UK West"],"apiVersions":["2014-04-01-preview","2014-04-01","2014-01-01"]},{"resourceType":"servers/connectionPolicies","locations":["East
        US","West US","South Central US","East US 2","Central US","North Central US","East
        Asia","Southeast Asia","Japan West","Japan East","West Europe","North Europe","Brazil
        South","Australia East","Australia Southeast","Canada Central","Canada East","West
        US 2","West Central US","UK South","UK West"],"apiVersions":["2014-04-01-preview","2014-04-01","2014-01-01"]},{"resourceType":"servers/databases/dataMaskingPolicies","locations":["East
        US","West US","South Central US","East US 2","Central US","North Central US","East
        Asia","Southeast Asia","Japan West","Japan East","West Europe","North Europe","Brazil
        South","Australia East","Australia Southeast","Canada Central","Canada East","West
        US 2","West Central US","UK South","UK West"],"apiVersions":["2014-04-01-preview","2014-04-01","2014-01-01"]},{"resourceType":"servers/databases/dataMaskingPolicies/rules","locations":["East
        US","West US","South Central US","East US 2","Central US","North Central US","East
        Asia","Southeast Asia","Japan West","Japan East","West Europe","North Europe","Brazil
        South","Australia East","Australia Southeast","Canada Central","Canada East","West
        US 2","West Central US","UK South","UK West"],"apiVersions":["2014-04-01-preview","2014-04-01","2014-01-01"]},{"resourceType":"servers/databases/securityAlertPolicies","locations":["West
        Europe","West US","South Central US","East US 2","Central US","North Central
        US","East US","East Asia","Southeast Asia","Japan West","Japan East","North
        Europe","Brazil South","Australia East","Australia Southeast","Canada Central","Canada
        East","West US 2","West Central US","UK South","UK West"],"apiVersions":["2014-04-01-preview","2014-04-01","2014-01-01"]},{"resourceType":"servers/securityAlertPolicies","locations":["West
        US","South Central US","East US 2","Central US","North Central US","East US","East
        Asia","Southeast Asia","Japan West","Japan East","North Europe","West Europe","Brazil
        South","Australia East","Australia Southeast","Canada Central","Canada East","West
        US 2","West Central US","UK South","UK West"],"apiVersions":["2015-05-01-preview"]},{"resourceType":"servers/databases/auditingSettings","locations":["West
        US","South Central US","East US 2","Central US","North Central US","East US","East
        Asia","Southeast Asia","Japan West","Japan East","North Europe","West Europe","Brazil
        South","Australia East","Australia Southeast","Canada Central","Canada East","West
        US 2","West Central US","UK South","UK West"],"apiVersions":["2015-05-01-preview"]},{"resourceType":"servers/auditingSettings","locations":["West
        US","South Central US","East US 2","Central US","North Central US","East US","East
        Asia","Southeast Asia","Japan West","Japan East","North Europe","West Europe","Brazil
        South","Australia East","Australia Southeast","Canada Central","Canada East","West
        US 2","West Central US","UK South","UK West"],"apiVersions":["2015-05-01-preview"]},{"resourceType":"servers/resourcepools","locations":["East
        US","West US","South Central US","East US 2","Central US","North Central US","East
        Asia","Southeast Asia","Japan West","Japan East","West Europe","North Europe","Brazil
        South","Australia East","Australia Southeast","Canada Central","Canada East","West
        US 2","West Central US","UK South","UK West"],"apiVersions":["2014-04-01-preview","2014-04-01","2014-01-01"]},{"resourceType":"servers/elasticpools","locations":["East
        US","West US","South Central US","East US 2","Central US","North Central US","East
        Asia","Southeast Asia","Japan West","Japan East","West Europe","North Europe","Brazil
        South","Australia East","Australia Southeast","Canada Central","Canada East","West
        US 2","West Central US","UK South","UK West"],"apiVersions":["2014-04-01-preview","2014-04-01","2014-01-01"]},{"resourceType":"servers/disasterRecoveryConfiguration","locations":["East
        US","West US","South Central US","East US 2","Central US","North Central US","East
        Asia","Southeast Asia","Japan West","Japan East","West Europe","North Europe","Brazil
        South","Australia East","Australia Southeast","Canada Central","Canada East","West
        US 2","West Central US","UK South","UK West"],"apiVersions":["2014-04-01-preview","2014-04-01","2014-01-01"]},{"resourceType":"servers/usages","locations":["East
        US","West US","South Central US","East US 2","Central US","North Central US","East
        Asia","Southeast Asia","Japan West","Japan East","West Europe","North Europe","Brazil
        South","Australia East","Australia Southeast","Canada Central","Canada East","West
        US 2","West Central US","UK South","UK West"],"apiVersions":["2014-04-01-preview","2014-04-01","2014-01-01"]},{"resourceType":"servers/databases/metricDefinitions","locations":["East
        US","West US","South Central US","East US 2","Central US","North Central US","East
        Asia","Southeast Asia","Japan West","Japan East","West Europe","North Europe","Brazil
        South","Australia East","Australia Southeast","Canada Central","Canada East","West
        US 2","West Central US","UK South","UK West"],"apiVersions":["2014-04-01-preview","2014-04-01","2014-01-01"]},{"resourceType":"servers/databases/metrics","locations":["East
        US","West US","South Central US","East US 2","Central US","North Central US","East
        Asia","Southeast Asia","Japan West","Japan East","West Europe","North Europe","Brazil
        South","Australia East","Australia Southeast","Canada Central","Canada East","West
        US 2","West Central US","UK South","UK West"],"apiVersions":["2014-04-01-preview","2014-04-01","2014-01-01"]},{"resourceType":"servers/aggregatedDatabaseMetrics","locations":["East
        US","West US","South Central US","East US 2","Central US","North Central US","East
        Asia","Southeast Asia","Japan West","Japan East","West Europe","North Europe","Brazil
        South","Australia East","Australia Southeast","Canada Central","Canada East","West
        US 2","West Central US","UK South","UK West"],"apiVersions":["2014-04-01-preview","2014-04-01","2014-01-01"]},{"resourceType":"servers/elasticpools/metrics","locations":["East
        US","West US","South Central US","East US 2","Central US","North Central US","East
        Asia","Southeast Asia","Japan West","Japan East","West Europe","North Europe","Brazil
        South","Australia East","Australia Southeast","Canada Central","Canada East","West
        US 2","West Central US","UK South","UK West"],"apiVersions":["2014-04-01-preview","2014-04-01","2014-01-01"]},{"resourceType":"servers/elasticpools/metricdefinitions","locations":["East
        US","West US","South Central US","East US 2","Central US","North Central US","East
        Asia","Southeast Asia","Japan West","Japan East","West Europe","North Europe","Brazil
        South","Australia East","Australia Southeast","Canada Central","Canada East","West
        US 2","West Central US","UK South","UK West"],"apiVersions":["2014-04-01-preview","2014-04-01","2014-01-01"]},{"resourceType":"servers/databases/topQueries","locations":["East
        US","West US","South Central US","East US 2","Central US","North Central US","East
        Asia","Southeast Asia","Japan West","Japan East","West Europe","North Europe","Brazil
        South","Australia East","Australia Southeast","Canada Central","Canada East","West
        US 2","West Central US","UK South","UK West"],"apiVersions":["2014-04-01-preview","2014-04-01","2014-01-01"]},{"resourceType":"servers/databases/topQueries/queryText","locations":["East
        US","West US","South Central US","East US 2","Central US","North Central US","East
        Asia","Southeast Asia","Japan West","Japan East","West Europe","North Europe","Brazil
        South","Australia East","Australia Southeast","Canada Central","Canada East","West
        US 2","West Central US","UK South","UK West"],"apiVersions":["2014-04-01-preview","2014-04-01","2014-01-01"]},{"resourceType":"servers/advisors","locations":["East
        US","West US","South Central US","East US 2","Central US","North Central US","East
        Asia","Southeast Asia","Japan West","Japan East","West Europe","North Europe","Brazil
        South","Australia East","Australia Southeast","Canada Central","Canada East","West
        US 2","West Central US","UK South","UK West"],"apiVersions":["2015-05-01-preview","2014-04-01-preview","2014-04-01","2014-01-01"]},{"resourceType":"servers/elasticPools/advisors","locations":["East
        US","West US","South Central US","East US 2","Central US","North Central US","East
        Asia","Southeast Asia","Japan West","Japan East","West Europe","North Europe","Brazil
        South","Australia East","Australia Southeast","Canada Central","Canada East","West
        US 2","West Central US","UK South","UK West"],"apiVersions":["2015-05-01-preview","2014-04-01-preview","2014-04-01","2014-01-01"]},{"resourceType":"servers/databases/advisors","locations":["East
        US","West US","South Central US","East US 2","Central US","North Central US","East
        Asia","Southeast Asia","Japan West","Japan East","West Europe","North Europe","Brazil
        South","Australia East","Australia Southeast","Canada Central","Canada East","West
        US 2","West Central US","UK South","UK West"],"apiVersions":["2015-05-01-preview","2014-04-01-preview","2014-04-01","2014-01-01"]},{"resourceType":"servers/databases/extensions","locations":["East
        US","West US","South Central US","East US 2","Central US","North Central US","East
        Asia","Southeast Asia","Japan West","Japan East","West Europe","North Europe","Brazil
        South","Australia East","Australia Southeast","Canada Central","Canada East","West
        US 2","West Central US","UK South","UK West"],"apiVersions":["2014-04-01-preview","2014-04-01","2014-01-01"]},{"resourceType":"servers/elasticPoolEstimates","locations":["East
        US","West US","South Central US","East US 2","Central US","North Central US","East
        Asia","Southeast Asia","Japan West","Japan East","West Europe","North Europe","Brazil
        South","Australia East","Australia Southeast","Canada Central","Canada East","West
        US 2","West Central US","UK South","UK West"],"apiVersions":["2015-05-01-preview"]},{"resourceType":"servers/databases/auditRecords","locations":["West
        US","South Central US","East US 2","Central US","North Central US","East US","East
        Asia","Southeast Asia","Japan West","Japan East","North Europe","West Europe","Brazil
        South","Australia East","Australia Southeast","Canada Central","Canada East","West
        US 2","West Central US","UK South","UK West"],"apiVersions":["2015-05-01-preview"]}],"registrationState":"Registered"},{"id":"/subscriptions/azure_subscription_id/providers/Microsoft.Storage","namespace":"Microsoft.Storage","resourceTypes":[{"resourceType":"storageAccounts","locations":["East
        US","East US 2","West US","West Europe","East Asia","Southeast Asia","Japan
        East","Japan West","North Central US","South Central US","Central US","North
        Europe","Brazil South","Australia East","Australia Southeast","Canada East","Canada
        Central","West US 2","West Central US","UK South","UK West"],"apiVersions":["2016-05-01","2016-01-01","2015-06-15","2015-05-01-preview"]},{"resourceType":"operations","locations":[],"apiVersions":["2016-05-01","2016-01-01","2015-06-15","2015-05-01-preview"]},{"resourceType":"storageAccounts/listAccountSas","locations":[],"apiVersions":["2016-05-01"]},{"resourceType":"usages","locations":[],"apiVersions":["2016-05-01","2016-01-01","2015-06-15","2015-05-01-preview"]},{"resourceType":"checkNameAvailability","locations":[],"apiVersions":["2016-05-01","2016-01-01","2015-06-15","2015-05-01-preview"]},{"resourceType":"storageAccounts/services","locations":["East
        US","West US","West Europe","North Europe","East Asia","Southeast Asia","Japan
        East","Japan West","North Central US","South Central US","East US 2","Central
        US","Australia East","Australia Southeast","Brazil South","Canada East","Canada
        Central","West US 2","West Central US","UK South","UK West"],"apiVersions":["2014-04-01"]},{"resourceType":"storageAccounts/services/metricDefinitions","locations":["East
        US","West US","West Europe","North Europe","East Asia","Southeast Asia","Japan
        East","Japan West","North Central US","South Central US","East US 2","Central
        US","Australia East","Australia Southeast","Brazil South","Canada East","Canada
        Central","West US 2","West Central US","UK South","UK West"],"apiVersions":["2014-04-01"]}],"registrationState":"Registered"},{"id":"/subscriptions/azure_subscription_id/providers/Microsoft.Web","namespace":"Microsoft.Web","authorization":{"applicationId":"abfa0a7c-a6b6-4736-8310-5855508787cd","roleDefinitionId":"f47ed98b-b063-4a5b-9e10-4b9b44fa7735"},"resourceTypes":[{"resourceType":"sites/extensions","locations":["South
        Central US","North Europe","West Europe","Southeast Asia","West US","East
        US","Japan West","Japan East","East Asia","East US 2","North Central US","Central
        US","Brazil South","Australia East","Australia Southeast","Canada Central","Canada
        East","West Central US","UK West","UK South","West US 2"],"apiVersions":["2016-08-01","2016-03-01","2015-08-01","2015-07-01","2015-06-01","2015-05-01","2015-04-01","2015-02-01","2014-11-01","2014-06-01","2014-04-01-preview","2014-04-01"]},{"resourceType":"sites/slots/extensions","locations":["South
        Central US","North Europe","West Europe","Southeast Asia","West US","East
        US","Japan West","Japan East","East Asia","East US 2","North Central US","Central
        US","Brazil South","Australia East","Australia Southeast","Canada Central","Canada
        East","West Central US","UK West","UK South","West US 2"],"apiVersions":["2016-08-01","2016-03-01","2015-08-01","2015-07-01","2015-06-01","2015-05-01","2015-04-01","2015-02-01","2014-11-01","2014-06-01","2014-04-01-preview","2014-04-01"]},{"resourceType":"sites/instances","locations":["South
        Central US","North Europe","West Europe","Southeast Asia","West US","East
        US","Japan West","Japan East","East Asia","East US 2","North Central US","Central
        US","Brazil South","Australia East","Australia Southeast","Canada Central","Canada
        East","West Central US","UK West","UK South","West US 2"],"apiVersions":["2016-08-01","2016-03-01","2015-08-01","2015-07-01","2015-06-01","2015-05-01","2015-04-01","2015-02-01","2014-11-01","2014-06-01","2014-04-01-preview","2014-04-01"]},{"resourceType":"sites/slots/instances","locations":["South
        Central US","North Europe","West Europe","Southeast Asia","West US","East
        US","Japan West","Japan East","East Asia","East US 2","North Central US","Central
        US","Brazil South","Australia East","Australia Southeast","Canada Central","Canada
        East","West Central US","UK West","UK South","West US 2"],"apiVersions":["2016-08-01","2016-03-01","2015-08-01","2015-07-01","2015-06-01","2015-05-01","2015-04-01","2015-02-01","2014-11-01","2014-06-01","2014-04-01-preview","2014-04-01"]},{"resourceType":"sites/instances/extensions","locations":["South
        Central US","North Europe","West Europe","Southeast Asia","West US","East
        US","Japan West","Japan East","East Asia","East US 2","North Central US","Central
        US","Brazil South","Australia East","Australia Southeast","Canada Central","Canada
        East","West Central US","UK West","UK South","West US 2"],"apiVersions":["2016-08-01","2016-03-01","2015-08-01","2015-07-01","2015-06-01","2015-05-01","2015-04-01","2015-02-01","2014-11-01","2014-06-01","2014-04-01-preview","2014-04-01"]},{"resourceType":"sites/slots/instances/extensions","locations":["South
        Central US","North Europe","West Europe","Southeast Asia","West US","East
        US","Japan West","Japan East","East Asia","East US 2","North Central US","Central
        US","Brazil South","Australia East","Australia Southeast","Canada Central","Canada
        East","West Central US","UK West","UK South","West US 2"],"apiVersions":["2016-08-01","2016-03-01","2015-08-01","2015-07-01","2015-06-01","2015-05-01","2015-04-01","2015-02-01","2014-11-01","2014-06-01","2014-04-01-preview","2014-04-01"]},{"resourceType":"publishingUsers","locations":["South
        Central US","North Europe","West Europe","Southeast Asia","West US","East
        US","Japan West","Japan East","East Asia","East US 2","North Central US","Central
        US","Brazil South","Australia East","Australia Southeast","Canada Central","Canada
        East","West Central US","UK West","UK South","West US 2"],"apiVersions":["2016-03-01","2015-08-01","2015-07-01","2015-06-01","2015-05-01","2015-04-01","2015-02-01","2014-11-01","2014-06-01","2014-04-01-preview","2014-04-01"]},{"resourceType":"ishostnameavailable","locations":["South
        Central US","North Europe","West Europe","Southeast Asia","West US","East
        US","Japan West","Japan East","East Asia","East US 2","North Central US","Central
        US","Brazil South","Australia East","Australia Southeast","Canada Central","Canada
        East","West Central US","UK West","UK South","West US 2"],"apiVersions":["2016-03-01","2015-08-01","2015-07-01","2015-06-01","2015-05-01","2015-04-01","2015-02-01","2014-11-01","2014-06-01","2014-04-01-preview","2014-04-01"]},{"resourceType":"validate","locations":["South
        Central US","North Europe","West Europe","Southeast Asia","West US","East
        US","Japan West","Japan East","East Asia","East US 2","North Central US","Central
        US","Brazil South","Australia East","Australia Southeast","Canada Central","Canada
        East","West Central US","West US 2"],"apiVersions":["2016-03-01","2015-08-01","2015-07-01","2015-06-01","2015-05-01","2015-04-01","2015-02-01","2014-11-01","2014-06-01","2014-04-01-preview","2014-04-01"]},{"resourceType":"isusernameavailable","locations":["South
        Central US","North Europe","West Europe","Southeast Asia","West US","East
        US","Japan West","Japan East","East Asia","East US 2","North Central US","Central
        US","Brazil South","Australia East","Australia Southeast","Canada Central","Canada
        East","West Central US","UK West","UK South","West US 2"],"apiVersions":["2016-03-01","2015-08-01","2015-07-01","2015-06-01","2015-05-01","2015-04-01","2015-02-01","2014-11-01","2014-06-01","2014-04-01-preview","2014-04-01"]},{"resourceType":"sourceControls","locations":["South
        Central US","North Europe","West Europe","Southeast Asia","West US","East
        US","Japan West","Japan East","East Asia","East US 2","North Central US","Central
        US","Brazil South","Australia East","Australia Southeast","Canada Central","Canada
        East","West Central US","UK West","UK South","West US 2"],"apiVersions":["2016-03-01","2015-08-01","2015-07-01","2015-06-01","2015-05-01","2015-04-01","2015-02-01","2014-11-01","2014-06-01","2014-04-01-preview","2014-04-01"]},{"resourceType":"availableStacks","locations":["South
        Central US","North Europe","West Europe","Southeast Asia","West US","East
        US","Japan West","Japan East","East Asia","East US 2","North Central US","Central
        US","Brazil South","Australia East","Australia Southeast","Canada Central","Canada
        East","West Central US","UK West","UK South","West US 2"],"apiVersions":["2016-03-01","2015-08-01","2015-07-01","2015-06-01","2015-05-01","2015-04-01","2015-02-01","2014-11-01","2014-06-01","2014-04-01-preview","2014-04-01"]},{"resourceType":"listSitesAssignedToHostName","locations":["South
        Central US","North Europe","West Europe","Southeast Asia","West US","East
        US","Japan West","Japan East","East Asia","East US 2","North Central US","Central
        US","Brazil South","Australia East","Australia Southeast","Canada Central","Canada
        East","West Central US","UK West","UK South","West US 2"],"apiVersions":["2016-03-01","2015-08-01","2015-07-01","2015-06-01","2015-05-01","2015-04-01","2015-02-01"]},{"resourceType":"sites/hostNameBindings","locations":["South
        Central US","North Europe","West Europe","Southeast Asia","West US","East
        US","Japan West","Japan East","East Asia","East US 2","North Central US","Central
        US","Brazil South","Australia East","Australia Southeast","Canada Central","Canada
        East","West Central US","UK West","UK South","West US 2"],"apiVersions":["2016-08-01","2016-03-01","2015-08-01","2015-07-01","2015-06-01","2015-05-01","2015-04-01","2015-02-01"]},{"resourceType":"sites/domainOwnershipIdentifiers","locations":["South
        Central US","North Europe","West Europe","Southeast Asia","West US","East
        US","Japan West","Japan East","East Asia","East US 2","North Central US","Central
        US","Brazil South","Australia East","Australia Southeast","Canada Central","Canada
        East","West Central US","UK West","UK South","West US 2"],"apiVersions":["2016-08-01","2016-03-01","2015-08-01","2015-07-01","2015-06-01","2015-05-01","2015-04-01","2015-02-01"]},{"resourceType":"sites/slots/hostNameBindings","locations":["South
        Central US","North Europe","West Europe","Southeast Asia","West US","East
        US","Japan West","Japan East","East Asia","East US 2","North Central US","Central
        US","Brazil South","Australia East","Australia Southeast","Canada Central","Canada
        East","West Central US","UK West","UK South","West US 2"],"apiVersions":["2016-08-01","2016-03-01","2015-08-01","2015-07-01","2015-06-01","2015-05-01","2015-04-01","2015-02-01"]},{"resourceType":"operations","locations":["South
        Central US","North Europe","West Europe","Southeast Asia","West US","East
        US","Japan West","Japan East","East Asia","East US 2","North Central US","Central
        US","Brazil South","Australia East","Australia Southeast","Canada Central","Canada
        East","West Central US","UK West","UK South","West US 2"],"apiVersions":["2016-03-01","2015-08-01","2015-07-01","2015-06-01","2015-05-01","2015-04-01","2015-02-01","2014-11-01","2014-06-01","2014-04-01-preview","2014-04-01"]},{"resourceType":"certificates","locations":["South
        Central US","North Europe","West Europe","Southeast Asia","West US","East
        US","Japan West","Japan East","East Asia","East US 2","North Central US","Central
        US","Brazil South","Australia East","Australia Southeast","Canada Central","Canada
        East","West Central US","UK West","UK South","West US 2"],"apiVersions":["2016-03-01","2015-08-01-preview","2015-08-01","2015-07-01","2015-06-01","2015-05-01","2015-04-01","2015-02-01","2014-11-01","2014-06-01","2014-04-01-preview","2014-04-01"]},{"resourceType":"serverFarms","locations":["South
        Central US","North Europe","West Europe","Southeast Asia","West US","East
        US","Japan West","Japan East","East Asia","East US 2","North Central US","Central
        US","Brazil South","Australia East","Australia Southeast","Canada Central","Canada
        East","West Central US","UK West","UK South","West US 2"],"apiVersions":["2016-09-01","2016-03-01","2015-08-01","2015-07-01","2015-06-01","2015-05-01","2015-04-01","2015-02-01","2014-11-01","2014-06-01","2014-04-01-preview","2014-04-01"]},{"resourceType":"serverFarms/workers","locations":["South
        Central US","North Europe","West Europe","Southeast Asia","West US","East
        US","Japan West","Japan East","East Asia","East US 2","North Central US","Central
        US","Brazil South","Australia East","Australia Southeast","Canada Central","Canada
        East","West Central US","UK West","UK South","West US 2"],"apiVersions":["2016-03-01","2015-08-01","2015-07-01","2015-06-01","2015-05-01","2015-04-01","2015-02-01","2014-11-01","2014-06-01","2014-04-01-preview","2014-04-01"]},{"resourceType":"sites","locations":["South
        Central US","North Europe","West Europe","Southeast Asia","West US","East
        US","Japan West","Japan East","East Asia","East US 2","North Central US","Central
        US","Brazil South","Australia East","Australia Southeast","Canada Central","Canada
        East","West Central US","UK West","UK South","West US 2"],"apiVersions":["2016-08-01","2016-03-01","2015-08-01-preview","2015-08-01","2015-07-01","2015-06-01","2015-05-01","2015-04-01","2015-02-01","2014-11-01","2014-06-01","2014-04-01-preview","2014-04-01"]},{"resourceType":"sites/slots","locations":["South
        Central US","North Europe","West Europe","Southeast Asia","West US","East
        US","Japan West","Japan East","East Asia","East US 2","North Central US","Central
        US","Brazil South","Australia East","Australia Southeast","Canada Central","Canada
        East","West Central US","UK West","UK South","West US 2"],"apiVersions":["2016-08-01","2016-03-01","2015-08-01","2015-07-01","2015-06-01","2015-05-01","2015-04-01","2015-02-01","2014-11-01","2014-06-01","2014-04-01-preview","2014-04-01"]},{"resourceType":"runtimes","locations":[],"apiVersions":["2016-03-01","2015-08-01","2015-07-01","2015-06-01","2015-05-01","2015-04-01","2015-02-01","2014-11-01","2014-06-01","2014-04-01"]},{"resourceType":"sites/metrics","locations":[],"apiVersions":["2014-04-01"]},{"resourceType":"sites/metricDefinitions","locations":[],"apiVersions":["2014-04-01"]},{"resourceType":"sites/slots/metrics","locations":[],"apiVersions":["2014-04-01"]},{"resourceType":"sites/slots/metricDefinitions","locations":[],"apiVersions":["2014-04-01"]},{"resourceType":"serverFarms/metrics","locations":[],"apiVersions":["2014-04-01"]},{"resourceType":"serverFarms/metricDefinitions","locations":[],"apiVersions":["2014-04-01"]},{"resourceType":"sites/recommendations","locations":[],"apiVersions":["2016-08-01","2016-03-01","2015-08-01","2015-07-01","2015-06-01","2015-05-01","2015-04-01","2015-02-01","2014-11-01","2014-06-01","2014-04-01-preview","2014-04-01"]},{"resourceType":"recommendations","locations":[],"apiVersions":["2016-03-01","2015-08-01","2015-07-01","2015-06-01","2015-05-01","2015-04-01","2015-02-01","2014-11-01","2014-06-01","2014-04-01-preview","2014-04-01"]},{"resourceType":"georegions","locations":[],"apiVersions":["2016-03-01","2015-08-01","2015-07-01","2015-06-01","2015-05-01","2015-04-01","2015-02-01","2014-11-01","2014-06-01","2014-04-01-preview","2014-04-01"]},{"resourceType":"sites/premieraddons","locations":["South
        Central US","North Europe","West Europe","Southeast Asia","West US","East
        US","Japan West","Japan East","East Asia","East US 2","North Central US","Central
        US","Brazil South","Australia East","Australia Southeast","Canada Central","Canada
        East","West Central US","UK West","UK South","West US 2"],"apiVersions":["2016-03-01","2015-08-01","2015-07-01","2015-06-01","2015-05-01","2015-04-01"]},{"resourceType":"hostingEnvironments","locations":["South
        Central US","North Europe","West Europe","Southeast Asia","West US","East
        US","Japan West","Japan East","East Asia","East US 2","North Central US","Central
        US","Brazil South","Australia East","Australia Southeast","Canada Central","Canada
        East","West Central US","UK West","UK South","West US 2"],"apiVersions":["2016-09-01","2016-03-01","2015-08-01","2015-07-01","2015-06-01","2015-05-01","2015-04-01","2015-02-01","2014-11-01","2014-06-01","2014-04-01"]},{"resourceType":"hostingEnvironments/multiRolePools","locations":["South
        Central US","North Europe","West Europe","Southeast Asia","West US","East
        US","Japan West","Japan East","East Asia","East US 2","North Central US","Central
        US","Brazil South","Australia East","Australia Southeast","Canada Central","Canada
        East","West Central US","UK West","UK South","West US 2"],"apiVersions":["2016-09-01","2016-03-01","2015-08-01","2015-07-01","2015-06-01","2015-05-01","2015-04-01","2015-02-01","2014-11-01","2014-06-01","2014-04-01"]},{"resourceType":"hostingEnvironments/workerPools","locations":["South
        Central US","North Europe","West Europe","Southeast Asia","West US","East
        US","Japan West","Japan East","East Asia","East US 2","North Central US","Central
        US","Brazil South","Australia East","Australia Southeast","Canada Central","Canada
        East","West Central US","UK West","UK South","West US 2"],"apiVersions":["2016-09-01","2016-03-01","2015-08-01","2015-07-01","2015-06-01","2015-05-01","2015-04-01","2015-02-01","2014-11-01","2014-06-01","2014-04-01"]},{"resourceType":"hostingEnvironments/metrics","locations":[],"apiVersions":["2014-04-01"]},{"resourceType":"hostingEnvironments/metricDefinitions","locations":[],"apiVersions":["2014-04-01"]},{"resourceType":"hostingEnvironments/multiRolePools/metrics","locations":[],"apiVersions":["2014-04-01"]},{"resourceType":"hostingEnvironments/multiRolePools/metricDefinitions","locations":[],"apiVersions":["2014-04-01"]},{"resourceType":"hostingEnvironments/workerPools/metrics","locations":[],"apiVersions":["2014-04-01"]},{"resourceType":"hostingEnvironments/workerPools/metricDefinitions","locations":[],"apiVersions":["2014-04-01"]},{"resourceType":"hostingEnvironments/multiRolePools/instances","locations":[],"apiVersions":["2016-09-01","2016-03-01","2015-08-01","2015-07-01","2015-06-01","2015-05-01","2015-04-01","2015-02-01","2014-11-01","2014-06-01","2014-04-01-preview","2014-04-01"]},{"resourceType":"hostingEnvironments/multiRolePools/instances/metrics","locations":[],"apiVersions":["2014-04-01"]},{"resourceType":"hostingEnvironments/multiRolePools/instances/metricDefinitions","locations":[],"apiVersions":["2014-04-01"]},{"resourceType":"hostingEnvironments/workerPools/instances","locations":[],"apiVersions":["2016-09-01","2016-03-01","2015-08-01","2015-07-01","2015-06-01","2015-05-01","2015-04-01","2015-02-01","2014-11-01","2014-06-01","2014-04-01-preview","2014-04-01"]},{"resourceType":"hostingEnvironments/workerPools/instances/metrics","locations":[],"apiVersions":["2014-04-01"]},{"resourceType":"hostingEnvironments/workerPools/instances/metricDefinitions","locations":[],"apiVersions":["2014-04-01"]},{"resourceType":"managedHostingEnvironments","locations":["South
        Central US","North Europe","West Europe","Southeast Asia","West US","East
        US","Japan West","Japan East","East Asia","East US 2","North Central US","Central
        US","Brazil South","Australia East","Australia Southeast","Canada Central","Canada
        East","West Central US","UK West","UK South","West US 2"],"apiVersions":["2016-03-01","2015-08-01","2015-07-01","2015-06-01","2015-05-01","2015-04-01","2015-02-01","2014-11-01","2014-06-01","2014-04-01"]},{"resourceType":"deploymentLocations","locations":[],"apiVersions":["2016-03-01","2015-08-01","2015-07-01","2015-06-01","2015-05-01","2015-04-01","2015-02-01","2014-11-01","2014-06-01","2014-04-01-preview","2014-04-01"]},{"resourceType":"functions","locations":["South
        Central US","North Europe","West Europe","Southeast Asia","West US","East
        US","Japan West","Japan East","East Asia","East US 2","North Central US","Central
        US","Brazil South","Australia East","Australia Southeast","Canada Central","Canada
        East","West Central US","UK West","UK South","West US 2"],"apiVersions":["2016-03-01","2015-08-01","2015-07-01","2015-06-01","2015-05-01","2015-04-01","2015-02-01","2014-11-01","2014-06-01","2014-04-01-preview","2014-04-01"]},{"resourceType":"ishostingenvironmentnameavailable","locations":[],"apiVersions":["2016-03-01","2015-08-01","2015-07-01","2015-06-01","2015-05-01","2015-04-01","2015-02-01","2014-11-01","2014-06-01","2014-04-01-preview","2014-04-01"]},{"resourceType":"classicMobileServices","locations":[],"apiVersions":["2016-03-01","2015-08-01","2015-07-01","2015-06-01","2015-05-01","2015-04-01","2015-02-01","2014-11-01","2014-06-01","2014-04-01-preview","2014-04-01"]},{"resourceType":"connections","locations":["North
        Central US","Central US","South Central US","North Europe","West Europe","East
        Asia","Southeast Asia","West US","East US","East US 2","Japan West","Japan
        East","Brazil South","Australia East","Australia Southeast"],"apiVersions":["2016-06-01","2015-08-01-preview"]},{"resourceType":"locations","locations":[],"apiVersions":["2016-06-01","2015-08-01-preview"]},{"resourceType":"locations/managedApis","locations":["North
        Central US","Central US","South Central US","North Europe","West Europe","East
        Asia","Southeast Asia","West US","East US","East US 2","Japan West","Japan
        East","Brazil South","Australia East","Australia Southeast"],"apiVersions":["2016-06-01","2015-08-01-preview"]},{"resourceType":"locations/apiOperations","locations":["North
        Central US","Central US","South Central US","North Europe","West Europe","East
        Asia","Southeast Asia","West US","East US","East US 2","Japan West","Japan
        East","Brazil South","Australia East","Australia Southeast"],"apiVersions":["2016-06-01","2015-08-01-preview"]},{"resourceType":"connectionGateways","locations":["North
        Central US","Central US","South Central US","North Europe","West Europe","East
        Asia","Southeast Asia","West US","East US","East US 2","Japan West","Japan
        East","Brazil South","Australia East","Australia Southeast"],"apiVersions":["2016-06-01","2015-08-01-preview"]},{"resourceType":"locations/connectionGatewayInstallations","locations":["North
        Central US","Central US","South Central US","North Europe","West Europe","East
        Asia","Southeast Asia","West US","East US","East US 2","Japan West","Japan
        East","Brazil South","Australia East","Australia Southeast"],"apiVersions":["2016-06-01","2015-08-01-preview"]},{"resourceType":"checkNameAvailability","locations":["South
        Central US","North Europe","West Europe","Southeast Asia","West US","East
        US","Japan West","Japan East","East Asia","East US 2","North Central US","Central
        US","Brazil South","Australia East","Australia Southeast","Canada Central","Canada
        East","West Central US","UK West","UK South","West US 2"],"apiVersions":["2016-03-01","2015-08-01-preview","2015-08-01","2015-07-01","2015-06-01","2015-05-01","2015-04-01","2015-02-01","2014-11-01","2014-06-01","2014-04-01-preview","2014-04-01"]}],"registrationState":"Registered"},{"id":"/subscriptions/azure_subscription_id/providers/Aspera.Transfers","namespace":"Aspera.Transfers","resourceTypes":[{"resourceType":"services","locations":["West
        US","North Europe","Central US","East US","West Europe","East Asia","Southeast
        Asia","Japan East","Japan West"],"apiVersions":["2016-03-25"]},{"resourceType":"operations","locations":[],"apiVersions":["2016-03-25"]},{"resourceType":"listCommunicationPreference","locations":[],"apiVersions":["2016-03-25"]},{"resourceType":"updateCommunicationPreference","locations":[],"apiVersions":["2016-03-25"]}],"registrationState":"NotRegistered"},{"id":"/subscriptions/azure_subscription_id/providers/Citrix.Cloud","namespace":"Citrix.Cloud","resourceTypes":[{"resourceType":"accounts","locations":["West
        US"],"apiVersions":["2015-01-01"]},{"resourceType":"operations","locations":[],"apiVersions":["2015-01-01"]},{"resourceType":"listCommunicationPreference","locations":[],"apiVersions":["2015-01-01"]},{"resourceType":"updateCommunicationPreference","locations":[],"apiVersions":["2015-01-01"]}],"registrationState":"NotRegistered"},{"id":"/subscriptions/azure_subscription_id/providers/Cloudyn.Analytics","namespace":"Cloudyn.Analytics","resourceTypes":[{"resourceType":"accounts","locations":["East
        US"],"apiVersions":["2016-03-01"]},{"resourceType":"operations","locations":[],"apiVersions":["2016-03-01"]},{"resourceType":"listCommunicationPreference","locations":[],"apiVersions":["2016-03-01"]},{"resourceType":"updateCommunicationPreference","locations":[],"apiVersions":["2016-03-01"]}],"registrationState":"NotRegistered"},{"id":"/subscriptions/azure_subscription_id/providers/Conexlink.MyCloudIT","namespace":"Conexlink.MyCloudIT","resourceTypes":[{"resourceType":"accounts","locations":["Central
        US"],"apiVersions":["2015-06-15"]},{"resourceType":"operations","locations":[],"apiVersions":["2015-06-15"]},{"resourceType":"listCommunicationPreference","locations":[],"apiVersions":["2015-06-15"]},{"resourceType":"updateCommunicationPreference","locations":[],"apiVersions":["2015-06-15"]}],"registrationState":"NotRegistered"},{"id":"/subscriptions/azure_subscription_id/providers/Crypteron.DataSecurity","namespace":"Crypteron.DataSecurity","resourceTypes":[{"resourceType":"operations","locations":[],"apiVersions":["2016-08-12"]}],"registrationState":"NotRegistered"},{"id":"/subscriptions/azure_subscription_id/providers/Dynatrace.DynatraceSaaS","namespace":"Dynatrace.DynatraceSaaS","resourceTypes":[{"resourceType":"operations","locations":[],"apiVersions":["2016-09-27"]}],"registrationState":"NotRegistered"},{"id":"/subscriptions/azure_subscription_id/providers/Dynatrace.Ruxit","namespace":"Dynatrace.Ruxit","resourceTypes":[{"resourceType":"accounts","locations":["East
        US"],"apiVersions":["2016-04-01"]},{"resourceType":"operations","locations":[],"apiVersions":["2016-09-07","2016-04-01"]},{"resourceType":"listCommunicationPreference","locations":[],"apiVersions":["2016-04-01"]},{"resourceType":"updateCommunicationPreference","locations":[],"apiVersions":["2016-04-01"]}],"registrationState":"NotRegistered"},{"id":"/subscriptions/azure_subscription_id/providers/LiveArena.Broadcast","namespace":"LiveArena.Broadcast","resourceTypes":[{"resourceType":"services","locations":["West
        US","North Europe","Japan West","Japan East","East Asia","West Europe","East
        US","Southeast Asia","Central US"],"apiVersions":["2016-06-15"]},{"resourceType":"operations","locations":[],"apiVersions":["2016-06-15"]},{"resourceType":"listCommunicationPreference","locations":[],"apiVersions":["2016-06-15"]},{"resourceType":"updateCommunicationPreference","locations":[],"apiVersions":["2016-06-15"]}],"registrationState":"NotRegistered"},{"id":"/subscriptions/azure_subscription_id/providers/Lombiq.DotNest","namespace":"Lombiq.DotNest","resourceTypes":[{"resourceType":"sites","locations":["East
        US"],"apiVersions":["2015-01-01"]},{"resourceType":"operations","locations":[],"apiVersions":["2015-01-01"]},{"resourceType":"listCommunicationPreference","locations":[],"apiVersions":["2015-01-01"]},{"resourceType":"updateCommunicationPreference","locations":[],"apiVersions":["2015-01-01"]}],"registrationState":"NotRegistered"},{"id":"/subscriptions/azure_subscription_id/providers/Mailjet.Email","namespace":"Mailjet.Email","resourceTypes":[{"resourceType":"operations","locations":[],"apiVersions":["2016-07-01"]}],"registrationState":"NotRegistered"},{"id":"/subscriptions/azure_subscription_id/providers/Microsoft.ADHybridHealthService","namespace":"Microsoft.ADHybridHealthService","resourceTypes":[{"resourceType":"services","locations":["West
        US"],"apiVersions":["2014-01-01"]},{"resourceType":"addsservices","locations":["West
        US"],"apiVersions":["2014-01-01"]},{"resourceType":"configuration","locations":["West
        US"],"apiVersions":["2014-01-01"]},{"resourceType":"operations","locations":["West
        US"],"apiVersions":["2014-01-01"]},{"resourceType":"agents","locations":["West
        US"],"apiVersions":["2014-01-01"]},{"resourceType":"aadsupportcases","locations":["West
        US"],"apiVersions":["2014-01-01"]},{"resourceType":"reports","locations":["West
        US"],"apiVersions":["2014-01-01"]},{"resourceType":"servicehealthmetrics","locations":["West
        US"],"apiVersions":["2014-01-01"]},{"resourceType":"logs","locations":["West
        US"],"apiVersions":["2014-01-01"]},{"resourceType":"anonymousapiusers","locations":["West
        US"],"apiVersions":["2014-01-01"]}],"registrationState":"Registered"},{"id":"/subscriptions/azure_subscription_id/providers/Microsoft.AnalysisServices","namespace":"Microsoft.AnalysisServices","authorization":{"applicationId":"4ac7d521-0382-477b-b0f8-7e1d95f85ca2","roleDefinitionId":"490d5987-bcf6-4be6-b6b2-056a78cb693a"},"resourceTypes":[{"resourceType":"locations","locations":[],"apiVersions":["2016-05-16"]},{"resourceType":"operations","locations":["East
        US 2","South Central US","West Central US"],"apiVersions":["2016-05-16"]}],"registrationState":"NotRegistered"},{"id":"/subscriptions/azure_subscription_id/providers/Microsoft.AppService","namespace":"Microsoft.AppService","authorization":{"applicationId":"dee7ba80-6a55-4f3b-a86c-746a9231ae49","roleDefinitionId":"6715d172-49c4-46f6-bb21-60512a8689dc"},"resourceTypes":[{"resourceType":"apiapps","locations":["East
        US","West US","South Central US","North Europe","East Asia","Japan East","West
        Europe","Southeast Asia","Japan West","North Central US","Central US","Brazil
        South","East US 2","Australia Southeast","Australia East"],"apiVersions":["2015-03-01-preview","2015-03-01-alpha"]},{"resourceType":"appIdentities","locations":["East
        US","West US","South Central US","North Europe","East Asia","Japan East","West
        Europe","Southeast Asia","Japan West","North Central US","Central US","Brazil
        South","East US 2","Australia Southeast","Australia East"],"apiVersions":["2015-03-01-preview","2015-03-01-alpha"]},{"resourceType":"gateways","locations":["East
        US","West US","South Central US","North Europe","East Asia","Japan East","West
        Europe","Southeast Asia","Japan West","North Central US","Central US","Brazil
        South","East US 2","Australia Southeast","Australia East"],"apiVersions":["2015-03-01-preview","2015-03-01-alpha"]},{"resourceType":"deploymenttemplates","locations":[],"apiVersions":["2015-03-01-preview","2015-03-01-alpha"]},{"resourceType":"operations","locations":[],"apiVersions":["2015-03-01-preview","2015-03-01-alpha"]}],"registrationState":"NotRegistered"},{"id":"/subscriptions/azure_subscription_id/providers/Microsoft.Authorization","namespace":"Microsoft.Authorization","resourceTypes":[{"resourceType":"roleAssignments","locations":[],"apiVersions":["2016-07-01","2015-07-01","2015-06-01","2015-05-01-preview","2014-10-01-preview","2014-07-01-preview","2014-04-01-preview"]},{"resourceType":"roleDefinitions","locations":[],"apiVersions":["2016-07-01","2015-07-01","2015-06-01","2015-05-01-preview","2014-10-01-preview","2014-07-01-preview","2014-04-01-preview"]},{"resourceType":"classicAdministrators","locations":[],"apiVersions":["2015-06-01","2015-05-01-preview","2014-10-01-preview","2014-07-01-preview","2014-04-01-preview"]},{"resourceType":"permissions","locations":[],"apiVersions":["2016-07-01","2015-07-01","2015-06-01","2015-05-01-preview","2014-10-01-preview","2014-07-01-preview","2014-04-01-preview"]},{"resourceType":"locks","locations":[],"apiVersions":["2016-09-01","2015-06-01","2015-05-01-preview","2015-01-01"]},{"resourceType":"operations","locations":[],"apiVersions":["2016-07-01","2015-07-01","2015-01-01","2014-10-01-preview","2014-06-01"]},{"resourceType":"policyDefinitions","locations":[],"apiVersions":["2016-04-01","2015-10-01-preview"]},{"resourceType":"policyAssignments","locations":[],"apiVersions":["2016-04-01","2015-10-01-preview"]},{"resourceType":"providerOperations","locations":[],"apiVersions":["2016-07-01","2015-07-01-preview","2015-07-01"]},{"resourceType":"elevateAccess","locations":[],"apiVersions":["2016-07-01","2015-07-01","2015-06-01","2015-05-01-preview","2014-10-01-preview","2014-07-01-preview","2014-04-01-preview"]}],"registrationState":"Registered"},{"id":"/subscriptions/azure_subscription_id/providers/Microsoft.BingMaps","namespace":"Microsoft.BingMaps","resourceTypes":[{"resourceType":"mapApis","locations":["West
        US"],"apiVersions":["2016-08-18","2015-07-02"]},{"resourceType":"operations","locations":[],"apiVersions":["2016-08-18","2015-07-02"]},{"resourceType":"listCommunicationPreference","locations":[],"apiVersions":["2016-08-18","2015-07-02"]},{"resourceType":"updateCommunicationPreference","locations":[],"apiVersions":["2016-08-18","2015-07-02"]}],"registrationState":"NotRegistered"},{"id":"/subscriptions/azure_subscription_id/providers/Microsoft.BizTalkServices","namespace":"Microsoft.BizTalkServices","resourceTypes":[{"resourceType":"BizTalk","locations":["East
        US","West US","North Europe","West Europe","Southeast Asia","East Asia","North
        Central US","Japan West","Japan East","South Central US"],"apiVersions":["2014-04-01-preview"]}],"registrationState":"NotRegistered"},{"id":"/subscriptions/azure_subscription_id/providers/Microsoft.Cache","namespace":"Microsoft.Cache","authorization":{"applicationId":"96231a05-34ce-4eb4-aa6a-70759cbb5e83","roleDefinitionId":"4f731528-ba85-45c7-acfb-cd0a9b3cf31b"},"resourceTypes":[{"resourceType":"Redis","locations":["North
        Central US","South Central US","Central US","West Europe","North Europe","West
        US","East US","East US 2","Japan East","Japan West","Brazil South","Southeast
        Asia","East Asia","Australia East","Australia Southeast","Canada Central","Canada
        East","UK South","UK West","West US 2","West Central US"],"apiVersions":["2016-04-01","2015-08-01","2015-03-01","2014-04-01-preview","2014-04-01"]},{"resourceType":"locations","locations":[],"apiVersions":["2016-04-01","2015-08-01","2015-03-01","2014-04-01-preview","2014-04-01"]},{"resourceType":"locations/operationResults","locations":["North
        Central US","South Central US","Central US","West Europe","North Europe","West
        US","East US","East US 2","Japan East","Japan West","Brazil South","Southeast
        Asia","East Asia","Australia East","Australia Southeast","Canada Central","Canada
        East","UK South","UK West","West US 2","West Central US"],"apiVersions":["2016-04-01","2015-08-01","2015-03-01","2014-04-01-preview","2014-04-01"]},{"resourceType":"checkNameAvailability","locations":[],"apiVersions":["2016-04-01","2015-08-01","2015-03-01","2014-04-01-preview","2014-04-01-alpha","2014-04-01"]},{"resourceType":"operations","locations":[],"apiVersions":["2016-04-01","2015-08-01","2015-03-01","2014-04-01-preview","2014-04-01-alpha","2014-04-01"]},{"resourceType":"RedisConfigDefinition","locations":[],"apiVersions":["2016-04-01","2015-08-01","2015-03-01"]},{"resourceType":"Redis/metricDefinitions","locations":["North
        Central US","South Central US","East US","East US 2","West US","Central US","East
        Asia","Southeast Asia","North Europe","West Europe","Japan East","Japan West","Brazil
        South","Australia Southeast","Australia East","Canada Central","Canada East","UK
        West","UK South","West US 2","West Central US"],"apiVersions":["2014-04-01"]},{"resourceType":"Redis/diagnosticSettings","locations":["East
        US","East US 2","North Central US","North Europe","West Europe","Brazil South","West
        US","Central US","South Central US","Japan East","Japan West","East Asia","Southeast
        Asia","Australia East","Australia Southeast","Canada Central","Canada East","UK
        West","UK South","West US 2","West Central US"],"apiVersions":["2014-04-01"]}],"registrationState":"NotRegistered"},{"id":"/subscriptions/azure_subscription_id/providers/Microsoft.Cdn","namespace":"Microsoft.Cdn","resourceTypes":[{"resourceType":"profiles","locations":["Australia
        East","Australia Southeast","Brazil South","Canada Central","Canada East","Central
        US","East Asia","East US","East US 2","Japan East","Japan West","North Central
        US","North Europe","South Central US","Southeast Asia","West Europe","West
        US"],"apiVersions":["2016-10-02","2016-04-02","2015-06-01"]},{"resourceType":"profiles/endpoints","locations":["Australia
        East","Australia Southeast","Brazil South","Canada Central","Canada East","Central
        US","East Asia","East US","East US 2","Japan East","Japan West","North Central
        US","North Europe","South Central US","Southeast Asia","West Europe","West
        US"],"apiVersions":["2016-10-02","2016-04-02","2015-06-01"]},{"resourceType":"profiles/endpoints/origins","locations":["Australia
        East","Australia Southeast","Brazil South","Canada Central","Canada East","Central
        US","East Asia","East US","East US 2","Japan East","Japan West","North Central
        US","North Europe","South Central US","Southeast Asia","West Europe","West
        US"],"apiVersions":["2016-10-02","2016-04-02","2015-06-01"]},{"resourceType":"profiles/endpoints/customdomains","locations":["Australia
        East","Australia Southeast","Brazil South","Canada Central","Canada East","Central
        US","East Asia","East US","East US 2","Japan East","Japan West","North Central
        US","North Europe","South Central US","Southeast Asia","West Europe","West
        US"],"apiVersions":["2016-10-02","2016-04-02","2015-06-01"]},{"resourceType":"operationresults","locations":["Australia
        East","Australia Southeast","Brazil South","Canada Central","Canada East","Central
        US","East Asia","East US","East US 2","Japan East","Japan West","North Central
        US","North Europe","South Central US","Southeast Asia","West Europe","West
        US"],"apiVersions":["2016-10-02","2016-04-02","2015-06-01"]},{"resourceType":"operationresults/profileresults","locations":["Australia
        East","Australia Southeast","Brazil South","Canada Central","Canada East","Central
        US","East Asia","East US","East US 2","Japan East","Japan West","North Central
        US","North Europe","South Central US","Southeast Asia","West Europe","West
        US"],"apiVersions":["2016-10-02","2016-04-02","2015-06-01"]},{"resourceType":"operationresults/profileresults/endpointresults","locations":["Australia
        East","Australia Southeast","Brazil South","Canada Central","Canada East","Central
        US","East Asia","East US","East US 2","Japan East","Japan West","North Central
        US","North Europe","South Central US","Southeast Asia","West Europe","West
        US"],"apiVersions":["2016-10-02","2016-04-02","2015-06-01"]},{"resourceType":"operationresults/profileresults/endpointresults/originresults","locations":["Australia
        East","Australia Southeast","Brazil South","Canada Central","Canada East","Central
        US","East Asia","East US","East US 2","Japan East","Japan West","North Central
        US","North Europe","South Central US","Southeast Asia","West Europe","West
        US"],"apiVersions":["2016-10-02","2016-04-02","2015-06-01"]},{"resourceType":"operationresults/profileresults/endpointresults/customdomainresults","locations":["Australia
        East","Australia Southeast","Brazil South","Canada Central","Canada East","Central
        US","East Asia","East US","East US 2","Japan East","Japan West","North Central
        US","North Europe","South Central US","Southeast Asia","West Europe","West
        US"],"apiVersions":["2016-10-02","2016-04-02","2015-06-01"]},{"resourceType":"checkNameAvailability","locations":["Australia
        East","Australia Southeast","Brazil South","Canada Central","Canada East","Central
        US","East Asia","East US","East US 2","Japan East","Japan West","North Central
        US","North Europe","South Central US","Southeast Asia","West Europe","West
        US"],"apiVersions":["2016-10-02","2016-04-02","2015-06-01"]},{"resourceType":"operations","locations":["Australia
        East","Australia Southeast","Brazil South","Canada Central","Canada East","Central
        US","East Asia","East US","East US 2","Japan East","Japan West","North Central
        US","North Europe","South Central US","Southeast Asia","West Europe","West
        US"],"apiVersions":["2016-10-02","2016-04-02","2015-06-01"]},{"resourceType":"edgenodes","locations":["Australia
        East","Australia Southeast","Brazil South","Canada Central","Canada East","Central
        US","East Asia","East US","East US 2","Japan East","Japan West","North Central
        US","North Europe","South Central US","Southeast Asia","West Europe","West
        US"],"apiVersions":["2016-10-02","2016-04-02","2015-06-01"]}],"registrationState":"NotRegistered"},{"id":"/subscriptions/azure_subscription_id/providers/Microsoft.CertificateRegistration","namespace":"Microsoft.CertificateRegistration","authorization":{"applicationId":"f3c21649-0979-4721-ac85-b0216b2cf413","roleDefinitionId":"933fba7e-2ed3-4da8-973d-8bd8298a9b40"},"resourceTypes":[{"resourceType":"certificateOrders","locations":["global"],"apiVersions":["2015-08-01"]},{"resourceType":"certificateOrders/certificates","locations":["global"],"apiVersions":["2015-08-01"]},{"resourceType":"validateCertificateRegistrationInformation","locations":["global"],"apiVersions":["2015-08-01"]},{"resourceType":"operations","locations":["global"],"apiVersions":["2015-08-01"]}],"registrationState":"NotRegistered"},{"id":"/subscriptions/azure_subscription_id/providers/Microsoft.ClassicInfrastructureMigrate","namespace":"Microsoft.ClassicInfrastructureMigrate","authorization":{"applicationId":"5e5abe2b-83cd-4786-826a-a05653ebb103","roleDefinitionId":"766c4d9b-ef83-4f73-8352-1450a506a69b"},"resourceTypes":[{"resourceType":"classicInfrastructureResources","locations":["East
        Asia","Southeast Asia","East US","East US 2","West US","North Central US","South
        Central US","Central US","North Europe","West Europe","Japan East","Japan
        West","Brazil South","Australia East","Australia Southeast"],"apiVersions":["2015-06-15"]}],"registrationState":"NotRegistered"},{"id":"/subscriptions/azure_subscription_id/providers/Microsoft.CognitiveServices","namespace":"Microsoft.CognitiveServices","resourceTypes":[{"resourceType":"accounts","locations":["Global","West
        US"],"apiVersions":["2016-02-01-preview"]},{"resourceType":"operations","locations":["Global","West
        US"],"apiVersions":["2016-02-01-preview"]}],"registrationState":"NotRegistered"},{"id":"/subscriptions/azure_subscription_id/providers/Microsoft.ContentModerator","namespace":"Microsoft.ContentModerator","resourceTypes":[{"resourceType":"applications","locations":["Central
        US"],"apiVersions":["2016-04-08"]},{"resourceType":"operations","locations":[],"apiVersions":["2016-04-08"]},{"resourceType":"listCommunicationPreference","locations":[],"apiVersions":["2016-04-08"]},{"resourceType":"updateCommunicationPreference","locations":[],"apiVersions":["2016-04-08"]}],"registrationState":"NotRegistered"},{"id":"/subscriptions/azure_subscription_id/providers/Microsoft.DataCatalog","namespace":"Microsoft.DataCatalog","resourceTypes":[{"resourceType":"catalogs","locations":["East
        US","West US","Australia East","West Europe","North Europe","Southeast Asia"],"apiVersions":["2016-03-30","2015-07-01-preview"]},{"resourceType":"checkNameAvailability","locations":["West
        Europe"],"apiVersions":["2016-03-30","2015-07-01-preview"]},{"resourceType":"operations","locations":["West
        Europe"],"apiVersions":["2016-03-30","2015-07-01-preview"]},{"resourceType":"locations","locations":[],"apiVersions":["2016-03-30","2015-07-01-preview"]},{"resourceType":"locations/jobs","locations":["East
        US","West US","Australia East","West Europe","North Europe","Southeast Asia"],"apiVersions":["2016-03-30","2015-07-01-preview"]}],"registrationState":"NotRegistered"},{"id":"/subscriptions/azure_subscription_id/providers/Microsoft.DataFactory","namespace":"Microsoft.DataFactory","resourceTypes":[{"resourceType":"dataFactories","locations":["West
        US","North Europe","East US"],"apiVersions":["2015-10-01","2015-09-01","2015-08-01","2015-07-01-preview","2015-05-01-preview","2015-01-01-preview","2014-04-01"]},{"resourceType":"dataFactories/diagnosticSettings","locations":["North
        Europe","East US","West US"],"apiVersions":["2014-04-01"]},{"resourceType":"dataFactories/metricDefinitions","locations":["North
        Europe","East US","West US"],"apiVersions":["2014-04-01"]},{"resourceType":"checkDataFactoryNameAvailability","locations":[],"apiVersions":["2015-05-01-preview","2015-01-01-preview"]},{"resourceType":"checkAzureDataFactoryNameAvailability","locations":["West
        US","North Europe","East US"],"apiVersions":["2015-10-01","2015-09-01","2015-08-01","2015-07-01-preview","2015-05-01-preview","2015-01-01-preview"]},{"resourceType":"dataFactorySchema","locations":["West
        US","North Europe","East US"],"apiVersions":["2015-10-01","2015-09-01","2015-08-01","2015-07-01-preview","2015-05-01-preview","2015-01-01-preview"]},{"resourceType":"operations","locations":["West
        US","North Europe","East US"],"apiVersions":["2015-10-01","2015-09-01","2015-08-01","2015-07-01-preview","2015-05-01-preview","2015-01-01-preview"]}],"registrationState":"NotRegistered"},{"id":"/subscriptions/azure_subscription_id/providers/Microsoft.DataLakeAnalytics","namespace":"Microsoft.DataLakeAnalytics","resourceTypes":[{"resourceType":"accounts","locations":["East
        US 2"],"apiVersions":["2016-11-01","2015-10-01-preview"]},{"resourceType":"accounts/dataLakeStoreAccounts","locations":["East
        US 2"],"apiVersions":["2016-11-01","2015-10-01-preview"]},{"resourceType":"accounts/storageAccounts","locations":["East
        US 2"],"apiVersions":["2016-11-01","2015-10-01-preview"]},{"resourceType":"accounts/storageAccounts/containers","locations":["East
        US 2"],"apiVersions":["2016-11-01","2015-10-01-preview"]},{"resourceType":"accounts/storageAccounts/containers/listSasTokens","locations":["East
        US 2"],"apiVersions":["2016-11-01","2015-10-01-preview"]},{"resourceType":"locations","locations":[],"apiVersions":["2016-11-01","2015-10-01-preview"]},{"resourceType":"locations/operationresults","locations":[],"apiVersions":["2016-11-01","2015-10-01-preview"]},{"resourceType":"locations/checkNameAvailability","locations":[],"apiVersions":["2016-11-01","2015-10-01-preview"]},{"resourceType":"locations/capability","locations":[],"apiVersions":["2016-11-01","2015-10-01-preview"]},{"resourceType":"operations","locations":[],"apiVersions":["2016-11-01","2015-10-01-preview"]}],"registrationState":"NotRegistered"},{"id":"/subscriptions/azure_subscription_id/providers/Microsoft.DataLakeStore","namespace":"Microsoft.DataLakeStore","authorization":{"applicationId":"e9f49c6b-5ce5-44c8-925d-015017e9f7ad","roleDefinitionId":"17eb9cca-f08a-4499-b2d3-852d175f614f"},"resourceTypes":[{"resourceType":"accounts","locations":["East
        US 2"],"apiVersions":["2016-11-01","2015-10-01-preview"]},{"resourceType":"accounts/firewallRules","locations":["East
        US 2"],"apiVersions":["2016-11-01","2015-10-01-preview"]},{"resourceType":"locations","locations":[],"apiVersions":["2016-11-01","2015-10-01-preview"]},{"resourceType":"locations/operationresults","locations":[],"apiVersions":["2016-11-01","2015-10-01-preview"]},{"resourceType":"locations/checkNameAvailability","locations":[],"apiVersions":["2016-11-01","2015-10-01-preview"]},{"resourceType":"locations/capability","locations":[],"apiVersions":["2016-11-01","2015-10-01-preview"]},{"resourceType":"operations","locations":[],"apiVersions":["2016-11-01","2015-10-01-preview"]}],"registrationState":"NotRegistered"},{"id":"/subscriptions/azure_subscription_id/providers/Microsoft.Devices","namespace":"Microsoft.Devices","resourceTypes":[{"resourceType":"checkNameAvailability","locations":["East
        US","North Europe","East Asia","West US","West Europe","Southeast Asia","Japan
        East","Japan West","Australia East","Australia Southeast"],"apiVersions":["2016-02-03","2015-08-15-preview"]},{"resourceType":"operations","locations":["East
        US","North Europe","East Asia","West US","West Europe","Southeast Asia","Japan
        East","Japan West","Australia East","Australia Southeast"],"apiVersions":["2016-02-03","2015-08-15-preview"]},{"resourceType":"IotHubs","locations":["East
        US","North Europe","East Asia","West US","West Europe","Southeast Asia","Japan
        East","Japan West","Australia East","Australia Southeast"],"apiVersions":["2016-02-03","2015-08-15-preview"]}],"registrationState":"NotRegistered"},{"id":"/subscriptions/azure_subscription_id/providers/Microsoft.DevTestLab","namespace":"Microsoft.DevTestLab","authorization":{"applicationId":"1a14be2a-e903-4cec-99cf-b2e209259a0f","roleDefinitionId":"8f2de81a-b9aa-49d8-b24c-11814d3ab525"},"resourceTypes":[{"resourceType":"labs","locations":["Australia
        East","Australia Southeast","Brazil South","Canada East","Canada Central","Central
        US","East Asia","East US","East US 2","Japan East","Japan West","North Central
        US","North Europe","South Central US","Southeast Asia","West Central US","West
        Europe","West US","West US 2"],"apiVersions":["2016-05-15","2015-05-21-preview"]},{"resourceType":"labs/virtualMachines","locations":["Australia
        East","Australia Southeast","Brazil South","Canada East","Canada Central","Central
        US","East Asia","East US","East US 2","Japan East","Japan West","North Central
        US","North Europe","South Central US","Southeast Asia","West Central US","West
        Europe","West US","West US 2"],"apiVersions":["2016-05-15","2015-05-21-preview"]},{"resourceType":"operations","locations":[],"apiVersions":["2016-05-15","2015-05-21-preview"]},{"resourceType":"locations","locations":[],"apiVersions":["2016-05-15","2015-05-21-preview"]},{"resourceType":"locations/operations","locations":["Australia
        East","Australia Southeast","Brazil South","Canada East","Canada Central","Central
        US","East Asia","East US","East US 2","Japan East","Japan West","North Central
        US","North Europe","South Central US","Southeast Asia","West Central US","West
        Europe","West US","West US 2"],"apiVersions":["2016-05-15","2015-05-21-preview"]}],"registrationState":"NotRegistered"},{"id":"/subscriptions/azure_subscription_id/providers/Microsoft.DocumentDB","namespace":"Microsoft.DocumentDB","resourceTypes":[{"resourceType":"databaseAccounts","locations":["Australia
        East","Australia Southeast","Canada Central","Canada East","Central US","East
        Asia","East US","East US 2","Japan East","Japan West","North Central US","North
        Europe","South Central US","Southeast Asia","West Europe","West US"],"apiVersions":["2016-03-31","2016-03-19","2015-11-06","2015-04-08","2014-04-01"]},{"resourceType":"databaseAccountNames","locations":["Australia
        East","Australia Southeast","Canada Central","Canada East","Central US","East
        Asia","East US","East US 2","Japan East","Japan West","North Central US","North
        Europe","South Central US","Southeast Asia","West Europe","West US"],"apiVersions":["2016-03-31","2016-03-19","2015-11-06","2015-04-08","2014-04-01"]},{"resourceType":"operations","locations":["Australia
        East","Australia Southeast","Canada Central","Canada East","Central US","East
        Asia","East US","East US 2","Japan East","Japan West","North Central US","North
        Europe","South Central US","Southeast Asia","West Europe","West US"],"apiVersions":["2016-03-31","2016-03-19","2015-11-06","2015-04-08","2014-04-01"]}],"registrationState":"NotRegistered"},{"id":"/subscriptions/azure_subscription_id/providers/Microsoft.DomainRegistration","namespace":"Microsoft.DomainRegistration","resourceTypes":[{"resourceType":"domains","locations":["global"],"apiVersions":["2015-04-01","2015-02-01"]},{"resourceType":"domains/domainOwnershipIdentifiers","locations":["global"],"apiVersions":["2015-04-01","2015-02-01"]},{"resourceType":"topLevelDomains","locations":["global"],"apiVersions":["2015-04-01","2015-02-01"]},{"resourceType":"checkDomainAvailability","locations":["global"],"apiVersions":["2015-04-01","2015-02-01"]},{"resourceType":"listDomainRecommendations","locations":["global"],"apiVersions":["2015-04-01","2015-02-01"]},{"resourceType":"validateDomainRegistrationInformation","locations":["global"],"apiVersions":["2015-04-01","2015-02-01"]},{"resourceType":"generateSsoRequest","locations":["global"],"apiVersions":["2015-04-01","2015-02-01"]},{"resourceType":"operations","locations":["global"],"apiVersions":["2015-04-01","2015-02-01"]}],"registrationState":"NotRegistered"},{"id":"/subscriptions/azure_subscription_id/providers/Microsoft.DynamicsLcs","namespace":"Microsoft.DynamicsLcs","resourceTypes":[{"resourceType":"lcsprojects","locations":["Brazil
        South","East Asia","East US","Japan East","Japan West","North Central US","North
        Europe","South Central US","West Europe","West US","Southeast Asia","Central
        US","East US 2","Australia East","Australia Southeast"],"apiVersions":["2015-05-01-alpha","2015-04-01-alpha","2015-03-01-alpha","2015-02-01-privatepreview","2015-02-01-preview","2015-02-01-beta","2015-02-01-alpha"]},{"resourceType":"lcsprojects/connectors","locations":["Brazil
        South","East Asia","East US","Japan East","Japan West","North Central US","North
        Europe","South Central US","West Europe","West US","Southeast Asia","Central
        US","East US 2","Australia East","Australia Southeast"],"apiVersions":["2015-05-01-alpha","2015-04-01-alpha","2015-03-01-alpha","2015-02-01-privatepreview","2015-02-01-preview","2015-02-01-beta","2015-02-01-alpha"]},{"resourceType":"lcsprojects/clouddeployments","locations":["Brazil
        South","East Asia","East US","Japan East","Japan West","North Central US","North
        Europe","South Central US","West Europe","West US","Southeast Asia","Central
        US","East US 2","Australia East","Australia Southeast"],"apiVersions":["2015-05-01-alpha","2015-04-01-alpha","2015-03-01-alpha","2015-02-01-privatepreview","2015-02-01-preview","2015-02-01-beta","2015-02-01-alpha"]},{"resourceType":"operations","locations":["Brazil
        South","East Asia","East US","Japan East","Japan West","North Central US","North
        Europe","South Central US","West Europe","West US","Southeast Asia","Central
        US","East US 2","Australia East","Australia Southeast"],"apiVersions":["2015-02-01-preview"]}],"registrationState":"NotRegistered"},{"id":"/subscriptions/azure_subscription_id/providers/Microsoft.EventHub","namespace":"Microsoft.EventHub","authorization":{"applicationId":"80369ed6-5f11-4dd9-bef3-692475845e77","roleDefinitionId":"eb8e1991-5de0-42a6-a64b-29b059341b7b"},"resourceTypes":[{"resourceType":"namespaces","locations":["Australia
        East","Australia Southeast","Central US","East US","East US 2","West US","West
        US 2","North Central US","South Central US","West Central US","East Asia","Southeast
        Asia","Brazil South","Japan East","Japan West","North Europe","West Europe","Canada
        Central","Canada East","UK West","UK South"],"apiVersions":["2015-08-01","2014-09-01"]},{"resourceType":"checkNamespaceAvailability","locations":[],"apiVersions":["2015-08-01","2014-09-01"]},{"resourceType":"checkNameAvailability","locations":[],"apiVersions":["2015-08-01","2014-09-01"]},{"resourceType":"sku","locations":[],"apiVersions":["2015-08-01","2014-09-01"]},{"resourceType":"operations","locations":[],"apiVersions":["2015-08-01","2014-09-01"]}],"registrationState":"NotRegistered"},{"id":"/subscriptions/azure_subscription_id/providers/Microsoft.Features","namespace":"Microsoft.Features","resourceTypes":[{"resourceType":"features","locations":[],"apiVersions":["2015-12-01","2014-08-01-preview"]},{"resourceType":"providers","locations":[],"apiVersions":["2015-12-01","2014-08-01-preview"]},{"resourceType":"operations","locations":[],"apiVersions":["2015-12-01","2014-08-01-preview"]}],"registrationState":"Registered"},{"id":"/subscriptions/azure_subscription_id/providers/Microsoft.HDInsight","namespace":"Microsoft.HDInsight","authorization":{"applicationId":"9191c4da-09fe-49d9-a5f1-d41cbe92ad95","roleDefinitionId":"d102a6f3-d9cb-4633-8950-1243b975886c"},"resourceTypes":[{"resourceType":"clusters","locations":["East
        Asia","Southeast Asia","East US","East US 2","West US","North Central US","South
        Central US","Central US","North Europe","West Europe","Japan East","Japan
        West","Brazil South","Australia East","Australia Southeast"],"apiVersions":["2015-03-01-preview"]},{"resourceType":"clusters/applications","locations":["East
        Asia","Southeast Asia","East US","East US 2","West US","North Central US","South
        Central US","Central US","North Europe","West Europe","Japan East","Japan
        West","Brazil South","Australia East","Australia Southeast"],"apiVersions":["2015-03-01-preview"]},{"resourceType":"clusters/operationresults","locations":["East
        Asia","Southeast Asia","East US","East US 2","West US","North Central US","South
        Central US","Central US","North Europe","West Europe","Japan East","Japan
        West","Brazil South","Australia East","Australia Southeast"],"apiVersions":["2015-03-01-preview"]},{"resourceType":"locations","locations":["East
        Asia","Southeast Asia","East US","East US 2","West US","North Central US","South
        Central US","Central US","North Europe","West Europe","Japan East","Japan
        West","Brazil South","Australia East","Australia Southeast"],"apiVersions":["2015-03-01-preview"]},{"resourceType":"locations/capabilities","locations":["East
        Asia","Southeast Asia","East US","East US 2","West US","North Central US","South
        Central US","Central US","North Europe","West Europe","Japan East","Japan
        West","Brazil South","Australia East","Australia Southeast"],"apiVersions":["2015-03-01-preview"]},{"resourceType":"locations/operationresults","locations":["East
        Asia","Southeast Asia","East US","East US 2","West US","North Central US","South
        Central US","Central US","North Europe","West Europe","Japan East","Japan
        West","Brazil South","Australia East","Australia Southeast"],"apiVersions":["2015-03-01-preview"]},{"resourceType":"locations/azureasyncoperations","locations":["East
        Asia","Southeast Asia","East US","East US 2","West US","North Central US","South
        Central US","Central US","North Europe","West Europe","Japan East","Japan
        West","Brazil South","Australia East","Australia Southeast"],"apiVersions":["2015-03-01-preview"]},{"resourceType":"locations/validateCreateRequest","locations":["East
        Asia","Southeast Asia","East US","East US 2","West US","North Central US","South
        Central US","Central US","North Europe","West Europe","Japan East","Japan
        West","Brazil South","Australia East","Australia Southeast"],"apiVersions":["2015-03-01-preview"]},{"resourceType":"operations","locations":["East
        Asia","Southeast Asia","East US","East US 2","West US","North Central US","South
        Central US","Central US","North Europe","West Europe","Japan East","Japan
        West","Brazil South","Australia East","Australia Southeast"],"apiVersions":["2015-03-01-preview"]}],"registrationState":"NotRegistered"},{"id":"/subscriptions/azure_subscription_id/providers/Microsoft.ImportExport","namespace":"Microsoft.ImportExport","authorization":{"applicationId":"7de4d5c5-5b32-4235-b8a9-33b34d6bcd2a","roleDefinitionId":"9f7aa6bb-9454-46b6-8c01-a4b0f33ca151"},"resourceTypes":[{"resourceType":"locations","locations":[],"apiVersions":["2016-07-01-preview"]},{"resourceType":"operations","locations":[],"apiVersions":["2016-07-01-preview"]}],"registrationState":"NotRegistered"},{"id":"/subscriptions/azure_subscription_id/providers/Microsoft.Logic","namespace":"Microsoft.Logic","authorization":{"applicationId":"7cd684f4-8a78-49b0-91ec-6a35d38739ba","roleDefinitionId":"cb3ef1fb-6e31-49e2-9d87-ed821053fe58"},"resourceTypes":[{"resourceType":"workflows","locations":["North
        Central US","Central US","South Central US","North Europe","West Europe","East
        Asia","Southeast Asia","West US","East US","East US 2","Japan West","Japan
        East","Brazil South","Australia East","Australia Southeast"],"apiVersions":["2016-06-01","2015-08-01-preview","2015-02-01-preview"]},{"resourceType":"locations/workflows","locations":["North
        Central US","Central US","South Central US","North Europe","West Europe","East
        Asia","Southeast Asia","West US","East US","East US 2","Japan West","Japan
        East","Brazil South","Australia East","Australia Southeast"],"apiVersions":["2016-06-01","2015-08-01-preview","2015-02-01-preview"]},{"resourceType":"locations","locations":["North
        Central US"],"apiVersions":["2016-06-01","2015-08-01-preview","2015-02-01-preview"]},{"resourceType":"operations","locations":["North
        Central US","Central US","South Central US","North Europe","West Europe","East
        Asia","Southeast Asia","West US","East US","East US 2","Japan West","Japan
        East","Brazil South","Australia East","Australia Southeast"],"apiVersions":["2016-06-01","2015-08-01-preview","2015-02-01-preview"]},{"resourceType":"integrationAccounts","locations":["North
        Central US","Central US","South Central US","North Europe","West Europe","East
        Asia","Southeast Asia","West US","East US","East US 2","Japan West","Japan
        East","Brazil South","Australia East","Australia Southeast"],"apiVersions":["2016-06-01","2015-08-01-preview"]}],"registrationState":"NotRegistered"},{"id":"/subscriptions/azure_subscription_id/providers/Microsoft.MachineLearning","namespace":"Microsoft.MachineLearning","authorization":{"applicationId":"0736f41a-0425-4b46-bdb5-1563eff02385","roleDefinitionId":"1cc297bc-1829-4524-941f-966373421033"},"resourceTypes":[{"resourceType":"Workspaces","locations":["South
        Central US","West Europe","Southeast Asia"],"apiVersions":["2016-04-01"]},{"resourceType":"webServices","locations":["South
        Central US","West Europe","Southeast Asia"],"apiVersions":["2016-05-01-preview"]},{"resourceType":"locations","locations":["South
        Central US"],"apiVersions":["2016-05-01-preview"]},{"resourceType":"locations/operations","locations":["South
        Central US","West Europe","Southeast Asia"],"apiVersions":["2016-05-01-preview"]},{"resourceType":"locations/operationsStatus","locations":["South
        Central US","West Europe","Southeast Asia"],"apiVersions":["2016-05-01-preview"]},{"resourceType":"commitmentPlans","locations":["South
        Central US","West Europe","Southeast Asia","Japan East","East US 2"],"apiVersions":["2016-05-01-preview"]}],"registrationState":"NotRegistered"},{"id":"/subscriptions/azure_subscription_id/providers/Microsoft.MarketplaceOrdering","namespace":"Microsoft.MarketplaceOrdering","resourceTypes":[{"resourceType":"agreements","locations":["South
        Central US","West US"],"apiVersions":["2015-06-01"]},{"resourceType":"operations","locations":[],"apiVersions":["2015-06-01"]}],"registrationState":"NotRegistered"},{"id":"/subscriptions/azure_subscription_id/providers/Microsoft.Media","namespace":"Microsoft.Media","authorization":{"applicationId":"374b2a64-3b6b-436b-934c-b820eacca870","roleDefinitionId":"aab70789-0cec-44b5-95d7-84b64c9487af"},"resourceTypes":[{"resourceType":"mediaservices","locations":["Japan
        West","Japan East","East Asia","Southeast Asia","West Europe","North Europe","East
        US","West US","Australia East","Australia Southeast","Central US","Brazil
        South","South Central US","Canada Central","Canada East"],"apiVersions":["2015-10-01","2015-04-01"]},{"resourceType":"operations","locations":[],"apiVersions":["2015-10-01","2015-04-01"]},{"resourceType":"checknameavailability","locations":[],"apiVersions":["2015-10-01","2015-04-01"]}],"registrationState":"NotRegistered"},{"id":"/subscriptions/azure_subscription_id/providers/Microsoft.NotificationHubs","namespace":"Microsoft.NotificationHubs","resourceTypes":[{"resourceType":"namespaces","locations":["Australia
        East","Australia Southeast","Central US","East US","East US 2","West US","North
        Central US","South Central US","East Asia","Southeast Asia","Brazil South","Japan
        East","Japan West","North Europe","West Europe"],"apiVersions":["2016-03-01","2014-09-01"]},{"resourceType":"namespaces/notificationHubs","locations":["Australia
        East","Australia Southeast","Central US","East US","East US 2","West US","North
        Central US","South Central US","East Asia","Southeast Asia","Brazil South","Japan
        East","Japan West","North Europe","West Europe"],"apiVersions":["2016-03-01","2014-09-01"]},{"resourceType":"checkNamespaceAvailability","locations":["Australia
        East","Australia Southeast","Central US","East US","East US 2","West US","North
        Central US","South Central US","East Asia","Southeast Asia","Brazil South","Japan
        East","Japan West","North Europe","West Europe"],"apiVersions":["2016-03-01","2014-09-01"]},{"resourceType":"operations","locations":["Australia
        East","Australia Southeast","Central US","East US","East US 2","West US","North
        Central US","South Central US","East Asia","Southeast Asia","Brazil South","Japan
        East","Japan West","North Europe","West Europe"],"apiVersions":["2016-03-01","2014-09-01"]},{"resourceType":"operationResults","locations":["Australia
        East","Australia Southeast","Central US","East US","East US 2","West US","North
        Central US","South Central US","East Asia","Southeast Asia","Brazil South","Japan
        East","Japan West","North Europe","West Europe"],"apiVersions":["2016-03-01","2014-09-01"]}],"registrationState":"NotRegistered"},{"id":"/subscriptions/azure_subscription_id/providers/Microsoft.OperationsManagement","namespace":"Microsoft.OperationsManagement","authorization":{"applicationId":"d2a0a418-0aac-4541-82b2-b3142c89da77","roleDefinitionId":"aa249101-6816-4966-aafa-08175d795f14"},"resourceTypes":[{"resourceType":"solutions","locations":["East
        US","West Europe","Southeast Asia","Australia Southeast"],"apiVersions":["2015-11-01-preview"]}],"registrationState":"NotRegistered"},{"id":"/subscriptions/azure_subscription_id/providers/Microsoft.Portal","namespace":"Microsoft.Portal","resourceTypes":[{"resourceType":"dashboards","locations":["Central
        US","East Asia","Southeast Asia","East US","East US 2","West US","West US
        2","North Central US","South Central US","West Central US","North Europe","West
        Europe","Japan East","Japan West","Brazil South","Australia Southeast","Australia
        East","Canada Central","Canada East"],"apiVersions":["2015-08-01-preview"]},{"resourceType":"operations","locations":["Central
        US","East Asia","Southeast Asia","East US","East US 2","West US","West US
        2","North Central US","South Central US","West Central US","North Europe","West
        Europe","Japan East","Japan West","Brazil South","Australia Southeast","Australia
        East","Canada Central","Canada East"],"apiVersions":["2015-08-01-preview"]}],"registrationState":"NotRegistered"},{"id":"/subscriptions/azure_subscription_id/providers/Microsoft.PowerBI","namespace":"Microsoft.PowerBI","resourceTypes":[{"resourceType":"workspaceCollections","locations":["South
        Central US","North Central US","East US 2","West US","West Europe","North
        Europe","Brazil South","Southeast Asia","Australia Southeast","Canada Central"],"apiVersions":["2016-01-29"]},{"resourceType":"locations","locations":[],"apiVersions":["2016-01-29"]},{"resourceType":"locations/checkNameAvailability","locations":["South
        Central US","North Central US","East US 2","West US","West Europe","North
        Europe","Brazil South","Southeast Asia","Australia Southeast","Canada Central"],"apiVersions":["2016-01-29"]}],"registrationState":"NotRegistered"},{"id":"/subscriptions/azure_subscription_id/providers/Microsoft.RecoveryServices","namespace":"Microsoft.RecoveryServices","authorization":{"applicationId":"262044b1-e2ce-469f-a196-69ab7ada62d3","roleDefinitionId":"21CEC436-F7D0-4ADE-8AD8-FEC5668484CC"},"resourceTypes":[{"resourceType":"vaults","locations":["West
        US","East US","North Europe","West Europe","Brazil South","East Asia","Southeast
        Asia","North Central US","South Central US","Japan East","Japan West","Australia
        East","Australia Southeast","Central US","East US 2"],"apiVersions":["2016-08-10","2016-06-01","2016-05-01","2015-12-15","2015-12-10","2015-11-10","2015-08-15","2015-08-10","2015-06-10","2015-03-15"]},{"resourceType":"operations","locations":["Southeast
        Asia"],"apiVersions":["2016-08-10","2016-06-01","2015-12-15","2015-12-10","2015-11-10","2015-08-15","2015-08-10","2015-06-10","2015-03-15"]},{"resourceType":"locations","locations":[],"apiVersions":["2016-06-01"]},{"resourceType":"locations/backupStatus","locations":["West
        US","East US","North Europe","West Europe","Brazil South","East Asia","Southeast
        Asia","North Central US","South Central US","Japan East","Japan West","Australia
        East","Australia Southeast","Central US","East US 2"],"apiVersions":["2016-06-01"]}],"registrationState":"NotRegistered"},{"id":"/subscriptions/azure_subscription_id/providers/Microsoft.Relay","namespace":"Microsoft.Relay","authorization":{"applicationId":"80369ed6-5f11-4dd9-bef3-692475845e77"},"resourceTypes":[{"resourceType":"namespaces","locations":["Australia
        East","Australia Southeast","Central US","East US","East US 2","West US","West
        US 2","North Central US","South Central US","West Central US","East Asia","Southeast
        Asia","Brazil South","Japan East","Japan West","North Europe","West Europe","Canada
        Central","Canada East","UK West","UK South"],"apiVersions":["2016-07-01"]},{"resourceType":"checkNameAvailability","locations":[],"apiVersions":["2016-07-01"]},{"resourceType":"operations","locations":[],"apiVersions":["2016-07-01"]}],"registrationState":"NotRegistered"},{"id":"/subscriptions/azure_subscription_id/providers/Microsoft.Resources","namespace":"Microsoft.Resources","resourceTypes":[{"resourceType":"tenants","locations":[],"apiVersions":["2016-09-01","2016-07-01","2016-06-01","2016-02-01","2015-11-01","2015-01-01","2014-04-01-preview"]},{"resourceType":"locations","locations":[],"apiVersions":["2016-09-01","2016-07-01","2016-06-01","2016-02-01","2015-11-01","2015-01-01","2014-04-01-preview"]},{"resourceType":"providers","locations":[],"apiVersions":["2016-09-01","2016-07-01","2016-06-01","2016-02-01","2015-11-01","2015-01-01","2014-04-01-preview"]},{"resourceType":"checkresourcename","locations":[],"apiVersions":["2016-09-01","2016-07-01","2016-06-01","2016-02-01","2015-11-01","2015-01-01","2014-04-01-preview"]},{"resourceType":"resources","locations":[],"apiVersions":["2016-09-01","2016-07-01","2016-06-01","2016-02-01","2015-11-01","2015-01-01","2014-04-01-preview"]},{"resourceType":"subscriptions","locations":[],"apiVersions":["2016-09-01","2016-07-01","2016-06-01","2016-02-01","2015-11-01","2015-01-01","2014-04-01-preview"]},{"resourceType":"subscriptions/resources","locations":[],"apiVersions":["2016-09-01","2016-07-01","2016-06-01","2016-02-01","2015-11-01","2015-01-01","2014-04-01-preview"]},{"resourceType":"subscriptions/providers","locations":[],"apiVersions":["2016-09-01","2016-07-01","2016-06-01","2016-02-01","2015-11-01","2015-01-01","2014-04-01-preview"]},{"resourceType":"subscriptions/operationresults","locations":[],"apiVersions":["2016-09-01","2016-07-01","2016-06-01","2016-02-01","2015-11-01","2015-01-01","2014-04-01-preview"]},{"resourceType":"resourceGroups","locations":["Central
        US","East Asia","Southeast Asia","East US","East US 2","West US","West US
        2","North Central US","South Central US","West Central US","North Europe","West
        Europe","Japan East","Japan West","Brazil South","Australia Southeast","Australia
        East","Canada Central","Canada East","UK South","UK West"],"apiVersions":["2016-09-01","2016-07-01","2016-06-01","2016-02-01","2015-11-01","2015-01-01","2014-04-01-preview"]},{"resourceType":"subscriptions/resourceGroups","locations":["Central
        US","East Asia","Southeast Asia","East US","East US 2","West US","West US
        2","North Central US","South Central US","West Central US","North Europe","West
        Europe","Japan East","Japan West","Brazil South","Australia Southeast","Australia
        East","Canada Central","Canada East","UK South","UK West"],"apiVersions":["2016-09-01","2016-07-01","2016-06-01","2016-02-01","2015-11-01","2015-01-01","2014-04-01-preview"]},{"resourceType":"subscriptions/resourcegroups/resources","locations":[],"apiVersions":["2016-09-01","2016-07-01","2016-06-01","2016-02-01","2015-11-01","2015-01-01","2014-04-01-preview"]},{"resourceType":"subscriptions/locations","locations":[],"apiVersions":["2016-09-01","2016-07-01","2016-06-01","2016-02-01","2015-11-01","2015-01-01","2014-04-01-preview"]},{"resourceType":"subscriptions/tagnames","locations":[],"apiVersions":["2016-09-01","2016-07-01","2016-06-01","2016-02-01","2015-11-01","2015-01-01","2014-04-01-preview"]},{"resourceType":"subscriptions/tagNames/tagValues","locations":[],"apiVersions":["2016-09-01","2016-07-01","2016-06-01","2016-02-01","2015-11-01","2015-01-01","2014-04-01-preview"]},{"resourceType":"deployments","locations":[],"apiVersions":["2016-09-01","2016-07-01","2016-06-01","2016-02-01","2015-11-01","2015-01-01","2014-04-01-preview"]},{"resourceType":"deployments/operations","locations":[],"apiVersions":["2016-09-01","2016-07-01","2016-06-01","2016-02-01","2015-11-01","2015-01-01","2014-04-01-preview"]},{"resourceType":"links","locations":[],"apiVersions":["2016-09-01","2016-07-01","2016-06-01","2016-02-01","2015-11-01","2015-01-01","2014-04-01-preview"]},{"resourceType":"operations","locations":[],"apiVersions":["2015-01-01"]}],"registrationState":"Registered"},{"id":"/subscriptions/azure_subscription_id/providers/Microsoft.Scheduler","namespace":"Microsoft.Scheduler","resourceTypes":[{"resourceType":"jobcollections","locations":["North
        Central US","South Central US","North Europe","West Europe","East Asia","Southeast
        Asia","West US","East US","Japan West","Japan East","Brazil South","Central
        US","East US 2","Australia East","Australia Southeast","Canada Central","Canada
        East","West US 2","West Central US","UK South","UK West"],"apiVersions":["2016-03-01","2016-01-01","2014-08-01-preview"]},{"resourceType":"operations","locations":["North
        Central US","South Central US","North Europe","West Europe","East Asia","Southeast
        Asia","West US","East US","Japan West","Japan East","Brazil South","Central
        US","East US 2","Australia East","Australia Southeast","Canada Central","Canada
        East","West US 2","West Central US","UK South","UK West"],"apiVersions":["2016-03-01","2016-01-01","2014-08-01-preview"]},{"resourceType":"operationResults","locations":["North
        Central US","South Central US","North Europe","West Europe","East Asia","Southeast
        Asia","West US","East US","Japan West","Japan East","Brazil South","Central
        US","East US 2","Australia East","Australia Southeast","Canada Central","Canada
        East","West US 2","West Central US","UK South","UK West"],"apiVersions":["2016-03-01","2016-01-01","2014-08-01-preview"]},{"resourceType":"flows","locations":["North
        Central US","Central US","South Central US","North Europe","West Europe","East
        Asia","Southeast Asia","West US","East US","East US 2","Japan West","Japan
        East","Brazil South","Australia East","Australia Southeast"],"apiVersions":["2015-08-01-preview","2015-02-01-preview"]}],"registrationState":"NotRegistered"},{"id":"/subscriptions/azure_subscription_id/providers/Microsoft.Search","namespace":"Microsoft.Search","resourceTypes":[{"resourceType":"searchServices","locations":["West
        US","East US","North Europe","West Europe","Southeast Asia","East Asia","North
        Central US","South Central US","Japan West","Australia East","Brazil South","West
        Central US","Canada Central"],"apiVersions":["2015-08-19","2015-02-28"]},{"resourceType":"checkServiceNameAvailability","locations":[],"apiVersions":["2015-02-28","2014-07-31-Preview"]},{"resourceType":"checkNameAvailability","locations":[],"apiVersions":["2015-08-19"]},{"resourceType":"operations","locations":[],"apiVersions":["2015-08-19","2015-02-28"]}],"registrationState":"NotRegistered"},{"id":"/subscriptions/azure_subscription_id/providers/Microsoft.ServerManagement","namespace":"Microsoft.ServerManagement","resourceTypes":[{"resourceType":"operations","locations":["Central
        US","East US","North Europe","West Europe"],"apiVersions":["2016-07-01-preview","2015-07-01-preview"]},{"resourceType":"gateways","locations":["Central
        US","East US","North Europe","West Europe"],"apiVersions":["2016-07-01-preview","2015-07-01-preview"]},{"resourceType":"nodes","locations":["Central
        US","East US","North Europe","West Europe"],"apiVersions":["2016-07-01-preview","2015-07-01-preview"]}],"registrationState":"NotRegistered"},{"id":"/subscriptions/azure_subscription_id/providers/Microsoft.ServiceBus","namespace":"Microsoft.ServiceBus","resourceTypes":[{"resourceType":"namespaces","locations":["Australia
        East","Australia Southeast","Central US","East US","East US 2","West US 2","West
        US","North Central US","South Central US","West Central US","East Asia","Southeast
        Asia","Brazil South","Japan East","Japan West","North Europe","West Europe","Canada
        Central","Canada East","UK West","UK South"],"apiVersions":["2015-08-01","2014-09-01"]},{"resourceType":"checkNamespaceAvailability","locations":[],"apiVersions":["2015-08-01","2014-09-01"]},{"resourceType":"checkNameAvailability","locations":[],"apiVersions":["2015-08-01","2014-09-01"]},{"resourceType":"sku","locations":[],"apiVersions":["2015-08-01","2014-09-01"]},{"resourceType":"premiumMessagingRegions","locations":[],"apiVersions":["2015-08-01","2014-09-01"]},{"resourceType":"operations","locations":[],"apiVersions":["2015-08-01","2014-09-01"]}],"registrationState":"NotRegistered"},{"id":"/subscriptions/azure_subscription_id/providers/Microsoft.ServiceFabric","namespace":"Microsoft.ServiceFabric","authorization":{"applicationId":"74cb6831-0dbb-4be1-8206-fd4df301cdc2","roleDefinitionId":"e55cc65f-6903-4917-b4ef-f8d4640b57f5"},"resourceTypes":[{"resourceType":"clusters","locations":["West
        US","West US 2","West Central US","East US","East US 2","Central US","West
        Europe","North Europe","UK West","UK South","Australia East","Australia Southeast","North
        Central US","East Asia","Southeast Asia","Japan West","Japan East","Brazil
        South","South Central US","Canada Central","Canada East"],"apiVersions":["2016-09-01","2016-03-01","2016-01-01-beta","2015-01-01-alpha"]},{"resourceType":"locations","locations":[],"apiVersions":["2016-09-01","2016-03-01"]},{"resourceType":"locations/clusterVersions","locations":["West
        US","West US 2","West Central US","East US","East US 2","Central US","West
        Europe","North Europe","UK West","UK South","Australia East","Australia Southeast","North
        Central US","East Asia","Southeast Asia","Japan West","Japan East","Brazil
        South","South Central US","Canada Central","Canada East"],"apiVersions":["2016-09-01","2016-03-01","2016-01-01-beta","2015-01-01-alpha"]}],"registrationState":"NotRegistered"},{"id":"/subscriptions/azure_subscription_id/providers/Microsoft.StorSimple","namespace":"Microsoft.StorSimple","resourceTypes":[{"resourceType":"managers","locations":["West
        US","East US","North Europe","West Europe","Brazil South","East Asia","Southeast
        Asia","Japan East","Japan West","Australia East","Australia Southeast"],"apiVersions":["2016-06-01","2015-03-15","2014-09-01"]},{"resourceType":"operations","locations":["Southeast
        Asia"],"apiVersions":["2016-06-01","2015-03-15","2014-09-01"]}],"registrationState":"NotRegistered"},{"id":"/subscriptions/azure_subscription_id/providers/Microsoft.StreamAnalytics","namespace":"Microsoft.StreamAnalytics","resourceTypes":[{"resourceType":"streamingjobs","locations":["Central
        US","West Europe","East US 2","North Europe","Japan East","West US","Southeast
        Asia","South Central US","East Asia","Japan West","North Central US","East
        US","Australia East","Australia Southeast","Brazil South"],"apiVersions":["2016-03-01","2015-11-01","2015-10-01","2015-09-01","2015-08-01-preview","2015-06-01","2015-05-01","2015-04-01","2015-03-01-preview"]},{"resourceType":"locations","locations":["West
        Europe","Central US","East US 2","North Europe","Japan East","West US","Southeast
        Asia","South Central US","East Asia","Japan West","North Central US","East
        US","Australia East","Australia Southeast","Brazil South"],"apiVersions":["2016-03-01","2015-11-01","2015-10-01","2015-09-01","2015-08-01-preview","2015-06-01","2015-05-01","2015-04-01","2015-03-01-preview"]},{"resourceType":"locations/quotas","locations":[],"apiVersions":["2016-03-01","2015-11-01","2015-10-01","2015-09-01","2015-08-01-preview","2015-06-01","2015-05-01","2015-04-01","2015-03-01-preview"]},{"resourceType":"streamingjobs/diagnosticSettings","locations":["East
        US","East US 2","North Central US","North Europe","West Europe","Brazil South","West
        US","Central US","South Central US","Japan East","Japan West","East Asia","Southeast
        Asia","Australia East","Australia Southeast"],"apiVersions":["2014-04-01"]},{"resourceType":"streamingjobs/metricDefinitions","locations":["East
        US","East US 2","North Central US","North Europe","West Europe","Brazil South","West
        US","Central US","South Central US","Japan East","Japan West","East Asia","Southeast
        Asia","Australia East","Australia Southeast"],"apiVersions":["2014-04-01"]},{"resourceType":"operations","locations":["West
        Europe","West US","Central US","East US 2","North Europe","Japan East","Southeast
        Asia","South Central US","East Asia","Japan West","North Central US","East
        US","Australia East","Australia Southeast","Brazil South"],"apiVersions":["2016-03-01","2015-11-01","2015-10-01","2015-09-01","2015-08-01-preview","2015-06-01","2015-05-01","2015-04-01","2014-04-01"]}],"registrationState":"NotRegistered"},{"id":"/subscriptions/azure_subscription_id/providers/microsoft.support","namespace":"microsoft.support","resourceTypes":[{"resourceType":"operations","locations":["North
        Central US","South Central US","Central US","West Europe","North Europe","West
        US","East US","East US 2","Japan East","Japan West","Brazil South","Southeast
        Asia","East Asia","Australia East","Australia Southeast"],"apiVersions":["2015-07-01-Preview","2015-03-01"]},{"resourceType":"supporttickets","locations":["North
        Central US","South Central US","Central US","West Europe","North Europe","West
        US","East US","East US 2","Japan East","Japan West","Brazil South","Southeast
        Asia","East Asia","Australia East","Australia Southeast"],"apiVersions":["2015-07-01-Preview","2015-03-01"]}],"registrationState":"Registered"},{"id":"/subscriptions/azure_subscription_id/providers/microsoft.visualstudio","namespace":"microsoft.visualstudio","authorization":{"applicationId":"499b84ac-1321-427f-aa17-267ca6975798","roleDefinitionId":"6a18f445-86f0-4e2e-b8a9-6b9b5677e3d8"},"resourceTypes":[{"resourceType":"account","locations":["North
        Central US","South Central US","East US","West US","Central US","North Europe","West
        Europe","East Asia","Southeast Asia","Japan East","Japan West","Brazil South","Australia
        East"],"apiVersions":["2014-04-01-preview","2014-02-26"]},{"resourceType":"account/project","locations":["North
        Central US","South Central US","East US","West US","Central US","North Europe","West
        Europe","East Asia","Southeast Asia","Japan East","Japan West","Brazil South","Australia
        East"],"apiVersions":["2014-04-01-preview","2014-02-26"]},{"resourceType":"account/extension","locations":["North
        Central US","South Central US","East US","West US","Central US","North Europe","West
        Europe","East Asia","Southeast Asia","Japan East","Japan West","Brazil South","Australia
        East"],"apiVersions":["2014-04-01-preview","2014-02-26"]}],"registrationState":"NotRegistered"},{"id":"/subscriptions/azure_subscription_id/providers/Myget.PackageManagement","namespace":"Myget.PackageManagement","resourceTypes":[{"resourceType":"services","locations":["West
        Europe"],"apiVersions":["2015-01-01"]},{"resourceType":"operations","locations":[],"apiVersions":["2015-01-01"]},{"resourceType":"listCommunicationPreference","locations":[],"apiVersions":["2015-01-01"]},{"resourceType":"updateCommunicationPreference","locations":[],"apiVersions":["2015-01-01"]}],"registrationState":"NotRegistered"},{"id":"/subscriptions/azure_subscription_id/providers/NewRelic.APM","namespace":"NewRelic.APM","authorization":{"allowedThirdPartyExtensions":[{"name":"NewRelic_AzurePortal_APM"}]},"resourceTypes":[{"resourceType":"accounts","locations":["North
        Central US","South Central US","West US","East US","North Europe","West Europe","Southeast
        Asia","East Asia"],"apiVersions":["2014-10-01","2014-04-01"]}],"registrationState":"NotRegistered"},{"id":"/subscriptions/azure_subscription_id/providers/Paraleap.CloudMonix","namespace":"Paraleap.CloudMonix","resourceTypes":[{"resourceType":"services","locations":["West
        US"],"apiVersions":["2016-08-10"]},{"resourceType":"operations","locations":[],"apiVersions":["2016-08-10"]},{"resourceType":"listCommunicationPreference","locations":[],"apiVersions":["2016-08-10"]},{"resourceType":"updateCommunicationPreference","locations":[],"apiVersions":["2016-08-10"]}],"registrationState":"NotRegistered"},{"id":"/subscriptions/azure_subscription_id/providers/Pokitdok.Platform","namespace":"Pokitdok.Platform","resourceTypes":[{"resourceType":"services","locations":["West
        US"],"apiVersions":["2016-05-17"]},{"resourceType":"operations","locations":[],"apiVersions":["2016-05-17"]},{"resourceType":"listCommunicationPreference","locations":[],"apiVersions":["2016-05-17"]},{"resourceType":"updateCommunicationPreference","locations":[],"apiVersions":["2016-05-17"]}],"registrationState":"NotRegistered"},{"id":"/subscriptions/azure_subscription_id/providers/RavenHq.Db","namespace":"RavenHq.Db","resourceTypes":[{"resourceType":"databases","locations":["East
        US"],"apiVersions":["2016-07-18","2016-06-01"]},{"resourceType":"operations","locations":[],"apiVersions":["2016-07-18","2016-06-01"]},{"resourceType":"listCommunicationPreference","locations":[],"apiVersions":["2016-07-18","2016-06-01"]},{"resourceType":"updateCommunicationPreference","locations":[],"apiVersions":["2016-07-18","2016-06-01"]}],"registrationState":"NotRegistered"},{"id":"/subscriptions/azure_subscription_id/providers/Raygun.CrashReporting","namespace":"Raygun.CrashReporting","resourceTypes":[{"resourceType":"apps","locations":["East
        US"],"apiVersions":["2015-01-01"]},{"resourceType":"operations","locations":[],"apiVersions":["2015-01-01"]},{"resourceType":"listCommunicationPreference","locations":[],"apiVersions":["2015-01-01"]},{"resourceType":"updateCommunicationPreference","locations":[],"apiVersions":["2015-01-01"]}],"registrationState":"NotRegistered"},{"id":"/subscriptions/azure_subscription_id/providers/RedisLabs.Memcached","namespace":"RedisLabs.Memcached","resourceTypes":[{"resourceType":"operations","locations":[],"apiVersions":["2016-07-10"]}],"registrationState":"NotRegistered"},{"id":"/subscriptions/azure_subscription_id/providers/RedisLabs.Redis","namespace":"RedisLabs.Redis","resourceTypes":[{"resourceType":"operations","locations":[],"apiVersions":["2016-07-10"]}],"registrationState":"NotRegistered"},{"id":"/subscriptions/azure_subscription_id/providers/RevAPM.MobileCDN","namespace":"RevAPM.MobileCDN","resourceTypes":[{"resourceType":"accounts","locations":["Central
        US","East US","East US 2","North Central US","South Central US","West US","North
        Europe","West Europe","East Asia","Southeast Asia","Japan East","Japan West","Australia
        East","Australia Southeast"],"apiVersions":["2016-08-29"]},{"resourceType":"operations","locations":[],"apiVersions":["2016-08-29"]},{"resourceType":"listCommunicationPreference","locations":[],"apiVersions":["2016-08-29"]},{"resourceType":"updateCommunicationPreference","locations":[],"apiVersions":["2016-08-29"]}],"registrationState":"NotRegistered"},{"id":"/subscriptions/azure_subscription_id/providers/Sendgrid.Email","namespace":"Sendgrid.Email","resourceTypes":[{"resourceType":"accounts","locations":["East
        Asia","Southeast Asia","East US","East US 2","West US","North Central US","South
        Central US","Central US","North Europe","West Europe","Japan East","Japan
        West","Brazil South","Australia East","Australia Southeast","Canada Central","Canada
        East","West Central US","West US 2"],"apiVersions":["2015-01-01"]}],"registrationState":"NotRegistered"},{"id":"/subscriptions/azure_subscription_id/providers/Signiant.Flight","namespace":"Signiant.Flight","resourceTypes":[{"resourceType":"accounts","locations":["East
        US","Central US","North Central US","South Central US","West US","North Europe","West
        Europe","East Asia","Southeast Asia","Japan East","Japan West","Australia
        East","Australia Southeast"],"apiVersions":["2015-06-29"]},{"resourceType":"operations","locations":[],"apiVersions":["2015-06-29"]},{"resourceType":"listCommunicationPreference","locations":[],"apiVersions":["2015-06-29"]},{"resourceType":"updateCommunicationPreference","locations":[],"apiVersions":["2015-06-29"]}],"registrationState":"NotRegistered"},{"id":"/subscriptions/azure_subscription_id/providers/Sparkpost.Basic","namespace":"Sparkpost.Basic","resourceTypes":[{"resourceType":"services","locations":["West
        US"],"apiVersions":["2016-08-01"]},{"resourceType":"operations","locations":[],"apiVersions":["2016-08-01"]},{"resourceType":"listCommunicationPreference","locations":[],"apiVersions":["2016-08-01"]},{"resourceType":"updateCommunicationPreference","locations":[],"apiVersions":["2016-08-01"]}],"registrationState":"NotRegistered"},{"id":"/subscriptions/azure_subscription_id/providers/SuccessBricks.ClearDB","namespace":"SuccessBricks.ClearDB","resourceTypes":[{"resourceType":"databases","locations":["Brazil
        South","Central US","East Asia","East US","East US 2","Japan East","Japan
        West","North Central US","North Europe","Southeast Asia","West Europe","West
        US","South Central US","Australia East","Australia Southeast","Canada Central","Canada
        East"],"apiVersions":["2014-04-01"]},{"resourceType":"clusters","locations":["Brazil
        South","Central US","East Asia","East US","East US 2","Japan East","Japan
        West","North Central US","North Europe","Southeast Asia","West Europe","West
        US","Australia Southeast","Australia East","South Central US","Canada Central","Canada
        East"],"apiVersions":["2014-04-01"]}],"registrationState":"NotRegistered"},{"id":"/subscriptions/azure_subscription_id/providers/TrendMicro.DeepSecurity","namespace":"TrendMicro.DeepSecurity","resourceTypes":[{"resourceType":"accounts","locations":["Central
        US"],"apiVersions":["2015-06-15"]},{"resourceType":"operations","locations":[],"apiVersions":["2015-06-15"]},{"resourceType":"listCommunicationPreference","locations":[],"apiVersions":["2015-06-15"]},{"resourceType":"updateCommunicationPreference","locations":[],"apiVersions":["2015-06-15"]}],"registrationState":"NotRegistered"},{"id":"/subscriptions/azure_subscription_id/providers/U2uconsult.TheIdentityHub","namespace":"U2uconsult.TheIdentityHub","resourceTypes":[{"resourceType":"services","locations":["West
        Europe"],"apiVersions":["2015-06-15"]},{"resourceType":"operations","locations":[],"apiVersions":["2015-06-15"]},{"resourceType":"listCommunicationPreference","locations":[],"apiVersions":["2015-06-15"]},{"resourceType":"updateCommunicationPreference","locations":[],"apiVersions":["2015-06-15"]}],"registrationState":"NotRegistered"}]}'
    http_version: 
  recorded_at: Mon, 24 Oct 2016 19:59:33 GMT
- request:
    method: get
    uri: https://management.azure.com/subscriptions/azure_subscription_id/resourceGroups/my_resource_group/providers/Microsoft.Compute/virtualMachines/my_instance_name?api-version=2016-03-30
    body:
      encoding: US-ASCII
      string: ''
    headers:
      Accept:
      - application/json
      Accept-Encoding:
      - gzip, deflate
      User-Agent:
      - rest-client/2.0.0 (darwin15.4.0 x86_64) ruby/2.3.1p112
      Content-Type:
      - application/json
      Authorization:
      - Bearer eyJ0eXAiOiJKV1QiLCJhbGciOiJSUzI1NiIsIng1dCI6Ikk2b0J3NFZ6QkhPcWxlR3JWMkFKZEE1RW1YYyIsImtpZCI6Ikk2b0J3NFZ6QkhPcWxlR3JWMkFKZEE1RW1YYyJ9.eyJhdWQiOiJodHRwczovL21hbmFnZW1lbnQuYXp1cmUuY29tLyIsImlzcyI6Imh0dHBzOi8vc3RzLndpbmRvd3MubmV0Lzc3ZWNlZmI2LWNmZjAtNGU4ZC1hNDQ2LTc1N2E2OWNiOTQ4NS8iLCJpYXQiOjE0NzczMzg4NzIsIm5iZiI6MTQ3NzMzODg3MiwiZXhwIjoxNDc3MzQyNzcyLCJhcHBpZCI6ImZjMWMyMjI1LTA2NWYtNGJhOC04M2Q5LWQ4NjY2MmY1NzhhZiIsImFwcGlkYWNyIjoiMSIsImdyb3VwcyI6WyI0MDczODk4Ni0zYzgyLTRjZjEtOTlmYy0xMzQ1N2UzMzMyZmMiLCIwZDAxNDNlYS0zMzllLTQyZTAtYTI0ZS1iNWE4ZmM2OWZmMTQiLCJkNjVmMmU1ZC1mYmZiLTQxNTMtODZiMi01OTc5YjRlNmI1OTIiXSwiaWRwIjoiaHR0cHM6Ly9zdHMud2luZG93cy5uZXQvNzdlY2VmYjYtY2ZmMC00ZThkLWE0NDYtNzU3YTY5Y2I5NDg1LyIsIm9pZCI6IjMwNmViNDJhLTM1ODUtNGEzNy05NWI3LTM4YmMwZTk4MjhkMiIsInN1YiI6IjMwNmViNDJhLTM1ODUtNGEzNy05NWI3LTM4YmMwZTk4MjhkMiIsInRpZCI6Ijc3ZWNlZmI2LWNmZjAtNGU4ZC1hNDQ2LTc1N2E2OWNiOTQ4NSIsInZlciI6IjEuMCJ9.ZbYcSCJUmhmkHfShhnePCDImE3BkePClV637kbhT3w8fxX2t4QLcjBAi13x9sRJRA7CCgR1HeKR2pSThoMMD23bgCKuME_nazpGzagGUR6C_uQCrEQbXhpGzA_NeExE4HZ721AUTmj0vtxCrU3VH_PygF7h4CYPpl4savaIg8oZcIncvx3ySRcATsgGKD0VGVrhfUOSlLST664CbJZn8fj1cUw-z43N2D302s-ulq5ulHv0s8PF79Xn3LfnA5Q0Kt0NhMTKi3L_NdF0Rvi17i4CtEH2He7qHVT406tpB_mP6La8EnAncYcxk-y8fpt2PqHE5sOWU3zTCVkeTjVq0Rw
  response:
    status:
      code: 200
      message: OK
    headers:
      Cache-Control:
      - no-cache
      Pragma:
      - no-cache
      Transfer-Encoding:
      - chunked
      Content-Type:
      - application/json; charset=utf-8
      Expires:
      - "-1"
      Vary:
      - Accept-Encoding
      Strict-Transport-Security:
      - max-age=31536000; includeSubDomains
      X-Ms-Served-By:
      - 1a5498b5-371e-4a3a-8afd-84914b23eaad_131201811068484881
      X-Ms-Request-Id:
      - ba3d2db2-7efb-4d7a-8f1f-d0e8551fe35e
      Server:
      - Microsoft-HTTPAPI/2.0
      - Microsoft-HTTPAPI/2.0
      X-Ms-Ratelimit-Remaining-Subscription-Reads:
      - '14859'
      X-Ms-Correlation-Request-Id:
      - 76dab3bb-76d9-4074-8e37-aba4cce0141a
      X-Ms-Routing-Request-Id:
      - CENTRALUS:20161024T195934Z:76dab3bb-76d9-4074-8e37-aba4cce0141a
      Date:
      - Mon, 24 Oct 2016 19:59:33 GMT
    body:
      encoding: ASCII-8BIT
      string: "{\r\n  \"properties\": {\r\n    \"vmId\": \"c4d577ae-4be8-41c1-84f8-642320910a5e\",\r\n
        \   \"hardwareProfile\": {\r\n      \"vmSize\": \"Basic_A0\"\r\n    },\r\n
        \   \"storageProfile\": {\r\n      \"imageReference\": {\r\n        \"publisher\":
        \"Canonical\",\r\n        \"offer\": \"UbuntuServer\",\r\n        \"sku\":
        \"15.10\",\r\n        \"version\": \"latest\"\r\n      },\r\n      \"osDisk\":
        {\r\n        \"osType\": \"Linux\",\r\n        \"name\": \"my_instance_name\",\r\n
        \       \"createOption\": \"FromImage\",\r\n        \"vhd\": {\r\n          \"uri\":
        \"https://my-azure-storage-account3.blob.core.windows.net/vhds/my_instance_name2016218112647.vhd\"\r\n
        \       },\r\n        \"caching\": \"ReadWrite\"\r\n      },\r\n      \"dataDisks\":
        []\r\n    },\r\n    \"osProfile\": {\r\n      \"computerName\": \"my_instance_name\",\r\n
        \     \"adminUsername\": \"dberger\",\r\n      \"linuxConfiguration\": {\r\n
        \       \"disablePasswordAuthentication\": false\r\n      },\r\n      \"secrets\":
        []\r\n    },\r\n    \"networkProfile\": {\"networkInterfaces\":[{\"id\":\"/subscriptions/azure_subscription_id/resourceGroups/my_resource_group/providers/Microsoft.Network/networkInterfaces/my_instance_name989\"}]},\r\n
        \   \"diagnosticsProfile\": {\r\n      \"bootDiagnostics\": {\r\n        \"enabled\":
        true,\r\n        \"storageUri\": \"https://my-azure-storage-account3.blob.core.windows.net/\"\r\n
        \     }\r\n    },\r\n    \"provisioningState\": \"Succeeded\"\r\n  },\r\n
        \ \"resources\": [\r\n    {\r\n      \"properties\": {\r\n        \"publisher\":
        \"Microsoft.OSTCExtensions\",\r\n        \"type\": \"LinuxDiagnostic\",\r\n
        \       \"typeHandlerVersion\": \"2.0\",\r\n        \"autoUpgradeMinorVersion\":
        true,\r\n        \"settings\": {\"xmlCfg\":\"PFdhZENmZz48RGlhZ25vc3RpY01vbml0b3JDb25maWd1cmF0aW9uIG92ZXJhbGxRdW90YUluTUI9IjQwOTYiPjxEaWFnbm9zdGljSW5mcmFzdHJ1Y3R1cmVMb2dzIHNjaGVkdWxlZFRyYW5zZmVyUGVyaW9kPSJQVDFNIiBzY2hlZHVsZWRUcmFuc2ZlckxvZ0xldmVsRmlsdGVyPSJXYXJuaW5nIi8+PFBlcmZvcm1hbmNlQ291bnRlcnMgc2NoZWR1bGVkVHJhbnNmZXJQZXJpb2Q9IlBUMU0iPjxQZXJmb3JtYW5jZUNvdW50ZXJDb25maWd1cmF0aW9uIGNvdW50ZXJTcGVjaWZpZXI9IlxNZW1vcnlcQXZhaWxhYmxlTWVtb3J5IiBzYW1wbGVSYXRlPSJQVDE1UyIgdW5pdD0iQnl0ZXMiPjxhbm5vdGF0aW9uIGRpc3BsYXlOYW1lPSJNZW1vcnkgYXZhaWxhYmxlIiBsb2NhbGU9ImVuLXVzIi8+PC9QZXJmb3JtYW5jZUNvdW50ZXJDb25maWd1cmF0aW9uPjxQZXJmb3JtYW5jZUNvdW50ZXJDb25maWd1cmF0aW9uIGNvdW50ZXJTcGVjaWZpZXI9IlxNZW1vcnlcUGVyY2VudEF2YWlsYWJsZU1lbW9yeSIgc2FtcGxlUmF0ZT0iUFQxNVMiIHVuaXQ9IlBlcmNlbnQiPjxhbm5vdGF0aW9uIGRpc3BsYXlOYW1lPSJNZW0uIHBlcmNlbnQgYXZhaWxhYmxlIiBsb2NhbGU9ImVuLXVzIi8+PC9QZXJmb3JtYW5jZUNvdW50ZXJDb25maWd1cmF0aW9uPjxQZXJmb3JtYW5jZUNvdW50ZXJDb25maWd1cmF0aW9uIGNvdW50ZXJTcGVjaWZpZXI9IlxNZW1vcnlcVXNlZE1lbW9yeSIgc2FtcGxlUmF0ZT0iUFQxNVMiIHVuaXQ9IkJ5dGVzIj48YW5ub3RhdGlvbiBkaXNwbGF5TmFtZT0iTWVtb3J5IHVzZWQiIGxvY2FsZT0iZW4tdXMiLz48L1BlcmZvcm1hbmNlQ291bnRlckNvbmZpZ3VyYXRpb24+PFBlcmZvcm1hbmNlQ291bnRlckNvbmZpZ3VyYXRpb24gY291bnRlclNwZWNpZmllcj0iXE1lbW9yeVxQZXJjZW50VXNlZE1lbW9yeSIgc2FtcGxlUmF0ZT0iUFQxNVMiIHVuaXQ9IlBlcmNlbnQiPjxhbm5vdGF0aW9uIGRpc3BsYXlOYW1lPSJNZW1vcnkgcGVyY2VudGFnZSIgbG9jYWxlPSJlbi11cyIvPjwvUGVyZm9ybWFuY2VDb3VudGVyQ29uZmlndXJhdGlvbj48UGVyZm9ybWFuY2VDb3VudGVyQ29uZmlndXJhdGlvbiBjb3VudGVyU3BlY2lmaWVyPSJcTWVtb3J5XFBlcmNlbnRVc2VkQnlDYWNoZSIgc2FtcGxlUmF0ZT0iUFQxNVMiIHVuaXQ9IlBlcmNlbnQiPjxhbm5vdGF0aW9uIGRpc3BsYXlOYW1lPSJNZW0uIHVzZWQgYnkgY2FjaGUiIGxvY2FsZT0iZW4tdXMiLz48L1BlcmZvcm1hbmNlQ291bnRlckNvbmZpZ3VyYXRpb24+PFBlcmZvcm1hbmNlQ291bnRlckNvbmZpZ3VyYXRpb24gY291bnRlclNwZWNpZmllcj0iXE1lbW9yeVxQYWdlc1BlclNlYyIgc2FtcGxlUmF0ZT0iUFQxNVMiIHVuaXQ9IkNvdW50UGVyU2Vjb25kIj48YW5ub3RhdGlvbiBkaXNwbGF5TmFtZT0iUGFnZXMiIGxvY2FsZT0iZW4tdXMiLz48L1BlcmZvcm1hbmNlQ291bnRlckNvbmZpZ3VyYXRpb24+PFBlcmZvcm1hbmNlQ291bnRlckNvbmZpZ3VyYXRpb24gY291bnRlclNwZWNpZmllcj0iXE1lbW9yeVxQYWdlc1JlYWRQZXJTZWMiIHNhbXBsZVJhdGU9IlBUMTVTIiB1bml0PSJDb3VudFBlclNlY29uZCI+PGFubm90YXRpb24gZGlzcGxheU5hbWU9IlBhZ2UgcmVhZHMiIGxvY2FsZT0iZW4tdXMiLz48L1BlcmZvcm1hbmNlQ291bnRlckNvbmZpZ3VyYXRpb24+PFBlcmZvcm1hbmNlQ291bnRlckNvbmZpZ3VyYXRpb24gY291bnRlclNwZWNpZmllcj0iXE1lbW9yeVxQYWdlc1dyaXR0ZW5QZXJTZWMiIHNhbXBsZVJhdGU9IlBUMTVTIiB1bml0PSJDb3VudFBlclNlY29uZCI+PGFubm90YXRpb24gZGlzcGxheU5hbWU9IlBhZ2Ugd3JpdGVzIiBsb2NhbGU9ImVuLXVzIi8+PC9QZXJmb3JtYW5jZUNvdW50ZXJDb25maWd1cmF0aW9uPjxQZXJmb3JtYW5jZUNvdW50ZXJDb25maWd1cmF0aW9uIGNvdW50ZXJTcGVjaWZpZXI9IlxNZW1vcnlcQXZhaWxhYmxlU3dhcCIgc2FtcGxlUmF0ZT0iUFQxNVMiIHVuaXQ9IkJ5dGVzIj48YW5ub3RhdGlvbiBkaXNwbGF5TmFtZT0iU3dhcCBhdmFpbGFibGUiIGxvY2FsZT0iZW4tdXMiLz48L1BlcmZvcm1hbmNlQ291bnRlckNvbmZpZ3VyYXRpb24+PFBlcmZvcm1hbmNlQ291bnRlckNvbmZpZ3VyYXRpb24gY291bnRlclNwZWNpZmllcj0iXE1lbW9yeVxQZXJjZW50QXZhaWxhYmxlU3dhcCIgc2FtcGxlUmF0ZT0iUFQxNVMiIHVuaXQ9IlBlcmNlbnQiPjxhbm5vdGF0aW9uIGRpc3BsYXlOYW1lPSJTd2FwIHBlcmNlbnQgYXZhaWxhYmxlIiBsb2NhbGU9ImVuLXVzIi8+PC9QZXJmb3JtYW5jZUNvdW50ZXJDb25maWd1cmF0aW9uPjxQZXJmb3JtYW5jZUNvdW50ZXJDb25maWd1cmF0aW9uIGNvdW50ZXJTcGVjaWZpZXI9IlxNZW1vcnlcVXNlZFN3YXAiIHNhbXBsZVJhdGU9IlBUMTVTIiB1bml0PSJCeXRlcyI+PGFubm90YXRpb24gZGlzcGxheU5hbWU9IlN3YXAgdXNlZCIgbG9jYWxlPSJlbi11cyIvPjwvUGVyZm9ybWFuY2VDb3VudGVyQ29uZmlndXJhdGlvbj48UGVyZm9ybWFuY2VDb3VudGVyQ29uZmlndXJhdGlvbiBjb3VudGVyU3BlY2lmaWVyPSJcTWVtb3J5XFBlcmNlbnRVc2VkU3dhcCIgc2FtcGxlUmF0ZT0iUFQxNVMiIHVuaXQ9IlBlcmNlbnQiPjxhbm5vdGF0aW9uIGRpc3BsYXlOYW1lPSJTd2FwIHBlcmNlbnQgdXNlZCIgbG9jYWxlPSJlbi11cyIvPjwvUGVyZm9ybWFuY2VDb3VudGVyQ29uZmlndXJhdGlvbj48UGVyZm9ybWFuY2VDb3VudGVyQ29uZmlndXJhdGlvbiBjb3VudGVyU3BlY2lmaWVyPSJcUHJvY2Vzc29yXFBlcmNlbnRJZGxlVGltZSIgc2FtcGxlUmF0ZT0iUFQxNVMiIHVuaXQ9IlBlcmNlbnQiPjxhbm5vdGF0aW9uIGRpc3BsYXlOYW1lPSJDUFUgaWRsZSB0aW1lIiBsb2NhbGU9ImVuLXVzIi8+PC9QZXJmb3JtYW5jZUNvdW50ZXJDb25maWd1cmF0aW9uPjxQZXJmb3JtYW5jZUNvdW50ZXJDb25maWd1cmF0aW9uIGNvdW50ZXJTcGVjaWZpZXI9IlxQcm9jZXNzb3JcUGVyY2VudFVzZXJUaW1lIiBzYW1wbGVSYXRlPSJQVDE1UyIgdW5pdD0iUGVyY2VudCI+PGFubm90YXRpb24gZGlzcGxheU5hbWU9IkNQVSB1c2VyIHRpbWUiIGxvY2FsZT0iZW4tdXMiLz48L1BlcmZvcm1hbmNlQ291bnRlckNvbmZpZ3VyYXRpb24+PFBlcmZvcm1hbmNlQ291bnRlckNvbmZpZ3VyYXRpb24gY291bnRlclNwZWNpZmllcj0iXFByb2Nlc3NvclxQZXJjZW50TmljZVRpbWUiIHNhbXBsZVJhdGU9IlBUMTVTIiB1bml0PSJQZXJjZW50Ij48YW5ub3RhdGlvbiBkaXNwbGF5TmFtZT0iQ1BVIG5pY2UgdGltZSIgbG9jYWxlPSJlbi11cyIvPjwvUGVyZm9ybWFuY2VDb3VudGVyQ29uZmlndXJhdGlvbj48UGVyZm9ybWFuY2VDb3VudGVyQ29uZmlndXJhdGlvbiBjb3VudGVyU3BlY2lmaWVyPSJcUHJvY2Vzc29yXFBlcmNlbnRQcml2aWxlZ2VkVGltZSIgc2FtcGxlUmF0ZT0iUFQxNVMiIHVuaXQ9IlBlcmNlbnQiPjxhbm5vdGF0aW9uIGRpc3BsYXlOYW1lPSJDUFUgcHJpdmlsZWdlZCB0aW1lIiBsb2NhbGU9ImVuLXVzIi8+PC9QZXJmb3JtYW5jZUNvdW50ZXJDb25maWd1cmF0aW9uPjxQZXJmb3JtYW5jZUNvdW50ZXJDb25maWd1cmF0aW9uIGNvdW50ZXJTcGVjaWZpZXI9IlxQcm9jZXNzb3JcUGVyY2VudEludGVycnVwdFRpbWUiIHNhbXBsZVJhdGU9IlBUMTVTIiB1bml0PSJQZXJjZW50Ij48YW5ub3RhdGlvbiBkaXNwbGF5TmFtZT0iQ1BVIGludGVycnVwdCB0aW1lIiBsb2NhbGU9ImVuLXVzIi8+PC9QZXJmb3JtYW5jZUNvdW50ZXJDb25maWd1cmF0aW9uPjxQZXJmb3JtYW5jZUNvdW50ZXJDb25maWd1cmF0aW9uIGNvdW50ZXJTcGVjaWZpZXI9IlxQcm9jZXNzb3JcUGVyY2VudERQQ1RpbWUiIHNhbXBsZVJhdGU9IlBUMTVTIiB1bml0PSJQZXJjZW50Ij48YW5ub3RhdGlvbiBkaXNwbGF5TmFtZT0iQ1BVIERQQyB0aW1lIiBsb2NhbGU9ImVuLXVzIi8+PC9QZXJmb3JtYW5jZUNvdW50ZXJDb25maWd1cmF0aW9uPjxQZXJmb3JtYW5jZUNvdW50ZXJDb25maWd1cmF0aW9uIGNvdW50ZXJTcGVjaWZpZXI9IlxQcm9jZXNzb3JcUGVyY2VudFByb2Nlc3NvclRpbWUiIHNhbXBsZVJhdGU9IlBUMTVTIiB1bml0PSJQZXJjZW50Ij48YW5ub3RhdGlvbiBkaXNwbGF5TmFtZT0iQ1BVIHBlcmNlbnRhZ2UgZ3Vlc3QgT1MiIGxvY2FsZT0iZW4tdXMiLz48L1BlcmZvcm1hbmNlQ291bnRlckNvbmZpZ3VyYXRpb24+PFBlcmZvcm1hbmNlQ291bnRlckNvbmZpZ3VyYXRpb24gY291bnRlclNwZWNpZmllcj0iXFByb2Nlc3NvclxQZXJjZW50SU9XYWl0VGltZSIgc2FtcGxlUmF0ZT0iUFQxNVMiIHVuaXQ9IlBlcmNlbnQiPjxhbm5vdGF0aW9uIGRpc3BsYXlOYW1lPSJDUFUgSU8gd2FpdCB0aW1lIiBsb2NhbGU9ImVuLXVzIi8+PC9QZXJmb3JtYW5jZUNvdW50ZXJDb25maWd1cmF0aW9uPjxQZXJmb3JtYW5jZUNvdW50ZXJDb25maWd1cmF0aW9uIGNvdW50ZXJTcGVjaWZpZXI9IlxQaHlzaWNhbERpc2tcQnl0ZXNQZXJTZWNvbmQiIHNhbXBsZVJhdGU9IlBUMTVTIiB1bml0PSJCeXRlc1BlclNlY29uZCI+PGFubm90YXRpb24gZGlzcGxheU5hbWU9IkRpc2sgdG90YWwgYnl0ZXMiIGxvY2FsZT0iZW4tdXMiLz48L1BlcmZvcm1hbmNlQ291bnRlckNvbmZpZ3VyYXRpb24+PFBlcmZvcm1hbmNlQ291bnRlckNvbmZpZ3VyYXRpb24gY291bnRlclNwZWNpZmllcj0iXFBoeXNpY2FsRGlza1xSZWFkQnl0ZXNQZXJTZWNvbmQiIHNhbXBsZVJhdGU9IlBUMTVTIiB1bml0PSJCeXRlc1BlclNlY29uZCI+PGFubm90YXRpb24gZGlzcGxheU5hbWU9IkRpc2sgcmVhZCBndWVzdCBPUyIgbG9jYWxlPSJlbi11cyIvPjwvUGVyZm9ybWFuY2VDb3VudGVyQ29uZmlndXJhdGlvbj48UGVyZm9ybWFuY2VDb3VudGVyQ29uZmlndXJhdGlvbiBjb3VudGVyU3BlY2lmaWVyPSJcUGh5c2ljYWxEaXNrXFdyaXRlQnl0ZXNQZXJTZWNvbmQiIHNhbXBsZVJhdGU9IlBUMTVTIiB1bml0PSJCeXRlc1BlclNlY29uZCI+PGFubm90YXRpb24gZGlzcGxheU5hbWU9IkRpc2sgd3JpdGUgZ3Vlc3QgT1MiIGxvY2FsZT0iZW4tdXMiLz48L1BlcmZvcm1hbmNlQ291bnRlckNvbmZpZ3VyYXRpb24+PFBlcmZvcm1hbmNlQ291bnRlckNvbmZpZ3VyYXRpb24gY291bnRlclNwZWNpZmllcj0iXFBoeXNpY2FsRGlza1xUcmFuc2ZlcnNQZXJTZWNvbmQiIHNhbXBsZVJhdGU9IlBUMTVTIiB1bml0PSJDb3VudFBlclNlY29uZCI+PGFubm90YXRpb24gZGlzcGxheU5hbWU9IkRpc2sgdHJhbnNmZXJzIiBsb2NhbGU9ImVuLXVzIi8+PC9QZXJmb3JtYW5jZUNvdW50ZXJDb25maWd1cmF0aW9uPjxQZXJmb3JtYW5jZUNvdW50ZXJDb25maWd1cmF0aW9uIGNvdW50ZXJTcGVjaWZpZXI9IlxQaHlzaWNhbERpc2tcUmVhZHNQZXJTZWNvbmQiIHNhbXBsZVJhdGU9IlBUMTVTIiB1bml0PSJDb3VudFBlclNlY29uZCI+PGFubm90YXRpb24gZGlzcGxheU5hbWU9IkRpc2sgcmVhZHMiIGxvY2FsZT0iZW4tdXMiLz48L1BlcmZvcm1hbmNlQ291bnRlckNvbmZpZ3VyYXRpb24+PFBlcmZvcm1hbmNlQ291bnRlckNvbmZpZ3VyYXRpb24gY291bnRlclNwZWNpZmllcj0iXFBoeXNpY2FsRGlza1xXcml0ZXNQZXJTZWNvbmQiIHNhbXBsZVJhdGU9IlBUMTVTIiB1bml0PSJDb3VudFBlclNlY29uZCI+PGFubm90YXRpb24gZGlzcGxheU5hbWU9IkRpc2sgd3JpdGVzIiBsb2NhbGU9ImVuLXVzIi8+PC9QZXJmb3JtYW5jZUNvdW50ZXJDb25maWd1cmF0aW9uPjxQZXJmb3JtYW5jZUNvdW50ZXJDb25maWd1cmF0aW9uIGNvdW50ZXJTcGVjaWZpZXI9IlxQaHlzaWNhbERpc2tcQXZlcmFnZVJlYWRUaW1lIiBzYW1wbGVSYXRlPSJQVDE1UyIgdW5pdD0iU2Vjb25kcyI+PGFubm90YXRpb24gZGlzcGxheU5hbWU9IkRpc2sgcmVhZCB0aW1lIiBsb2NhbGU9ImVuLXVzIi8+PC9QZXJmb3JtYW5jZUNvdW50ZXJDb25maWd1cmF0aW9uPjxQZXJmb3JtYW5jZUNvdW50ZXJDb25maWd1cmF0aW9uIGNvdW50ZXJTcGVjaWZpZXI9IlxQaHlzaWNhbERpc2tcQXZlcmFnZVdyaXRlVGltZSIgc2FtcGxlUmF0ZT0iUFQxNVMiIHVuaXQ9IlNlY29uZHMiPjxhbm5vdGF0aW9uIGRpc3BsYXlOYW1lPSJEaXNrIHdyaXRlIHRpbWUiIGxvY2FsZT0iZW4tdXMiLz48L1BlcmZvcm1hbmNlQ291bnRlckNvbmZpZ3VyYXRpb24+PFBlcmZvcm1hbmNlQ291bnRlckNvbmZpZ3VyYXRpb24gY291bnRlclNwZWNpZmllcj0iXFBoeXNpY2FsRGlza1xBdmVyYWdlVHJhbnNmZXJUaW1lIiBzYW1wbGVSYXRlPSJQVDE1UyIgdW5pdD0iU2Vjb25kcyI+PGFubm90YXRpb24gZGlzcGxheU5hbWU9IkRpc2sgdHJhbnNmZXIgdGltZSIgbG9jYWxlPSJlbi11cyIvPjwvUGVyZm9ybWFuY2VDb3VudGVyQ29uZmlndXJhdGlvbj48UGVyZm9ybWFuY2VDb3VudGVyQ29uZmlndXJhdGlvbiBjb3VudGVyU3BlY2lmaWVyPSJcUGh5c2ljYWxEaXNrXEF2ZXJhZ2VEaXNrUXVldWVMZW5ndGgiIHNhbXBsZVJhdGU9IlBUMTVTIiB1bml0PSJDb3VudCI+PGFubm90YXRpb24gZGlzcGxheU5hbWU9IkRpc2sgcXVldWUgbGVuZ3RoIiBsb2NhbGU9ImVuLXVzIi8+PC9QZXJmb3JtYW5jZUNvdW50ZXJDb25maWd1cmF0aW9uPjxQZXJmb3JtYW5jZUNvdW50ZXJDb25maWd1cmF0aW9uIGNvdW50ZXJTcGVjaWZpZXI9IlxOZXR3b3JrSW50ZXJmYWNlXEJ5dGVzVHJhbnNtaXR0ZWQiIHNhbXBsZVJhdGU9IlBUMTVTIiB1bml0PSJCeXRlcyI+PGFubm90YXRpb24gZGlzcGxheU5hbWU9Ik5ldHdvcmsgb3V0IGd1ZXN0IE9TIiBsb2NhbGU9ImVuLXVzIi8+PC9QZXJmb3JtYW5jZUNvdW50ZXJDb25maWd1cmF0aW9uPjxQZXJmb3JtYW5jZUNvdW50ZXJDb25maWd1cmF0aW9uIGNvdW50ZXJTcGVjaWZpZXI9IlxOZXR3b3JrSW50ZXJmYWNlXEJ5dGVzUmVjZWl2ZWQiIHNhbXBsZVJhdGU9IlBUMTVTIiB1bml0PSJCeXRlcyI+PGFubm90YXRpb24gZGlzcGxheU5hbWU9Ik5ldHdvcmsgaW4gZ3Vlc3QgT1MiIGxvY2FsZT0iZW4tdXMiLz48L1BlcmZvcm1hbmNlQ291bnRlckNvbmZpZ3VyYXRpb24+PFBlcmZvcm1hbmNlQ291bnRlckNvbmZpZ3VyYXRpb24gY291bnRlclNwZWNpZmllcj0iXE5ldHdvcmtJbnRlcmZhY2VcUGFja2V0c1RyYW5zbWl0dGVkIiBzYW1wbGVSYXRlPSJQVDE1UyIgdW5pdD0iQ291bnQiPjxhbm5vdGF0aW9uIGRpc3BsYXlOYW1lPSJQYWNrZXRzIHNlbnQiIGxvY2FsZT0iZW4tdXMiLz48L1BlcmZvcm1hbmNlQ291bnRlckNvbmZpZ3VyYXRpb24+PFBlcmZvcm1hbmNlQ291bnRlckNvbmZpZ3VyYXRpb24gY291bnRlclNwZWNpZmllcj0iXE5ldHdvcmtJbnRlcmZhY2VcUGFja2V0c1JlY2VpdmVkIiBzYW1wbGVSYXRlPSJQVDE1UyIgdW5pdD0iQ291bnQiPjxhbm5vdGF0aW9uIGRpc3BsYXlOYW1lPSJQYWNrZXRzIHJlY2VpdmVkIiBsb2NhbGU9ImVuLXVzIi8+PC9QZXJmb3JtYW5jZUNvdW50ZXJDb25maWd1cmF0aW9uPjxQZXJmb3JtYW5jZUNvdW50ZXJDb25maWd1cmF0aW9uIGNvdW50ZXJTcGVjaWZpZXI9IlxOZXR3b3JrSW50ZXJmYWNlXEJ5dGVzVG90YWwiIHNhbXBsZVJhdGU9IlBUMTVTIiB1bml0PSJCeXRlcyI+PGFubm90YXRpb24gZGlzcGxheU5hbWU9Ik5ldHdvcmsgdG90YWwgYnl0ZXMiIGxvY2FsZT0iZW4tdXMiLz48L1BlcmZvcm1hbmNlQ291bnRlckNvbmZpZ3VyYXRpb24+PFBlcmZvcm1hbmNlQ291bnRlckNvbmZpZ3VyYXRpb24gY291bnRlclNwZWNpZmllcj0iXE5ldHdvcmtJbnRlcmZhY2VcVG90YWxSeEVycm9ycyIgc2FtcGxlUmF0ZT0iUFQxNVMiIHVuaXQ9IkNvdW50Ij48YW5ub3RhdGlvbiBkaXNwbGF5TmFtZT0iUGFja2V0cyByZWNlaXZlZCBlcnJvcnMiIGxvY2FsZT0iZW4tdXMiLz48L1BlcmZvcm1hbmNlQ291bnRlckNvbmZpZ3VyYXRpb24+PFBlcmZvcm1hbmNlQ291bnRlckNvbmZpZ3VyYXRpb24gY291bnRlclNwZWNpZmllcj0iXE5ldHdvcmtJbnRlcmZhY2VcVG90YWxUeEVycm9ycyIgc2FtcGxlUmF0ZT0iUFQxNVMiIHVuaXQ9IkNvdW50Ij48YW5ub3RhdGlvbiBkaXNwbGF5TmFtZT0iUGFja2V0cyBzZW50IGVycm9ycyIgbG9jYWxlPSJlbi11cyIvPjwvUGVyZm9ybWFuY2VDb3VudGVyQ29uZmlndXJhdGlvbj48UGVyZm9ybWFuY2VDb3VudGVyQ29uZmlndXJhdGlvbiBjb3VudGVyU3BlY2lmaWVyPSJcTmV0d29ya0ludGVyZmFjZVxUb3RhbENvbGxpc2lvbnMiIHNhbXBsZVJhdGU9IlBUMTVTIiB1bml0PSJDb3VudCI+PGFubm90YXRpb24gZGlzcGxheU5hbWU9Ik5ldHdvcmsgY29sbGlzaW9ucyIgbG9jYWxlPSJlbi11cyIvPjwvUGVyZm9ybWFuY2VDb3VudGVyQ29uZmlndXJhdGlvbj48L1BlcmZvcm1hbmNlQ291bnRlcnM+PE1ldHJpY3MgcmVzb3VyY2VJZD0iL3N1YnNjcmlwdGlvbnMvMjU4NmM2NGItMzhiNC00NTI3LWExNDAtMDEyZDQ5ZGZjMDJjL3Jlc291cmNlR3JvdXBzL21pcS1henVyZS10ZXN0MS9wcm92aWRlcnMvTWljcm9zb2Z0LkNvbXB1dGUvdmlydHVhbE1hY2hpbmVzL21pcS10ZXN0LXVidW50dTEiPjxNZXRyaWNBZ2dyZWdhdGlvbiBzY2hlZHVsZWRUcmFuc2ZlclBlcmlvZD0iUFQxSCIvPjxNZXRyaWNBZ2dyZWdhdGlvbiBzY2hlZHVsZWRUcmFuc2ZlclBlcmlvZD0iUFQxTSIvPjwvTWV0cmljcz48L0RpYWdub3N0aWNNb25pdG9yQ29uZmlndXJhdGlvbj48L1dhZENmZz4=\",\"StorageAccount\":\"my-azure-storage-account3\"},\r\n
        \       \"provisioningState\": \"Succeeded\"\r\n      },\r\n      \"id\":
        \"/subscriptions/azure_subscription_id/resourceGroups/my_resource_group/providers/Microsoft.Compute/virtualMachines/my_instance_name/extensions/Microsoft.Insights.VMDiagnosticsSettings\",\r\n
        \     \"name\": \"Microsoft.Insights.VMDiagnosticsSettings\",\r\n      \"type\":
        \"Microsoft.Compute/virtualMachines/extensions\",\r\n      \"location\": \"eastus\"\r\n
        \   }\r\n  ],\r\n  \"id\": \"/subscriptions/azure_subscription_id/resourceGroups/my_resource_group/providers/Microsoft.Compute/virtualMachines/my_instance_name\",\r\n
        \ \"name\": \"my_instance_name\",\r\n  \"type\": \"Microsoft.Compute/virtualMachines\",\r\n
        \ \"location\": \"eastus\",\r\n  \"tags\": {\r\n    \"Shutdown\": \"true\"\r\n
        \ }\r\n}"
    http_version: 
  recorded_at: Mon, 24 Oct 2016 19:59:34 GMT
recorded_with: VCR 3.0.3
