---
http_interactions:
- request:
    method: post
    uri: https://ec2.us-east-1.amazonaws.com/
    body:
      encoding: UTF-8
      string: AWSAccessKeyId=0123456789ABCDEFGHIJ&Action=DescribeRegions&Signature=I8S0ndDlpLOm05F5CCAUQreDK9STwItSVhBzgdzeDPM%3D&SignatureMethod=HmacSHA256&SignatureVersion=2&Timestamp=2013-09-24T17%3A56%3A51Z&Version=2013-02-01
    headers:
      Content-Type:
      - application/x-www-form-urlencoded; charset=utf-8
      Accept-Encoding:
      - ''
      Content-Length:
      - '215'
      User-Agent:
      - aws-sdk-ruby/1.11.3 ruby/1.9.3 x86_64-darwin12.4.0
      Accept:
      - ! '*/*'
  response:
    status:
      code: 200
      message: OK
    headers:
      Content-Type:
      - text/xml;charset=UTF-8
      Transfer-Encoding:
      - chunked
      Date:
      - Tue, 24 Sep 2013 17:56:57 GMT
      Server:
      - AmazonEC2
    body:
      encoding: US-ASCII
      string: ! "<?xml version=\"1.0\" encoding=\"UTF-8\"?>\n<DescribeRegionsResponse
        xmlns=\"http://ec2.amazonaws.com/doc/2013-02-01/\">\n    <requestId>9eee5f8d-1793-4e6a-8777-5ff8439da128</requestId>\n
        \   <regionInfo>\n        <item>\n            <regionName>eu-west-1</regionName>\n
        \           <regionEndpoint>ec2.eu-west-1.amazonaws.com</regionEndpoint>\n
        \       </item>\n        <item>\n            <regionName>sa-east-1</regionName>\n
        \           <regionEndpoint>ec2.sa-east-1.amazonaws.com</regionEndpoint>\n
        \       </item>\n        <item>\n            <regionName>us-east-1</regionName>\n
        \           <regionEndpoint>ec2.us-east-1.amazonaws.com</regionEndpoint>\n
        \       </item>\n        <item>\n            <regionName>ap-northeast-1</regionName>\n
        \           <regionEndpoint>ec2.ap-northeast-1.amazonaws.com</regionEndpoint>\n
        \       </item>\n        <item>\n            <regionName>us-west-2</regionName>\n
        \           <regionEndpoint>ec2.us-west-2.amazonaws.com</regionEndpoint>\n
        \       </item>\n        <item>\n            <regionName>us-west-1</regionName>\n
        \           <regionEndpoint>ec2.us-west-1.amazonaws.com</regionEndpoint>\n
        \       </item>\n        <item>\n            <regionName>ap-southeast-1</regionName>\n
        \           <regionEndpoint>ec2.ap-southeast-1.amazonaws.com</regionEndpoint>\n
        \       </item>\n        <item>\n            <regionName>ap-southeast-2</regionName>\n
        \           <regionEndpoint>ec2.ap-southeast-2.amazonaws.com</regionEndpoint>\n
        \       </item>\n    </regionInfo>\n</DescribeRegionsResponse>"
    http_version: 
  recorded_at: Tue, 24 Sep 2013 17:56:51 GMT
- request:
    method: post
    uri: https://ec2.eu-west-1.amazonaws.com/
    body:
      encoding: UTF-8
      string: AWSAccessKeyId=0123456789ABCDEFGHIJ&Action=DescribeInstances&Signature=Vi6rzpzLV3n%2FR%2FDPCSnQM%2FZxSUpxfuxXiPo3YUwcy54%3D&SignatureMethod=HmacSHA256&SignatureVersion=2&Timestamp=2013-09-24T17%3A56%3A51Z&Version=2013-02-01
    headers:
      Content-Type:
      - application/x-www-form-urlencoded; charset=utf-8
      Accept-Encoding:
      - ''
      Content-Length:
      - '223'
      User-Agent:
      - aws-sdk-ruby/1.11.3 ruby/1.9.3 x86_64-darwin12.4.0
      Accept:
      - ! '*/*'
  response:
    status:
      code: 200
      message: OK
    headers:
      Content-Type:
      - text/xml;charset=UTF-8
      Transfer-Encoding:
      - chunked
      Date:
      - Tue, 24 Sep 2013 17:56:58 GMT
      Server:
      - AmazonEC2
    body:
      encoding: US-ASCII
      string: ! "<?xml version=\"1.0\" encoding=\"UTF-8\"?>\n<DescribeInstancesResponse
        xmlns=\"http://ec2.amazonaws.com/doc/2013-02-01/\">\n    <requestId>dcb787fa-4625-4fb6-abe4-ea4f1ebf286d</requestId>\n
        \   <reservationSet/>\n</DescribeInstancesResponse>"
    http_version: 
  recorded_at: Tue, 24 Sep 2013 17:56:52 GMT
- request:
    method: post
    uri: https://ec2.eu-west-1.amazonaws.com/
    body:
      encoding: UTF-8
      string: AWSAccessKeyId=0123456789ABCDEFGHIJ&Action=DescribeImages&Owner.1=self&Signature=X2SeOgkYaYw2vFiPXcTAyP0BCg4c0Xy07ViuBb6nrYQ%3D&SignatureMethod=HmacSHA256&SignatureVersion=2&Timestamp=2013-09-24T17%3A56%3A52Z&Version=2013-02-01
    headers:
      Content-Type:
      - application/x-www-form-urlencoded; charset=utf-8
      Accept-Encoding:
      - ''
      Content-Length:
      - '227'
      User-Agent:
      - aws-sdk-ruby/1.11.3 ruby/1.9.3 x86_64-darwin12.4.0
      Accept:
      - ! '*/*'
  response:
    status:
      code: 200
      message: OK
    headers:
      Content-Type:
      - text/xml;charset=UTF-8
      Transfer-Encoding:
      - chunked
      Date:
      - Tue, 24 Sep 2013 17:56:58 GMT
      Server:
      - AmazonEC2
    body:
      encoding: US-ASCII
      string: ! "<?xml version=\"1.0\" encoding=\"UTF-8\"?>\n<DescribeImagesResponse
        xmlns=\"http://ec2.amazonaws.com/doc/2013-02-01/\">\n    <requestId>4a100655-7ac6-48ae-bead-511002df67c4</requestId>\n
        \   <imagesSet/>\n</DescribeImagesResponse>"
    http_version: 
  recorded_at: Tue, 24 Sep 2013 17:56:52 GMT
- request:
    method: post
    uri: https://ec2.eu-west-1.amazonaws.com/
    body:
      encoding: UTF-8
      string: AWSAccessKeyId=0123456789ABCDEFGHIJ&Action=DescribeImages&ExecutableBy.1=self&Signature=O8yNPK0Gn2SnlQ6y7qM6hNsc2zTt0VerEwpGStQGrqs%3D&SignatureMethod=HmacSHA256&SignatureVersion=2&Timestamp=2013-09-24T17%3A56%3A52Z&Version=2013-02-01
    headers:
      Content-Type:
      - application/x-www-form-urlencoded; charset=utf-8
      Accept-Encoding:
      - ''
      Content-Length:
      - '234'
      User-Agent:
      - aws-sdk-ruby/1.11.3 ruby/1.9.3 x86_64-darwin12.4.0
      Accept:
      - ! '*/*'
  response:
    status:
      code: 200
      message: OK
    headers:
      Content-Type:
      - text/xml;charset=UTF-8
      Transfer-Encoding:
      - chunked
      Date:
      - Tue, 24 Sep 2013 17:56:59 GMT
      Server:
      - AmazonEC2
    body:
      encoding: US-ASCII
      string: ! "<?xml version=\"1.0\" encoding=\"UTF-8\"?>\n<DescribeImagesResponse
        xmlns=\"http://ec2.amazonaws.com/doc/2013-02-01/\">\n    <requestId>0d86be05-4738-4cea-bbfe-f67e0cfb5c69</requestId>\n
        \   <imagesSet/>\n</DescribeImagesResponse>"
    http_version: 
  recorded_at: Tue, 24 Sep 2013 17:56:53 GMT
- request:
    method: post
    uri: https://ec2.sa-east-1.amazonaws.com/
    body:
      encoding: UTF-8
      string: AWSAccessKeyId=0123456789ABCDEFGHIJ&Action=DescribeInstances&Signature=LwDLMPfF7KxO8IgpVYPfVok80D%2BiAco0u12K0ofiNQs%3D&SignatureMethod=HmacSHA256&SignatureVersion=2&Timestamp=2013-09-24T17%3A56%3A53Z&Version=2013-02-01
    headers:
      Content-Type:
      - application/x-www-form-urlencoded; charset=utf-8
      Accept-Encoding:
      - ''
      Content-Length:
      - '219'
      User-Agent:
      - aws-sdk-ruby/1.11.3 ruby/1.9.3 x86_64-darwin12.4.0
      Accept:
      - ! '*/*'
  response:
    status:
      code: 200
      message: OK
    headers:
      Content-Type:
      - text/xml;charset=UTF-8
      Transfer-Encoding:
      - chunked
      Date:
      - Tue, 24 Sep 2013 17:57:01 GMT
      Server:
      - AmazonEC2
    body:
      encoding: US-ASCII
      string: ! "<?xml version=\"1.0\" encoding=\"UTF-8\"?>\n<DescribeInstancesResponse
        xmlns=\"http://ec2.amazonaws.com/doc/2013-02-01/\">\n    <requestId>d6af022d-ed95-4320-a208-8f95100f3fca</requestId>\n
        \   <reservationSet/>\n</DescribeInstancesResponse>"
    http_version: 
  recorded_at: Tue, 24 Sep 2013 17:56:54 GMT
- request:
    method: post
    uri: https://ec2.sa-east-1.amazonaws.com/
    body:
      encoding: UTF-8
      string: AWSAccessKeyId=0123456789ABCDEFGHIJ&Action=DescribeImages&Owner.1=self&Signature=qRaKd%2F2HhzgaaayUuDjM28sY9dBrjEzGdwxGGP1zfhw%3D&SignatureMethod=HmacSHA256&SignatureVersion=2&Timestamp=2013-09-24T17%3A56%3A54Z&Version=2013-02-01
    headers:
      Content-Type:
      - application/x-www-form-urlencoded; charset=utf-8
      Accept-Encoding:
      - ''
      Content-Length:
      - '229'
      User-Agent:
      - aws-sdk-ruby/1.11.3 ruby/1.9.3 x86_64-darwin12.4.0
      Accept:
      - ! '*/*'
  response:
    status:
      code: 200
      message: OK
    headers:
      Content-Type:
      - text/xml;charset=UTF-8
      Transfer-Encoding:
      - chunked
      Date:
      - Tue, 24 Sep 2013 17:57:03 GMT
      Server:
      - AmazonEC2
    body:
      encoding: US-ASCII
      string: ! "<?xml version=\"1.0\" encoding=\"UTF-8\"?>\n<DescribeImagesResponse
        xmlns=\"http://ec2.amazonaws.com/doc/2013-02-01/\">\n    <requestId>38aa0179-4703-476b-a3eb-6f5e85a91dd8</requestId>\n
        \   <imagesSet/>\n</DescribeImagesResponse>"
    http_version: 
  recorded_at: Tue, 24 Sep 2013 17:56:57 GMT
- request:
    method: post
    uri: https://ec2.sa-east-1.amazonaws.com/
    body:
      encoding: UTF-8
      string: AWSAccessKeyId=0123456789ABCDEFGHIJ&Action=DescribeImages&ExecutableBy.1=self&Signature=nRjLd%2FKkbVpdk0dc3%2F%2BImWGeFQRYoogRWyn%2BQBRyMcg%3D&SignatureMethod=HmacSHA256&SignatureVersion=2&Timestamp=2013-09-24T17%3A56%3A57Z&Version=2013-02-01
    headers:
      Content-Type:
      - application/x-www-form-urlencoded; charset=utf-8
      Accept-Encoding:
      - ''
      Content-Length:
      - '242'
      User-Agent:
      - aws-sdk-ruby/1.11.3 ruby/1.9.3 x86_64-darwin12.4.0
      Accept:
      - ! '*/*'
  response:
    status:
      code: 200
      message: OK
    headers:
      Content-Type:
      - text/xml;charset=UTF-8
      Transfer-Encoding:
      - chunked
      Date:
      - Tue, 24 Sep 2013 17:57:03 GMT
      Server:
      - AmazonEC2
    body:
      encoding: US-ASCII
      string: ! "<?xml version=\"1.0\" encoding=\"UTF-8\"?>\n<DescribeImagesResponse
        xmlns=\"http://ec2.amazonaws.com/doc/2013-02-01/\">\n    <requestId>b049083d-40f5-4252-9b12-ecc5ca0f5433</requestId>\n
        \   <imagesSet/>\n</DescribeImagesResponse>"
    http_version: 
  recorded_at: Tue, 24 Sep 2013 17:56:58 GMT
- request:
    method: post
    uri: https://ec2.us-east-1.amazonaws.com/
    body:
      encoding: UTF-8
      string: AWSAccessKeyId=0123456789ABCDEFGHIJ&Action=DescribeInstances&Signature=bm4jHfPUHzdszpKW3YpLnb528Q0viK5WO0S2tz4Tfbw%3D&SignatureMethod=HmacSHA256&SignatureVersion=2&Timestamp=2013-09-24T17%3A56%3A58Z&Version=2013-02-01
    headers:
      Content-Type:
      - application/x-www-form-urlencoded; charset=utf-8
      Accept-Encoding:
      - ''
      Content-Length:
      - '217'
      User-Agent:
      - aws-sdk-ruby/1.11.3 ruby/1.9.3 x86_64-darwin12.4.0
      Accept:
      - ! '*/*'
  response:
    status:
      code: 200
      message: OK
    headers:
      Content-Type:
      - text/xml;charset=UTF-8
      Transfer-Encoding:
      - chunked
      Date:
      - Tue, 24 Sep 2013 17:57:04 GMT
      Server:
      - AmazonEC2
    body:
      encoding: US-ASCII
      string: ! "<?xml version=\"1.0\" encoding=\"UTF-8\"?>\n<DescribeInstancesResponse
        xmlns=\"http://ec2.amazonaws.com/doc/2013-02-01/\">\n    <requestId>032204a1-7c7f-46b1-854e-c5af80344a8d</requestId>\n
        \   <reservationSet>\n        <item>\n            <reservationId>r-1842f370</reservationId>\n
        \           <ownerId>123456789012</ownerId>\n            <groupSet/>\n            <instancesSet>\n
        \               <item>\n                    <instanceId>i-8b5739f2</instanceId>\n
        \                   <imageId>ami-5769193e</imageId>\n                    <instanceState>\n
        \                       <code>16</code>\n                        <name>running</name>\n
        \                   </instanceState>\n                    <privateDnsName>ip-10-0-0-254.ec2.internal</privateDnsName>\n
        \                   <dnsName/>\n                    <reason/>\n                    <keyName>EmsRefreshSpec-KeyPair</keyName>\n
        \                   <amiLaunchIndex>0</amiLaunchIndex>\n                    <productCodes/>\n
        \                   <instanceType>t1.micro</instanceType>\n                    <launchTime>2013-09-23T20:11:52.000Z</launchTime>\n
        \                   <placement>\n                        <availabilityZone>us-east-1e</availabilityZone>\n
        \                       <groupName/>\n                        <tenancy>default</tenancy>\n
        \                   </placement>\n                    <kernelId>aki-1eceaf77</kernelId>\n
        \                   <monitoring>\n                        <state>disabled</state>\n
        \                   </monitoring>\n                    <subnetId>subnet-f849ff96</subnetId>\n
        \                   <vpcId>vpc-ff49ff91</vpcId>\n                    <privateIpAddress>10.0.0.254</privateIpAddress>\n
        \                   <sourceDestCheck>true</sourceDestCheck>\n                    <groupSet>\n
        \                       <item>\n                            <groupId>sg-80f755ef</groupId>\n
        \                           <groupName>EmsRefreshSpec-SecurityGroup-VPC</groupName>\n
        \                       </item>\n                    </groupSet>\n                    <architecture>x86_64</architecture>\n
        \                   <rootDeviceType>ebs</rootDeviceType>\n                    <rootDeviceName>/dev/sda1</rootDeviceName>\n
        \                   <blockDeviceMapping>\n                        <item>\n
        \                           <deviceName>/dev/sda1</deviceName>\n                            <ebs>\n
        \                               <volumeId>vol-67606d2d</volumeId>\n                                <status>attached</status>\n
        \                               <attachTime>2013-09-23T20:11:57.000Z</attachTime>\n
        \                               <deleteOnTermination>true</deleteOnTermination>\n
        \                           </ebs>\n                        </item>\n                    </blockDeviceMapping>\n
        \                   <virtualizationType>paravirtual</virtualizationType>\n
        \                   <clientToken>aPCzL1379967112359</clientToken>\n                    <tagSet>\n
        \                       <item>\n                            <key>Name</key>\n
        \                           <value>EmsRefreshSpec-PoweredOn-VPC</value>\n
        \                       </item>\n                    </tagSet>\n                    <hypervisor>xen</hypervisor>\n
        \                   <networkInterfaceSet>\n                        <item>\n
        \                           <networkInterfaceId>eni-ad25f7cc</networkInterfaceId>\n
        \                           <subnetId>subnet-f849ff96</subnetId>\n                            <vpcId>vpc-ff49ff91</vpcId>\n
        \                           <description>Primary network interface</description>\n
        \                           <ownerId>123456789012</ownerId>\n                            <status>in-use</status>\n
        \                           <macAddress>22:d8:dc:13:0c:ca</macAddress>\n                            <privateIpAddress>10.0.0.254</privateIpAddress>\n
        \                           <sourceDestCheck>true</sourceDestCheck>\n                            <groupSet>\n
        \                               <item>\n                                    <groupId>sg-80f755ef</groupId>\n
        \                                   <groupName>EmsRefreshSpec-SecurityGroup-VPC</groupName>\n
        \                               </item>\n                            </groupSet>\n
        \                           <attachment>\n                                <attachmentId>eni-attach-05fac66f</attachmentId>\n
        \                               <deviceIndex>0</deviceIndex>\n                                <status>attached</status>\n
        \                               <attachTime>2013-09-23T20:11:52.000Z</attachTime>\n
        \                               <deleteOnTermination>true</deleteOnTermination>\n
        \                           </attachment>\n                            <privateIpAddressesSet>\n
        \                               <item>\n                                    <privateIpAddress>10.0.0.254</privateIpAddress>\n
        \                                   <primary>true</primary>\n                                </item>\n
        \                           </privateIpAddressesSet>\n                        </item>\n
        \                   </networkInterfaceSet>\n                    <ebsOptimized>false</ebsOptimized>\n
        \               </item>\n            </instancesSet>\n        </item>\n        <item>\n
        \           <reservationId>r-1405097e</reservationId>\n            <ownerId>123456789012</ownerId>\n
        \           <groupSet>\n                <item>\n                    <groupId>sg-347f9b5d</groupId>\n
        \                   <groupName>default</groupName>\n                </item>\n
        \           </groupSet>\n            <instancesSet>\n                <item>\n
        \                   <instanceId>i-fe4eb794</instanceId>\n                    <imageId>ami-67bc0b0e</imageId>\n
        \                   <instanceState>\n                        <code>80</code>\n
        \                       <name>stopped</name>\n                    </instanceState>\n
        \                   <privateDnsName/>\n                    <dnsName/>\n                    <reason>User
        initiated (2013-08-27 20:24:50 GMT)</reason>\n                    <keyName>miq</keyName>\n
        \                   <amiLaunchIndex>0</amiLaunchIndex>\n                    <productCodes/>\n
        \                   <instanceType>m1.small</instanceType>\n                    <launchTime>2013-08-27T20:22:57.000Z</launchTime>\n
        \                   <placement>\n                        <availabilityZone>us-east-1b</availabilityZone>\n
        \                       <groupName/>\n                        <tenancy>default</tenancy>\n
        \                   </placement>\n                    <kernelId>aki-825ea7eb</kernelId>\n
        \                   <monitoring>\n                        <state>disabled</state>\n
        \                   </monitoring>\n                    <groupSet>\n                        <item>\n
        \                           <groupId>sg-347f9b5d</groupId>\n                            <groupName>default</groupName>\n
        \                       </item>\n                    </groupSet>\n                    <stateReason>\n
        \                       <code>Client.UserInitiatedShutdown</code>\n                        <message>Client.UserInitiatedShutdown:
        User initiated shutdown</message>\n                    </stateReason>\n                    <architecture>x86_64</architecture>\n
        \                   <rootDeviceType>ebs</rootDeviceType>\n                    <rootDeviceName>/dev/sda1</rootDeviceName>\n
        \                   <blockDeviceMapping>\n                        <item>\n
        \                           <deviceName>/dev/sda1</deviceName>\n                            <ebs>\n
        \                               <volumeId>vol-965d9ccd</volumeId>\n                                <status>attached</status>\n
        \                               <attachTime>2013-05-28T19:50:10.000Z</attachTime>\n
        \                               <deleteOnTermination>true</deleteOnTermination>\n
        \                           </ebs>\n                        </item>\n                    </blockDeviceMapping>\n
        \                   <virtualizationType>paravirtual</virtualizationType>\n
        \                   <clientToken>ca8c2648-c7cf-11e2-b186-000c29d7786f</clientToken>\n
        \                   <tagSet>\n                        <item>\n                            <key>Name</key>\n
        \                           <value>JHTESTEC2</value>\n                        </item>\n
        \                   </tagSet>\n                    <hypervisor>xen</hypervisor>\n
        \                   <networkInterfaceSet/>\n                    <ebsOptimized>false</ebsOptimized>\n
        \               </item>\n            </instancesSet>\n        </item>\n        <item>\n
        \           <reservationId>r-4a660b26</reservationId>\n            <ownerId>123456789012</ownerId>\n
        \           <groupSet>\n                <item>\n                    <groupId>sg-9eba0af5</groupId>\n
        \                   <groupName>quicklaunch-1</groupName>\n                </item>\n
        \           </groupSet>\n            <instancesSet>\n                <item>\n
        \                   <instanceId>i-1cb54b70</instanceId>\n                    <imageId>ami-7d0c6314</imageId>\n
        \                   <instanceState>\n                        <code>80</code>\n
        \                       <name>stopped</name>\n                    </instanceState>\n
        \                   <privateDnsName/>\n                    <dnsName/>\n                    <reason>User
        initiated (2013-08-06 15:09:22 GMT)</reason>\n                    <keyName>jf</keyName>\n
        \                   <amiLaunchIndex>0</amiLaunchIndex>\n                    <productCodes/>\n
        \                   <instanceType>m1.small</instanceType>\n                    <launchTime>2013-08-06T14:41:01.000Z</launchTime>\n
        \                   <placement>\n                        <availabilityZone>us-east-1d</availabilityZone>\n
        \                       <groupName/>\n                        <tenancy>default</tenancy>\n
        \                   </placement>\n                    <kernelId>aki-1eceaf77</kernelId>\n
        \                   <monitoring>\n                        <state>disabled</state>\n
        \                   </monitoring>\n                    <groupSet>\n                        <item>\n
        \                           <groupId>sg-9eba0af5</groupId>\n                            <groupName>quicklaunch-1</groupName>\n
        \                       </item>\n                    </groupSet>\n                    <stateReason>\n
        \                       <code>Client.UserInitiatedShutdown</code>\n                        <message>Client.UserInitiatedShutdown:
        User initiated shutdown</message>\n                    </stateReason>\n                    <architecture>x86_64</architecture>\n
        \                   <rootDeviceType>ebs</rootDeviceType>\n                    <rootDeviceName>/dev/sda1</rootDeviceName>\n
        \                   <blockDeviceMapping>\n                        <item>\n
        \                           <deviceName>/dev/sda1</deviceName>\n                            <ebs>\n
        \                               <volumeId>vol-bbc8ebfb</volumeId>\n                                <status>attached</status>\n
        \                               <attachTime>2013-08-03T01:37:08.000Z</attachTime>\n
        \                               <deleteOnTermination>true</deleteOnTermination>\n
        \                           </ebs>\n                        </item>\n                    </blockDeviceMapping>\n
        \                   <virtualizationType>paravirtual</virtualizationType>\n
        \                   <clientToken>IzdyW1375493826051</clientToken>\n                    <tagSet>\n
        \                       <item>\n                            <key>Name</key>\n
        \                           <value>CloudFormsVNCPlugin-Build-Linux</value>\n
        \                       </item>\n                    </tagSet>\n                    <hypervisor>xen</hypervisor>\n
        \                   <networkInterfaceSet/>\n                    <ebsOptimized>false</ebsOptimized>\n
        \               </item>\n            </instancesSet>\n        </item>\n        <item>\n
        \           <reservationId>r-b71de6d7</reservationId>\n            <ownerId>123456789012</ownerId>\n
        \           <groupSet>\n                <item>\n                    <groupId>sg-cf9b0ea4</groupId>\n
        \                   <groupName>EmsRefreshSpec-SecurityGroup2</groupName>\n
        \               </item>\n                <item>\n                    <groupId>sg-88af19e3</groupId>\n
        \                   <groupName>EmsRefreshSpec-SecurityGroup</groupName>\n
        \               </item>\n            </groupSet>\n            <instancesSet>\n
        \               <item>\n                    <instanceId>i-7ab3c301</instanceId>\n
        \                   <imageId>ami-5769193e</imageId>\n                    <instanceState>\n
        \                       <code>16</code>\n                        <name>running</name>\n
        \                   </instanceState>\n                    <privateDnsName>ip-10-46-222-159.ec2.internal</privateDnsName>\n
        \                   <dnsName>ec2-54-221-202-53.compute-1.amazonaws.com</dnsName>\n
        \                   <reason/>\n                    <keyName>EmsRefreshSpec-KeyPair</keyName>\n
        \                   <amiLaunchIndex>0</amiLaunchIndex>\n                    <productCodes/>\n
        \                   <instanceType>t1.micro</instanceType>\n                    <launchTime>2013-09-03T21:28:55.000Z</launchTime>\n
        \                   <placement>\n                        <availabilityZone>us-east-1b</availabilityZone>\n
        \                       <groupName/>\n                        <tenancy>default</tenancy>\n
        \                   </placement>\n                    <kernelId>aki-1eceaf77</kernelId>\n
        \                   <monitoring>\n                        <state>disabled</state>\n
        \                   </monitoring>\n                    <privateIpAddress>10.46.222.159</privateIpAddress>\n
        \                   <ipAddress>54.221.202.53</ipAddress>\n                    <groupSet>\n
        \                       <item>\n                            <groupId>sg-cf9b0ea4</groupId>\n
        \                           <groupName>EmsRefreshSpec-SecurityGroup2</groupName>\n
        \                       </item>\n                        <item>\n                            <groupId>sg-88af19e3</groupId>\n
        \                           <groupName>EmsRefreshSpec-SecurityGroup</groupName>\n
        \                       </item>\n                    </groupSet>\n                    <architecture>x86_64</architecture>\n
        \                   <rootDeviceType>ebs</rootDeviceType>\n                    <rootDeviceName>/dev/sda1</rootDeviceName>\n
        \                   <blockDeviceMapping>\n                        <item>\n
        \                           <deviceName>/dev/sda1</deviceName>\n                            <ebs>\n
        \                               <volumeId>vol-8e53a4f9</volumeId>\n                                <status>attached</status>\n
        \                               <attachTime>2013-09-03T21:28:58.000Z</attachTime>\n
        \                               <deleteOnTermination>true</deleteOnTermination>\n
        \                           </ebs>\n                        </item>\n                        <item>\n
        \                           <deviceName>/dev/sdf</deviceName>\n                            <ebs>\n
        \                               <volumeId>vol-b2f00ac5</volumeId>\n                                <status>attached</status>\n
        \                               <attachTime>2013-09-12T01:04:50.000Z</attachTime>\n
        \                               <deleteOnTermination>false</deleteOnTermination>\n
        \                           </ebs>\n                        </item>\n                    </blockDeviceMapping>\n
        \                   <virtualizationType>paravirtual</virtualizationType>\n
        \                   <clientToken>ISJix1378243734879</clientToken>\n                    <tagSet>\n
        \                       <item>\n                            <key>Name</key>\n
        \                           <value>EmsRefreshSpec-PoweredOn-Basic</value>\n
        \                       </item>\n                    </tagSet>\n                    <hypervisor>xen</hypervisor>\n
        \                   <networkInterfaceSet/>\n                    <ebsOptimized>false</ebsOptimized>\n
        \               </item>\n            </instancesSet>\n        </item>\n        <item>\n
        \           <reservationId>r-1ceca77e</reservationId>\n            <ownerId>123456789012</ownerId>\n
        \           <groupSet>\n                <item>\n                    <groupId>sg-347f9b5d</groupId>\n
        \                   <groupName>default</groupName>\n                </item>\n
        \           </groupSet>\n            <instancesSet>\n                <item>\n
        \                   <instanceId>i-302eb55a</instanceId>\n                    <imageId>ami-edaa1f84</imageId>\n
        \                   <instanceState>\n                        <code>16</code>\n
        \                       <name>running</name>\n                    </instanceState>\n
        \                   <privateDnsName>ip-10-165-0-134.ec2.internal</privateDnsName>\n
        \                   <dnsName>ec2-54-227-61-232.compute-1.amazonaws.com</dnsName>\n
        \                   <reason/>\n                    <keyName>miq</keyName>\n
        \                   <amiLaunchIndex>0</amiLaunchIndex>\n                    <productCodes/>\n
        \                   <instanceType>m1.medium</instanceType>\n                    <launchTime>2013-08-26T16:40:15.000Z</launchTime>\n
        \                   <placement>\n                        <availabilityZone>us-east-1d</availabilityZone>\n
        \                       <groupName/>\n                        <tenancy>default</tenancy>\n
        \                   </placement>\n                    <kernelId>aki-a71cf9ce</kernelId>\n
        \                   <ramdiskId>ari-a51cf9cc</ramdiskId>\n                    <monitoring>\n
        \                       <state>disabled</state>\n                    </monitoring>\n
        \                   <privateIpAddress>10.165.0.134</privateIpAddress>\n                    <ipAddress>54.227.61.232</ipAddress>\n
        \                   <groupSet>\n                        <item>\n                            <groupId>sg-347f9b5d</groupId>\n
        \                           <groupName>default</groupName>\n                        </item>\n
        \                   </groupSet>\n                    <architecture>i386</architecture>\n
        \                   <rootDeviceType>instance-store</rootDeviceType>\n                    <blockDeviceMapping/>\n
        \                   <virtualizationType>paravirtual</virtualizationType>\n
        \                   <clientToken>2e674906-0e6e-11e3-995c-001d09b066bf</clientToken>\n
        \                   <hypervisor>xen</hypervisor>\n                    <networkInterfaceSet/>\n
        \                   <ebsOptimized>false</ebsOptimized>\n                </item>\n
        \           </instancesSet>\n        </item>\n        <item>\n            <reservationId>r-17b64272</reservationId>\n
        \           <ownerId>123456789012</ownerId>\n            <groupSet>\n                <item>\n
        \                   <groupId>sg-347f9b5d</groupId>\n                    <groupName>default</groupName>\n
        \               </item>\n            </groupSet>\n            <instancesSet>\n
        \               <item>\n                    <instanceId>i-8ff1e8f6</instanceId>\n
        \                   <imageId>ami-bda014d4</imageId>\n                    <instanceState>\n
        \                       <code>16</code>\n                        <name>running</name>\n
        \                   </instanceState>\n                    <privateDnsName>ip-10-147-226-179.ec2.internal</privateDnsName>\n
        \                   <dnsName>ec2-54-226-104-85.compute-1.amazonaws.com</dnsName>\n
        \                   <reason/>\n                    <keyName>miq</keyName>\n
        \                   <amiLaunchIndex>0</amiLaunchIndex>\n                    <productCodes/>\n
        \                   <instanceType>t1.micro</instanceType>\n                    <launchTime>2013-09-21T20:53:41.000Z</launchTime>\n
        \                   <placement>\n                        <availabilityZone>us-east-1d</availabilityZone>\n
        \                       <groupName/>\n                        <tenancy>default</tenancy>\n
        \                   </placement>\n                    <kernelId>aki-08ed0761</kernelId>\n
        \                   <monitoring>\n                        <state>disabled</state>\n
        \                   </monitoring>\n                    <privateIpAddress>10.147.226.179</privateIpAddress>\n
        \                   <ipAddress>54.226.104.85</ipAddress>\n                    <groupSet>\n
        \                       <item>\n                            <groupId>sg-347f9b5d</groupId>\n
        \                           <groupName>default</groupName>\n                        </item>\n
        \                   </groupSet>\n                    <architecture>x86_64</architecture>\n
        \                   <rootDeviceType>ebs</rootDeviceType>\n                    <rootDeviceName>/dev/sda1</rootDeviceName>\n
        \                   <blockDeviceMapping>\n                        <item>\n
        \                           <deviceName>/dev/sda1</deviceName>\n                            <ebs>\n
        \                               <volumeId>vol-8a768cc9</volumeId>\n                                <status>attached</status>\n
        \                               <attachTime>2013-09-21T20:53:45.000Z</attachTime>\n
        \                               <deleteOnTermination>true</deleteOnTermination>\n
        \                           </ebs>\n                        </item>\n                    </blockDeviceMapping>\n
        \                   <virtualizationType>paravirtual</virtualizationType>\n
        \                   <clientToken>e56a4ad6-22ff-11e3-bb5b-005056b25643</clientToken>\n
        \                   <tagSet>\n                        <item>\n                            <key>Name</key>\n
        \                           <value>WordPress_DB_0008</value>\n                        </item>\n
        \                   </tagSet>\n                    <hypervisor>xen</hypervisor>\n
        \                   <networkInterfaceSet/>\n                    <ebsOptimized>false</ebsOptimized>\n
        \               </item>\n            </instancesSet>\n        </item>\n        <item>\n
        \           <reservationId>r-a1d047c4</reservationId>\n            <ownerId>123456789012</ownerId>\n
        \           <groupSet>\n                <item>\n                    <groupId>sg-347f9b5d</groupId>\n
        \                   <groupName>default</groupName>\n                </item>\n
        \           </groupSet>\n            <instancesSet>\n                <item>\n
        \                   <instanceId>i-ca216ba3</instanceId>\n                    <imageId>ami-bda014d4</imageId>\n
        \                   <instanceState>\n                        <code>16</code>\n
        \                       <name>running</name>\n                    </instanceState>\n
        \                   <privateDnsName>ip-10-179-10-125.ec2.internal</privateDnsName>\n
        \                   <dnsName>ec2-107-21-194-200.compute-1.amazonaws.com</dnsName>\n
        \                   <reason/>\n                    <keyName>miq</keyName>\n
        \                   <amiLaunchIndex>0</amiLaunchIndex>\n                    <productCodes/>\n
        \                   <instanceType>t1.micro</instanceType>\n                    <launchTime>2013-08-27T21:30:48.000Z</launchTime>\n
        \                   <placement>\n                        <availabilityZone>us-east-1d</availabilityZone>\n
        \                       <groupName/>\n                        <tenancy>default</tenancy>\n
        \                   </placement>\n                    <kernelId>aki-08ed0761</kernelId>\n
        \                   <monitoring>\n                        <state>disabled</state>\n
        \                   </monitoring>\n                    <privateIpAddress>10.179.10.125</privateIpAddress>\n
        \                   <ipAddress>107.21.194.200</ipAddress>\n                    <groupSet>\n
        \                       <item>\n                            <groupId>sg-347f9b5d</groupId>\n
        \                           <groupName>default</groupName>\n                        </item>\n
        \                   </groupSet>\n                    <architecture>x86_64</architecture>\n
        \                   <rootDeviceType>ebs</rootDeviceType>\n                    <rootDeviceName>/dev/sda1</rootDeviceName>\n
        \                   <blockDeviceMapping>\n                        <item>\n
        \                           <deviceName>/dev/sda1</deviceName>\n                            <ebs>\n
        \                               <volumeId>vol-27a9a367</volumeId>\n                                <status>attached</status>\n
        \                               <attachTime>2013-08-27T21:30:52.000Z</attachTime>\n
        \                               <deleteOnTermination>true</deleteOnTermination>\n
        \                           </ebs>\n                        </item>\n                    </blockDeviceMapping>\n
        \                   <virtualizationType>paravirtual</virtualizationType>\n
        \                   <clientToken>f056a092-0f5f-11e3-bb5b-005056b25643</clientToken>\n
        \                   <tagSet>\n                        <item>\n                            <key>Name</key>\n
        \                           <value>WordPress_WEB_0004</value>\n                        </item>\n
        \                   </tagSet>\n                    <hypervisor>xen</hypervisor>\n
        \                   <networkInterfaceSet/>\n                    <ebsOptimized>false</ebsOptimized>\n
        \               </item>\n            </instancesSet>\n        </item>\n        <item>\n
        \           <reservationId>r-62476206</reservationId>\n            <ownerId>123456789012</ownerId>\n
        \           <groupSet>\n                <item>\n                    <groupId>sg-347f9b5d</groupId>\n
        \                   <groupName>default</groupName>\n                </item>\n
        \           </groupSet>\n            <instancesSet>\n                <item>\n
        \                   <instanceId>i-cd2a56b6</instanceId>\n                    <imageId>ami-edaa1f84</imageId>\n
        \                   <instanceState>\n                        <code>16</code>\n
        \                       <name>running</name>\n                    </instanceState>\n
        \                   <privateDnsName>ip-10-46-141-122.ec2.internal</privateDnsName>\n
        \                   <dnsName>ec2-50-17-158-185.compute-1.amazonaws.com</dnsName>\n
        \                   <reason/>\n                    <keyName>rpo</keyName>\n
        \                   <amiLaunchIndex>0</amiLaunchIndex>\n                    <productCodes/>\n
        \                   <instanceType>m1.small</instanceType>\n                    <launchTime>2012-08-16T20:28:06.000Z</launchTime>\n
        \                   <placement>\n                        <availabilityZone>us-east-1b</availabilityZone>\n
        \                       <groupName/>\n                        <tenancy>default</tenancy>\n
        \                   </placement>\n                    <kernelId>aki-a71cf9ce</kernelId>\n
        \                   <ramdiskId>ari-a51cf9cc</ramdiskId>\n                    <monitoring>\n
        \                       <state>enabled</state>\n                    </monitoring>\n
        \                   <privateIpAddress>10.46.141.122</privateIpAddress>\n                    <ipAddress>50.17.158.185</ipAddress>\n
        \                   <groupSet>\n                        <item>\n                            <groupId>sg-347f9b5d</groupId>\n
        \                           <groupName>default</groupName>\n                        </item>\n
        \                   </groupSet>\n                    <architecture>i386</architecture>\n
        \                   <rootDeviceType>instance-store</rootDeviceType>\n                    <blockDeviceMapping/>\n
        \                   <virtualizationType>paravirtual</virtualizationType>\n
        \                   <clientToken>e2496d10-e7e0-11e1-9d05-005056b25af6</clientToken>\n
        \                   <tagSet>\n                        <item>\n                            <key>Name</key>\n
        \                           <value>Test-Xav</value>\n                        </item>\n
        \                   </tagSet>\n                    <hypervisor>xen</hypervisor>\n
        \                   <networkInterfaceSet/>\n                    <ebsOptimized>false</ebsOptimized>\n
        \               </item>\n            </instancesSet>\n        </item>\n        <item>\n
        \           <reservationId>r-1eab967a</reservationId>\n            <ownerId>123456789012</ownerId>\n
        \           <groupSet>\n                <item>\n                    <groupId>sg-347f9b5d</groupId>\n
        \                   <groupName>default</groupName>\n                </item>\n
        \           </groupSet>\n            <instancesSet>\n                <item>\n
        \                   <instanceId>i-8f84dbf4</instanceId>\n                    <imageId>ami-20e90e49</imageId>\n
        \                   <instanceState>\n                        <code>16</code>\n
        \                       <name>running</name>\n                    </instanceState>\n
        \                   <privateDnsName>ip-10-190-85-52.ec2.internal</privateDnsName>\n
        \                   <dnsName>ec2-23-22-242-93.compute-1.amazonaws.com</dnsName>\n
        \                   <reason/>\n                    <keyName>rpo</keyName>\n
        \                   <amiLaunchIndex>0</amiLaunchIndex>\n                    <productCodes/>\n
        \                   <instanceType>m1.small</instanceType>\n                    <launchTime>2012-08-20T17:18:01.000Z</launchTime>\n
        \                   <placement>\n                        <availabilityZone>us-east-1b</availabilityZone>\n
        \                       <groupName/>\n                        <tenancy>default</tenancy>\n
        \                   </placement>\n                    <kernelId>aki-a71cf9ce</kernelId>\n
        \                   <ramdiskId>ari-a51cf9cc</ramdiskId>\n                    <monitoring>\n
        \                       <state>enabled</state>\n                    </monitoring>\n
        \                   <privateIpAddress>10.190.85.52</privateIpAddress>\n                    <ipAddress>23.22.242.93</ipAddress>\n
        \                   <groupSet>\n                        <item>\n                            <groupId>sg-347f9b5d</groupId>\n
        \                           <groupName>default</groupName>\n                        </item>\n
        \                   </groupSet>\n                    <architecture>i386</architecture>\n
        \                   <rootDeviceType>instance-store</rootDeviceType>\n                    <blockDeviceMapping/>\n
        \                   <virtualizationType>paravirtual</virtualizationType>\n
        \                   <clientToken>fe53055e-eaea-11e1-8aab-3c0754fffed3</clientToken>\n
        \                   <hypervisor>xen</hypervisor>\n                    <networkInterfaceSet/>\n
        \                   <ebsOptimized>false</ebsOptimized>\n                </item>\n
        \           </instancesSet>\n        </item>\n        <item>\n            <reservationId>r-a64546c2</reservationId>\n
        \           <ownerId>123456789012</ownerId>\n            <groupSet>\n                <item>\n
        \                   <groupId>sg-347f9b5d</groupId>\n                    <groupName>default</groupName>\n
        \               </item>\n            </groupSet>\n            <instancesSet>\n
        \               <item>\n                    <instanceId>i-f9e9c082</instanceId>\n
        \                   <imageId>ami-59863230</imageId>\n                    <instanceState>\n
        \                       <code>80</code>\n                        <name>stopped</name>\n
        \                   </instanceState>\n                    <privateDnsName/>\n
        \                   <dnsName/>\n                    <reason/>\n                    <amiLaunchIndex>0</amiLaunchIndex>\n
        \                   <productCodes/>\n                    <instanceType>m1.small</instanceType>\n
        \                   <launchTime>2012-08-22T15:12:46.000Z</launchTime>\n                    <placement>\n
        \                       <availabilityZone>us-east-1d</availabilityZone>\n
        \                       <groupName/>\n                        <tenancy>default</tenancy>\n
        \                   </placement>\n                    <platform>windows</platform>\n
        \                   <monitoring>\n                        <state>disabled</state>\n
        \                   </monitoring>\n                    <groupSet>\n                        <item>\n
        \                           <groupId>sg-347f9b5d</groupId>\n                            <groupName>default</groupName>\n
        \                       </item>\n                    </groupSet>\n                    <stateReason>\n
        \                       <code>Client.InstanceInitiatedShutdown</code>\n                        <message>Client.InstanceInitiatedShutdown:
        Instance initiated shutdown</message>\n                    </stateReason>\n
        \                   <architecture>i386</architecture>\n                    <rootDeviceType>ebs</rootDeviceType>\n
        \                   <rootDeviceName>/dev/sda1</rootDeviceName>\n                    <blockDeviceMapping>\n
        \                       <item>\n                            <deviceName>/dev/sda1</deviceName>\n
        \                           <ebs>\n                                <volumeId>vol-c2c72fb9</volumeId>\n
        \                               <status>attached</status>\n                                <attachTime>2012-08-22T11:33:49.000Z</attachTime>\n
        \                               <deleteOnTermination>false</deleteOnTermination>\n
        \                           </ebs>\n                        </item>\n                    </blockDeviceMapping>\n
        \                   <virtualizationType>hvm</virtualizationType>\n                    <clientToken/>\n
        \                   <tagSet>\n                        <item>\n                            <key>Name</key>\n
        \                           <value>POCTEST1</value>\n                        </item>\n
        \                   </tagSet>\n                    <hypervisor>xen</hypervisor>\n
        \                   <networkInterfaceSet/>\n                    <ebsOptimized>false</ebsOptimized>\n
        \               </item>\n            </instancesSet>\n        </item>\n        <item>\n
        \           <reservationId>r-38c0cd5c</reservationId>\n            <ownerId>123456789012</ownerId>\n
        \           <groupSet>\n                <item>\n                    <groupId>sg-347f9b5d</groupId>\n
        \                   <groupName>default</groupName>\n                </item>\n
        \           </groupSet>\n            <instancesSet>\n                <item>\n
        \                   <instanceId>i-cf7144b4</instanceId>\n                    <imageId>ami-edaa1f84</imageId>\n
        \                   <instanceState>\n                        <code>16</code>\n
        \                       <name>running</name>\n                    </instanceState>\n
        \                   <privateDnsName>ip-10-141-134-252.ec2.internal</privateDnsName>\n
        \                   <dnsName>ec2-174-129-183-120.compute-1.amazonaws.com</dnsName>\n
        \                   <reason/>\n                    <keyName>bill</keyName>\n
        \                   <amiLaunchIndex>0</amiLaunchIndex>\n                    <productCodes/>\n
        \                   <instanceType>m1.small</instanceType>\n                    <launchTime>2012-08-22T18:33:01.000Z</launchTime>\n
        \                   <placement>\n                        <availabilityZone>us-east-1b</availabilityZone>\n
        \                       <groupName/>\n                        <tenancy>default</tenancy>\n
        \                   </placement>\n                    <kernelId>aki-a71cf9ce</kernelId>\n
        \                   <ramdiskId>ari-a51cf9cc</ramdiskId>\n                    <monitoring>\n
        \                       <state>disabled</state>\n                    </monitoring>\n
        \                   <privateIpAddress>10.141.134.252</privateIpAddress>\n
        \                   <ipAddress>174.129.183.120</ipAddress>\n                    <groupSet>\n
        \                       <item>\n                            <groupId>sg-347f9b5d</groupId>\n
        \                           <groupName>default</groupName>\n                        </item>\n
        \                   </groupSet>\n                    <architecture>i386</architecture>\n
        \                   <rootDeviceType>instance-store</rootDeviceType>\n                    <blockDeviceMapping/>\n
        \                   <virtualizationType>paravirtual</virtualizationType>\n
        \                   <clientToken>cd854056-ec87-11e1-853b-005056b25af6</clientToken>\n
        \                   <tagSet>\n                        <item>\n                            <key>Name</key>\n
        \                           <value>VMWorld_001</value>\n                        </item>\n
        \                   </tagSet>\n                    <hypervisor>xen</hypervisor>\n
        \                   <networkInterfaceSet/>\n                    <ebsOptimized>false</ebsOptimized>\n
        \               </item>\n            </instancesSet>\n        </item>\n        <item>\n
        \           <reservationId>r-40171f24</reservationId>\n            <ownerId>123456789012</ownerId>\n
        \           <groupSet>\n                <item>\n                    <groupId>sg-347f9b5d</groupId>\n
        \                   <groupName>default</groupName>\n                </item>\n
        \           </groupSet>\n            <instancesSet>\n                <item>\n
        \                   <instanceId>i-2fd8eb54</instanceId>\n                    <imageId>ami-0d6fdb64</imageId>\n
        \                   <instanceState>\n                        <code>80</code>\n
        \                       <name>stopped</name>\n                    </instanceState>\n
        \                   <privateDnsName/>\n                    <dnsName/>\n                    <reason/>\n
        \                   <amiLaunchIndex>0</amiLaunchIndex>\n                    <productCodes/>\n
        \                   <instanceType>m1.small</instanceType>\n                    <launchTime>2012-08-23T11:43:56.000Z</launchTime>\n
        \                   <placement>\n                        <availabilityZone>us-east-1d</availabilityZone>\n
        \                       <groupName/>\n                        <tenancy>default</tenancy>\n
        \                   </placement>\n                    <platform>windows</platform>\n
        \                   <monitoring>\n                        <state>disabled</state>\n
        \                   </monitoring>\n                    <groupSet>\n                        <item>\n
        \                           <groupId>sg-347f9b5d</groupId>\n                            <groupName>default</groupName>\n
        \                       </item>\n                    </groupSet>\n                    <stateReason>\n
        \                       <code>Client.InstanceInitiatedShutdown</code>\n                        <message>Client.InstanceInitiatedShutdown:
        Instance initiated shutdown</message>\n                    </stateReason>\n
        \                   <architecture>i386</architecture>\n                    <rootDeviceType>ebs</rootDeviceType>\n
        \                   <rootDeviceName>/dev/sda1</rootDeviceName>\n                    <blockDeviceMapping>\n
        \                       <item>\n                            <deviceName>/dev/sda1</deviceName>\n
        \                           <ebs>\n                                <volumeId>vol-48cc3d33</volumeId>\n
        \                               <status>attached</status>\n                                <attachTime>2012-08-23T09:15:14.000Z</attachTime>\n
        \                               <deleteOnTermination>false</deleteOnTermination>\n
        \                           </ebs>\n                        </item>\n                    </blockDeviceMapping>\n
        \                   <virtualizationType>hvm</virtualizationType>\n                    <clientToken/>\n
        \                   <tagSet>\n                        <item>\n                            <key>Name</key>\n
        \                           <value>POCTEST2</value>\n                        </item>\n
        \                   </tagSet>\n                    <hypervisor>xen</hypervisor>\n
        \                   <networkInterfaceSet/>\n                    <ebsOptimized>false</ebsOptimized>\n
        \               </item>\n            </instancesSet>\n        </item>\n        <item>\n
        \           <reservationId>r-be9787da</reservationId>\n            <ownerId>123456789012</ownerId>\n
        \           <groupSet>\n                <item>\n                    <groupId>sg-347f9b5d</groupId>\n
        \                   <groupName>default</groupName>\n                </item>\n
        \           </groupSet>\n            <instancesSet>\n                <item>\n
        \                   <instanceId>i-25d0d75e</instanceId>\n                    <imageId>ami-cd3a8ea4</imageId>\n
        \                   <instanceState>\n                        <code>80</code>\n
        \                       <name>stopped</name>\n                    </instanceState>\n
        \                   <privateDnsName/>\n                    <dnsName/>\n                    <reason>Server.InternalError</reason>\n
        \                   <amiLaunchIndex>0</amiLaunchIndex>\n                    <productCodes/>\n
        \                   <instanceType>m1.small</instanceType>\n                    <launchTime>2012-08-24T10:12:41.000Z</launchTime>\n
        \                   <placement>\n                        <availabilityZone>us-east-1d</availabilityZone>\n
        \                       <groupName/>\n                        <tenancy>default</tenancy>\n
        \                   </placement>\n                    <platform>windows</platform>\n
        \                   <monitoring>\n                        <state>disabled</state>\n
        \                   </monitoring>\n                    <groupSet>\n                        <item>\n
        \                           <groupId>sg-347f9b5d</groupId>\n                            <groupName>default</groupName>\n
        \                       </item>\n                    </groupSet>\n                    <stateReason>\n
        \                       <code>Client.CreatedStopped</code>\n                        <message>Client.CreatedStopped:
        Instance created in the stopped state</message>\n                    </stateReason>\n
        \                   <architecture>i386</architecture>\n                    <rootDeviceType>ebs</rootDeviceType>\n
        \                   <rootDeviceName>/dev/sda1</rootDeviceName>\n                    <blockDeviceMapping>\n
        \                       <item>\n                            <deviceName>/dev/sda1</deviceName>\n
        \                           <ebs>\n                                <volumeId>vol-2e48b055</volumeId>\n
        \                               <status>attached</status>\n                                <attachTime>2012-08-24T10:42:34.000Z</attachTime>\n
        \                               <deleteOnTermination>false</deleteOnTermination>\n
        \                           </ebs>\n                        </item>\n                    </blockDeviceMapping>\n
        \                   <virtualizationType>hvm</virtualizationType>\n                    <clientToken/>\n
        \                   <hypervisor>xen</hypervisor>\n                    <networkInterfaceSet/>\n
        \                   <ebsOptimized>false</ebsOptimized>\n                </item>\n
        \           </instancesSet>\n        </item>\n        <item>\n            <reservationId>r-4c5a4828</reservationId>\n
        \           <ownerId>123456789012</ownerId>\n            <groupSet>\n                <item>\n
        \                   <groupId>sg-347f9b5d</groupId>\n                    <groupName>default</groupName>\n
        \               </item>\n            </groupSet>\n            <instancesSet>\n
        \               <item>\n                    <instanceId>i-43111038</instanceId>\n
        \                   <imageId>ami-5d209434</imageId>\n                    <instanceState>\n
        \                       <code>80</code>\n                        <name>stopped</name>\n
        \                   </instanceState>\n                    <privateDnsName/>\n
        \                   <dnsName/>\n                    <reason>User initiated
        (2012-09-03 10:37:43 GMT)</reason>\n                    <amiLaunchIndex>0</amiLaunchIndex>\n
        \                   <productCodes/>\n                    <instanceType>m1.small</instanceType>\n
        \                   <launchTime>2012-09-03T10:08:41.000Z</launchTime>\n                    <placement>\n
        \                       <availabilityZone>us-east-1d</availabilityZone>\n
        \                       <groupName/>\n                        <tenancy>default</tenancy>\n
        \                   </placement>\n                    <platform>windows</platform>\n
        \                   <monitoring>\n                        <state>disabled</state>\n
        \                   </monitoring>\n                    <groupSet>\n                        <item>\n
        \                           <groupId>sg-347f9b5d</groupId>\n                            <groupName>default</groupName>\n
        \                       </item>\n                    </groupSet>\n                    <stateReason>\n
        \                       <code>Client.UserInitiatedShutdown</code>\n                        <message>Client.UserInitiatedShutdown:
        User initiated shutdown</message>\n                    </stateReason>\n                    <architecture>i386</architecture>\n
        \                   <rootDeviceType>ebs</rootDeviceType>\n                    <rootDeviceName>/dev/sda1</rootDeviceName>\n
        \                   <blockDeviceMapping>\n                        <item>\n
        \                           <deviceName>/dev/sda1</deviceName>\n                            <ebs>\n
        \                               <volumeId>vol-e6a3599d</volumeId>\n                                <status>attached</status>\n
        \                               <attachTime>2012-08-24T14:35:14.000Z</attachTime>\n
        \                               <deleteOnTermination>false</deleteOnTermination>\n
        \                           </ebs>\n                        </item>\n                    </blockDeviceMapping>\n
        \                   <virtualizationType>hvm</virtualizationType>\n                    <clientToken/>\n
        \                   <hypervisor>xen</hypervisor>\n                    <networkInterfaceSet/>\n
        \                   <ebsOptimized>false</ebsOptimized>\n                </item>\n
        \           </instancesSet>\n        </item>\n        <item>\n            <reservationId>r-14392470</reservationId>\n
        \           <ownerId>123456789012</ownerId>\n            <groupSet>\n                <item>\n
        \                   <groupId>sg-347f9b5d</groupId>\n                    <groupName>default</groupName>\n
        \               </item>\n            </groupSet>\n            <instancesSet>\n
        \               <item>\n                    <instanceId>i-9f5c5fe4</instanceId>\n
        \                   <imageId>ami-edaa1f84</imageId>\n                    <instanceState>\n
        \                       <code>16</code>\n                        <name>running</name>\n
        \                   </instanceState>\n                    <privateDnsName>ip-10-4-218-222.ec2.internal</privateDnsName>\n
        \                   <dnsName>ec2-50-17-128-56.compute-1.amazonaws.com</dnsName>\n
        \                   <reason/>\n                    <keyName>miq</keyName>\n
        \                   <amiLaunchIndex>0</amiLaunchIndex>\n                    <productCodes/>\n
        \                   <instanceType>m1.small</instanceType>\n                    <launchTime>2012-08-24T17:51:07.000Z</launchTime>\n
        \                   <placement>\n                        <availabilityZone>us-east-1b</availabilityZone>\n
        \                       <groupName/>\n                        <tenancy>default</tenancy>\n
        \                   </placement>\n                    <kernelId>aki-a71cf9ce</kernelId>\n
        \                   <ramdiskId>ari-a51cf9cc</ramdiskId>\n                    <monitoring>\n
        \                       <state>disabled</state>\n                    </monitoring>\n
        \                   <privateIpAddress>10.4.218.222</privateIpAddress>\n                    <ipAddress>50.17.128.56</ipAddress>\n
        \                   <groupSet>\n                        <item>\n                            <groupId>sg-347f9b5d</groupId>\n
        \                           <groupName>default</groupName>\n                        </item>\n
        \                   </groupSet>\n                    <architecture>i386</architecture>\n
        \                   <rootDeviceType>instance-store</rootDeviceType>\n                    <blockDeviceMapping/>\n
        \                   <virtualizationType>paravirtual</virtualizationType>\n
        \                   <clientToken>47cca8c6-ee14-11e1-8ff0-001a4a0a0103</clientToken>\n
        \                   <tagSet>\n                        <item>\n                            <key>Name</key>\n
        \                           <value>VMWorld_Test_003</value>\n                        </item>\n
        \                   </tagSet>\n                    <hypervisor>xen</hypervisor>\n
        \                   <networkInterfaceSet/>\n                    <ebsOptimized>false</ebsOptimized>\n
        \               </item>\n            </instancesSet>\n        </item>\n        <item>\n
        \           <reservationId>r-6aaa680d</reservationId>\n            <ownerId>123456789012</ownerId>\n
        \           <groupSet>\n                <item>\n                    <groupId>sg-347f9b5d</groupId>\n
        \                   <groupName>default</groupName>\n                </item>\n
        \           </groupSet>\n            <instancesSet>\n                <item>\n
        \                   <instanceId>i-175f6b7a</instanceId>\n                    <imageId>ami-bda014d4</imageId>\n
        \                   <instanceState>\n                        <code>16</code>\n
        \                       <name>running</name>\n                    </instanceState>\n
        \                   <privateDnsName>ip-10-242-227-96.ec2.internal</privateDnsName>\n
        \                   <dnsName>ec2-107-21-135-54.compute-1.amazonaws.com</dnsName>\n
        \                   <reason/>\n                    <keyName>miq</keyName>\n
        \                   <amiLaunchIndex>0</amiLaunchIndex>\n                    <productCodes/>\n
        \                   <instanceType>t1.micro</instanceType>\n                    <launchTime>2013-08-27T21:30:59.000Z</launchTime>\n
        \                   <placement>\n                        <availabilityZone>us-east-1d</availabilityZone>\n
        \                       <groupName/>\n                        <tenancy>default</tenancy>\n
        \                   </placement>\n                    <kernelId>aki-08ed0761</kernelId>\n
        \                   <monitoring>\n                        <state>disabled</state>\n
        \                   </monitoring>\n                    <privateIpAddress>10.242.227.96</privateIpAddress>\n
        \                   <ipAddress>107.21.135.54</ipAddress>\n                    <groupSet>\n
        \                       <item>\n                            <groupId>sg-347f9b5d</groupId>\n
        \                           <groupName>default</groupName>\n                        </item>\n
        \                   </groupSet>\n                    <architecture>x86_64</architecture>\n
        \                   <rootDeviceType>ebs</rootDeviceType>\n                    <rootDeviceName>/dev/sda1</rootDeviceName>\n
        \                   <blockDeviceMapping>\n                        <item>\n
        \                           <deviceName>/dev/sda1</deviceName>\n                            <ebs>\n
        \                               <volumeId>vol-cba9a38b</volumeId>\n                                <status>attached</status>\n
        \                               <attachTime>2013-08-27T21:31:03.000Z</attachTime>\n
        \                               <deleteOnTermination>true</deleteOnTermination>\n
        \                           </ebs>\n                        </item>\n                    </blockDeviceMapping>\n
        \                   <virtualizationType>paravirtual</virtualizationType>\n
        \                   <clientToken>f709e872-0f5f-11e3-8038-005056b25643</clientToken>\n
        \                   <tagSet>\n                        <item>\n                            <key>Name</key>\n
        \                           <value>WordPress_DB_0006</value>\n                        </item>\n
        \                   </tagSet>\n                    <hypervisor>xen</hypervisor>\n
        \                   <networkInterfaceSet/>\n                    <ebsOptimized>false</ebsOptimized>\n
        \               </item>\n            </instancesSet>\n        </item>\n        <item>\n
        \           <reservationId>r-5cf8593b</reservationId>\n            <ownerId>123456789012</ownerId>\n
        \           <groupSet>\n                <item>\n                    <groupId>sg-347f9b5d</groupId>\n
        \                   <groupName>default</groupName>\n                </item>\n
        \           </groupSet>\n            <instancesSet>\n                <item>\n
        \                   <instanceId>i-c0e4c0a3</instanceId>\n                    <imageId>ami-edaa1f84</imageId>\n
        \                   <instanceState>\n                        <code>16</code>\n
        \                       <name>running</name>\n                    </instanceState>\n
        \                   <privateDnsName>ip-10-164-54-172.ec2.internal</privateDnsName>\n
        \                   <dnsName>ec2-54-211-179-213.compute-1.amazonaws.com</dnsName>\n
        \                   <reason/>\n                    <keyName>miq</keyName>\n
        \                   <amiLaunchIndex>0</amiLaunchIndex>\n                    <productCodes/>\n
        \                   <instanceType>m1.medium</instanceType>\n                    <launchTime>2013-08-26T16:50:32.000Z</launchTime>\n
        \                   <placement>\n                        <availabilityZone>us-east-1d</availabilityZone>\n
        \                       <groupName/>\n                        <tenancy>default</tenancy>\n
        \                   </placement>\n                    <kernelId>aki-a71cf9ce</kernelId>\n
        \                   <ramdiskId>ari-a51cf9cc</ramdiskId>\n                    <monitoring>\n
        \                       <state>disabled</state>\n                    </monitoring>\n
        \                   <privateIpAddress>10.164.54.172</privateIpAddress>\n                    <ipAddress>54.211.179.213</ipAddress>\n
        \                   <groupSet>\n                        <item>\n                            <groupId>sg-347f9b5d</groupId>\n
        \                           <groupName>default</groupName>\n                        </item>\n
        \                   </groupSet>\n                    <architecture>i386</architecture>\n
        \                   <rootDeviceType>instance-store</rootDeviceType>\n                    <blockDeviceMapping/>\n
        \                   <virtualizationType>paravirtual</virtualizationType>\n
        \                   <clientToken>9ecab93e-0e6f-11e3-9bcc-001d09b066bf</clientToken>\n
        \                   <hypervisor>xen</hypervisor>\n                    <networkInterfaceSet/>\n
        \                   <ebsOptimized>false</ebsOptimized>\n                </item>\n
        \           </instancesSet>\n        </item>\n        <item>\n            <reservationId>r-37ab0a50</reservationId>\n
        \           <ownerId>123456789012</ownerId>\n            <groupSet>\n                <item>\n
        \                   <groupId>sg-347f9b5d</groupId>\n                    <groupName>default</groupName>\n
        \               </item>\n            </groupSet>\n            <instancesSet>\n
        \               <item>\n                    <instanceId>i-06359e7c</instanceId>\n
        \                   <imageId>ami-67bc0b0e</imageId>\n                    <instanceState>\n
        \                       <code>80</code>\n                        <name>stopped</name>\n
        \                   </instanceState>\n                    <privateDnsName/>\n
        \                   <dnsName/>\n                    <reason>User initiated
        (2012-10-11 18:45:53 GMT)</reason>\n                    <keyName>rpo</keyName>\n
        \                   <amiLaunchIndex>0</amiLaunchIndex>\n                    <productCodes/>\n
        \                   <instanceType>m1.large</instanceType>\n                    <launchTime>2012-10-10T17:51:21.000Z</launchTime>\n
        \                   <placement>\n                        <availabilityZone>us-east-1b</availabilityZone>\n
        \                       <groupName/>\n                        <tenancy>default</tenancy>\n
        \                   </placement>\n                    <kernelId>aki-825ea7eb</kernelId>\n
        \                   <monitoring>\n                        <state>disabled</state>\n
        \                   </monitoring>\n                    <groupSet>\n                        <item>\n
        \                           <groupId>sg-347f9b5d</groupId>\n                            <groupName>default</groupName>\n
        \                       </item>\n                    </groupSet>\n                    <stateReason>\n
        \                       <code>Client.UserInitiatedShutdown</code>\n                        <message>Client.UserInitiatedShutdown:
        User initiated shutdown</message>\n                    </stateReason>\n                    <architecture>x86_64</architecture>\n
        \                   <rootDeviceType>ebs</rootDeviceType>\n                    <rootDeviceName>/dev/sda1</rootDeviceName>\n
        \                   <blockDeviceMapping>\n                        <item>\n
        \                           <deviceName>/dev/sda1</deviceName>\n                            <ebs>\n
        \                               <volumeId>vol-109ff86b</volumeId>\n                                <status>attached</status>\n
        \                               <attachTime>2012-09-05T00:27:47.000Z</attachTime>\n
        \                               <deleteOnTermination>true</deleteOnTermination>\n
        \                           </ebs>\n                        </item>\n                    </blockDeviceMapping>\n
        \                   <virtualizationType>paravirtual</virtualizationType>\n
        \                   <clientToken>tgwIr1346804863504</clientToken>\n                    <tagSet>\n
        \                       <item>\n                            <key>Name</key>\n
        \                           <value>rpo-dev</value>\n                        </item>\n
        \                   </tagSet>\n                    <hypervisor>xen</hypervisor>\n
        \                   <networkInterfaceSet/>\n                    <ebsOptimized>false</ebsOptimized>\n
        \               </item>\n            </instancesSet>\n        </item>\n        <item>\n
        \           <reservationId>r-243f0343</reservationId>\n            <ownerId>123456789012</ownerId>\n
        \           <groupSet>\n                <item>\n                    <groupId>sg-347f9b5d</groupId>\n
        \                   <groupName>default</groupName>\n                </item>\n
        \           </groupSet>\n            <instancesSet>\n                <item>\n
        \                   <instanceId>i-acfb19cb</instanceId>\n                    <imageId>ami-bda014d4</imageId>\n
        \                   <instanceState>\n                        <code>16</code>\n
        \                       <name>running</name>\n                    </instanceState>\n
        \                   <privateDnsName>ip-10-212-181-183.ec2.internal</privateDnsName>\n
        \                   <dnsName>ec2-54-226-13-190.compute-1.amazonaws.com</dnsName>\n
        \                   <reason/>\n                    <keyName>miq</keyName>\n
        \                   <amiLaunchIndex>0</amiLaunchIndex>\n                    <productCodes/>\n
        \                   <instanceType>t1.micro</instanceType>\n                    <launchTime>2013-09-21T20:53:41.000Z</launchTime>\n
        \                   <placement>\n                        <availabilityZone>us-east-1d</availabilityZone>\n
        \                       <groupName/>\n                        <tenancy>default</tenancy>\n
        \                   </placement>\n                    <kernelId>aki-08ed0761</kernelId>\n
        \                   <monitoring>\n                        <state>disabled</state>\n
        \                   </monitoring>\n                    <privateIpAddress>10.212.181.183</privateIpAddress>\n
        \                   <ipAddress>54.226.13.190</ipAddress>\n                    <groupSet>\n
        \                       <item>\n                            <groupId>sg-347f9b5d</groupId>\n
        \                           <groupName>default</groupName>\n                        </item>\n
        \                   </groupSet>\n                    <architecture>x86_64</architecture>\n
        \                   <rootDeviceType>ebs</rootDeviceType>\n                    <rootDeviceName>/dev/sda1</rootDeviceName>\n
        \                   <blockDeviceMapping>\n                        <item>\n
        \                           <deviceName>/dev/sda1</deviceName>\n                            <ebs>\n
        \                               <volumeId>vol-cc768c8f</volumeId>\n                                <status>attached</status>\n
        \                               <attachTime>2013-09-21T20:53:43.000Z</attachTime>\n
        \                               <deleteOnTermination>true</deleteOnTermination>\n
        \                           </ebs>\n                        </item>\n                    </blockDeviceMapping>\n
        \                   <virtualizationType>paravirtual</virtualizationType>\n
        \                   <clientToken>e4ff31e2-22ff-11e3-b781-005056b25643</clientToken>\n
        \                   <tagSet>\n                        <item>\n                            <key>Name</key>\n
        \                           <value>WordPress_WEB_0005</value>\n                        </item>\n
        \                   </tagSet>\n                    <hypervisor>xen</hypervisor>\n
        \                   <networkInterfaceSet/>\n                    <ebsOptimized>false</ebsOptimized>\n
        \               </item>\n            </instancesSet>\n        </item>\n        <item>\n
        \           <reservationId>r-aafdabcc</reservationId>\n            <ownerId>123456789012</ownerId>\n
        \           <groupSet>\n                <item>\n                    <groupId>sg-347f9b5d</groupId>\n
        \                   <groupName>default</groupName>\n                </item>\n
        \           </groupSet>\n            <instancesSet>\n                <item>\n
        \                   <instanceId>i-3345e45e</instanceId>\n                    <imageId>ami-bda014d4</imageId>\n
        \                   <instanceState>\n                        <code>16</code>\n
        \                       <name>running</name>\n                    </instanceState>\n
        \                   <privateDnsName>ip-10-179-47-36.ec2.internal</privateDnsName>\n
        \                   <dnsName>ec2-54-242-233-138.compute-1.amazonaws.com</dnsName>\n
        \                   <reason/>\n                    <keyName>miq</keyName>\n
        \                   <amiLaunchIndex>0</amiLaunchIndex>\n                    <productCodes/>\n
        \                   <instanceType>t1.micro</instanceType>\n                    <launchTime>2013-08-25T06:37:27.000Z</launchTime>\n
        \                   <placement>\n                        <availabilityZone>us-east-1d</availabilityZone>\n
        \                       <groupName/>\n                        <tenancy>default</tenancy>\n
        \                   </placement>\n                    <kernelId>aki-08ed0761</kernelId>\n
        \                   <monitoring>\n                        <state>disabled</state>\n
        \                   </monitoring>\n                    <privateIpAddress>10.179.47.36</privateIpAddress>\n
        \                   <ipAddress>54.242.233.138</ipAddress>\n                    <groupSet>\n
        \                       <item>\n                            <groupId>sg-347f9b5d</groupId>\n
        \                           <groupName>default</groupName>\n                        </item>\n
        \                   </groupSet>\n                    <architecture>x86_64</architecture>\n
        \                   <rootDeviceType>ebs</rootDeviceType>\n                    <rootDeviceName>/dev/sda1</rootDeviceName>\n
        \                   <blockDeviceMapping>\n                        <item>\n
        \                           <deviceName>/dev/sda1</deviceName>\n                            <ebs>\n
        \                               <volumeId>vol-61d3dd21</volumeId>\n                                <status>attached</status>\n
        \                               <attachTime>2013-08-25T06:37:30.000Z</attachTime>\n
        \                               <deleteOnTermination>true</deleteOnTermination>\n
        \                           </ebs>\n                        </item>\n                    </blockDeviceMapping>\n
        \                   <virtualizationType>paravirtual</virtualizationType>\n
        \                   <clientToken>cf083db2-0d50-11e3-b315-005056b25643</clientToken>\n
        \                   <tagSet>\n                        <item>\n                            <key>Name</key>\n
        \                           <value>WordPress_DB_0005</value>\n                        </item>\n
        \                   </tagSet>\n                    <hypervisor>xen</hypervisor>\n
        \                   <networkInterfaceSet/>\n                    <ebsOptimized>false</ebsOptimized>\n
        \               </item>\n            </instancesSet>\n        </item>\n        <item>\n
        \           <reservationId>r-d3bbe9b5</reservationId>\n            <ownerId>123456789012</ownerId>\n
        \           <groupSet>\n                <item>\n                    <groupId>sg-347f9b5d</groupId>\n
        \                   <groupName>default</groupName>\n                </item>\n
        \           </groupSet>\n            <instancesSet>\n                <item>\n
        \                   <instanceId>i-1b48f567</instanceId>\n                    <imageId>ami-feaa1297</imageId>\n
        \                   <instanceState>\n                        <code>80</code>\n
        \                       <name>stopped</name>\n                    </instanceState>\n
        \                   <privateDnsName/>\n                    <dnsName/>\n                    <reason>Server.InternalError</reason>\n
        \                   <amiLaunchIndex>0</amiLaunchIndex>\n                    <productCodes/>\n
        \                   <instanceType>m1.small</instanceType>\n                    <launchTime>2012-10-25T19:32:04.000Z</launchTime>\n
        \                   <placement>\n                        <availabilityZone>us-east-1d</availabilityZone>\n
        \                       <groupName/>\n                        <tenancy>default</tenancy>\n
        \                   </placement>\n                    <platform>windows</platform>\n
        \                   <monitoring>\n                        <state>disabled</state>\n
        \                   </monitoring>\n                    <groupSet>\n                        <item>\n
        \                           <groupId>sg-347f9b5d</groupId>\n                            <groupName>default</groupName>\n
        \                       </item>\n                    </groupSet>\n                    <stateReason>\n
        \                       <code>Client.CreatedStopped</code>\n                        <message>Client.CreatedStopped:
        Instance created in the stopped state</message>\n                    </stateReason>\n
        \                   <architecture>i386</architecture>\n                    <rootDeviceType>ebs</rootDeviceType>\n
        \                   <rootDeviceName>/dev/sda1</rootDeviceName>\n                    <blockDeviceMapping>\n
        \                       <item>\n                            <deviceName>/dev/sda1</deviceName>\n
        \                           <ebs>\n                                <volumeId>vol-3aa3cf47</volumeId>\n
        \                               <status>attached</status>\n                                <attachTime>2012-10-25T20:00:11.000Z</attachTime>\n
        \                               <deleteOnTermination>false</deleteOnTermination>\n
        \                           </ebs>\n                        </item>\n                    </blockDeviceMapping>\n
        \                   <virtualizationType>hvm</virtualizationType>\n                    <clientToken/>\n
        \                   <hypervisor>xen</hypervisor>\n                    <networkInterfaceSet/>\n
        \                   <ebsOptimized>false</ebsOptimized>\n                </item>\n
        \           </instancesSet>\n        </item>\n        <item>\n            <reservationId>r-a0fec6c6</reservationId>\n
        \           <ownerId>123456789012</ownerId>\n            <groupSet>\n                <item>\n
        \                   <groupId>sg-88af19e3</groupId>\n                    <groupName>EmsRefreshSpec-SecurityGroup</groupName>\n
        \               </item>\n            </groupSet>\n            <instancesSet>\n
        \               <item>\n                    <instanceId>i-79188d11</instanceId>\n
        \                   <imageId>ami-5769193e</imageId>\n                    <instanceState>\n
        \                       <code>80</code>\n                        <name>stopped</name>\n
        \                   </instanceState>\n                    <privateDnsName/>\n
        \                   <dnsName/>\n                    <reason>User initiated
        (2013-08-31 00:21:28 GMT)</reason>\n                    <keyName>EmsRefreshSpec-KeyPair</keyName>\n
        \                   <amiLaunchIndex>0</amiLaunchIndex>\n                    <productCodes/>\n
        \                   <instanceType>t1.micro</instanceType>\n                    <launchTime>2013-08-31T00:20:34.000Z</launchTime>\n
        \                   <placement>\n                        <availabilityZone>us-east-1d</availabilityZone>\n
        \                       <groupName/>\n                        <tenancy>default</tenancy>\n
        \                   </placement>\n                    <kernelId>aki-1eceaf77</kernelId>\n
        \                   <monitoring>\n                        <state>disabled</state>\n
        \                   </monitoring>\n                    <groupSet>\n                        <item>\n
        \                           <groupId>sg-88af19e3</groupId>\n                            <groupName>EmsRefreshSpec-SecurityGroup</groupName>\n
        \                       </item>\n                    </groupSet>\n                    <stateReason>\n
        \                       <code>Client.UserInitiatedShutdown</code>\n                        <message>Client.UserInitiatedShutdown:
        User initiated shutdown</message>\n                    </stateReason>\n                    <architecture>x86_64</architecture>\n
        \                   <rootDeviceType>ebs</rootDeviceType>\n                    <rootDeviceName>/dev/sda1</rootDeviceName>\n
        \                   <blockDeviceMapping>\n                        <item>\n
        \                           <deviceName>/dev/sda1</deviceName>\n                            <ebs>\n
        \                               <volumeId>vol-b76172f7</volumeId>\n                                <status>attached</status>\n
        \                               <attachTime>2013-08-31T00:20:37.000Z</attachTime>\n
        \                               <deleteOnTermination>true</deleteOnTermination>\n
        \                           </ebs>\n                        </item>\n                    </blockDeviceMapping>\n
        \                   <virtualizationType>paravirtual</virtualizationType>\n
        \                   <clientToken>jltmq1377908434067</clientToken>\n                    <tagSet>\n
        \                       <item>\n                            <key>Name</key>\n
        \                           <value>EmsRefreshSpec-PoweredOff</value>\n                        </item>\n
        \                   </tagSet>\n                    <hypervisor>xen</hypervisor>\n
        \                   <networkInterfaceSet/>\n                    <ebsOptimized>false</ebsOptimized>\n
        \               </item>\n            </instancesSet>\n        </item>\n        <item>\n
        \           <reservationId>r-cb9b18b2</reservationId>\n            <ownerId>123456789012</ownerId>\n
        \           <groupSet>\n                <item>\n                    <groupId>sg-347f9b5d</groupId>\n
        \                   <groupName>default</groupName>\n                </item>\n
        \           </groupSet>\n            <instancesSet>\n                <item>\n
        \                   <instanceId>i-6eed600f</instanceId>\n                    <imageId>ami-bda014d4</imageId>\n
        \                   <instanceState>\n                        <code>16</code>\n
        \                       <name>running</name>\n                    </instanceState>\n
        \                   <privateDnsName>ip-10-164-69-41.ec2.internal</privateDnsName>\n
        \                   <dnsName>ec2-54-234-163-168.compute-1.amazonaws.com</dnsName>\n
        \                   <reason/>\n                    <keyName>miq</keyName>\n
        \                   <amiLaunchIndex>0</amiLaunchIndex>\n                    <productCodes/>\n
        \                   <instanceType>t1.micro</instanceType>\n                    <launchTime>2013-08-25T06:37:29.000Z</launchTime>\n
        \                   <placement>\n                        <availabilityZone>us-east-1d</availabilityZone>\n
        \                       <groupName/>\n                        <tenancy>default</tenancy>\n
        \                   </placement>\n                    <kernelId>aki-08ed0761</kernelId>\n
        \                   <monitoring>\n                        <state>disabled</state>\n
        \                   </monitoring>\n                    <privateIpAddress>10.164.69.41</privateIpAddress>\n
        \                   <ipAddress>54.234.163.168</ipAddress>\n                    <groupSet>\n
        \                       <item>\n                            <groupId>sg-347f9b5d</groupId>\n
        \                           <groupName>default</groupName>\n                        </item>\n
        \                   </groupSet>\n                    <architecture>x86_64</architecture>\n
        \                   <rootDeviceType>ebs</rootDeviceType>\n                    <rootDeviceName>/dev/sda1</rootDeviceName>\n
        \                   <blockDeviceMapping>\n                        <item>\n
        \                           <deviceName>/dev/sda1</deviceName>\n                            <ebs>\n
        \                               <volumeId>vol-63d3dd23</volumeId>\n                                <status>attached</status>\n
        \                               <attachTime>2013-08-25T06:37:32.000Z</attachTime>\n
        \                               <deleteOnTermination>true</deleteOnTermination>\n
        \                           </ebs>\n                        </item>\n                    </blockDeviceMapping>\n
        \                   <virtualizationType>paravirtual</virtualizationType>\n
        \                   <clientToken>d0032394-0d50-11e3-b315-005056b25643</clientToken>\n
        \                   <tagSet>\n                        <item>\n                            <key>Name</key>\n
        \                           <value>WordPress_WEB_0003</value>\n                        </item>\n
        \                   </tagSet>\n                    <hypervisor>xen</hypervisor>\n
        \                   <networkInterfaceSet/>\n                    <ebsOptimized>false</ebsOptimized>\n
        \               </item>\n            </instancesSet>\n        </item>\n    </reservationSet>\n</DescribeInstancesResponse>"
    http_version: 
  recorded_at: Tue, 24 Sep 2013 17:56:58 GMT
- request:
    method: post
    uri: https://ec2.ap-northeast-1.amazonaws.com/
    body:
      encoding: UTF-8
      string: AWSAccessKeyId=0123456789ABCDEFGHIJ&Action=DescribeInstances&Signature=p2x9u9WM0kTpatH0JAe2s1GM6YJ2c9cMME0JBkkmE0A%3D&SignatureMethod=HmacSHA256&SignatureVersion=2&Timestamp=2013-09-24T17%3A56%3A58Z&Version=2013-02-01
    headers:
      Content-Type:
      - application/x-www-form-urlencoded; charset=utf-8
      Accept-Encoding:
      - ''
      Content-Length:
      - '217'
      User-Agent:
      - aws-sdk-ruby/1.11.3 ruby/1.9.3 x86_64-darwin12.4.0
      Accept:
      - ! '*/*'
  response:
    status:
      code: 200
      message: OK
    headers:
      Content-Type:
      - text/xml;charset=UTF-8
      Transfer-Encoding:
      - chunked
      Date:
      - Tue, 24 Sep 2013 17:57:06 GMT
      Server:
      - AmazonEC2
    body:
      encoding: US-ASCII
      string: ! "<?xml version=\"1.0\" encoding=\"UTF-8\"?>\n<DescribeInstancesResponse
        xmlns=\"http://ec2.amazonaws.com/doc/2013-02-01/\">\n    <requestId>7f94317b-4292-4d35-9f47-0d4b327c256e</requestId>\n
        \   <reservationSet/>\n</DescribeInstancesResponse>"
    http_version: 
  recorded_at: Tue, 24 Sep 2013 17:56:59 GMT
- request:
    method: post
    uri: https://ec2.ap-northeast-1.amazonaws.com/
    body:
      encoding: UTF-8
      string: AWSAccessKeyId=0123456789ABCDEFGHIJ&Action=DescribeImages&Owner.1=self&Signature=RU0aNhI2BQVUQB7dZABa3TRy3HFGnXSScBEuFFa89AQ%3D&SignatureMethod=HmacSHA256&SignatureVersion=2&Timestamp=2013-09-24T17%3A56%3A59Z&Version=2013-02-01
    headers:
      Content-Type:
      - application/x-www-form-urlencoded; charset=utf-8
      Accept-Encoding:
      - ''
      Content-Length:
      - '227'
      User-Agent:
      - aws-sdk-ruby/1.11.3 ruby/1.9.3 x86_64-darwin12.4.0
      Accept:
      - ! '*/*'
  response:
    status:
      code: 200
      message: OK
    headers:
      Content-Type:
      - text/xml;charset=UTF-8
      Transfer-Encoding:
      - chunked
      Date:
      - Tue, 24 Sep 2013 17:57:06 GMT
      Server:
      - AmazonEC2
    body:
      encoding: US-ASCII
      string: ! "<?xml version=\"1.0\" encoding=\"UTF-8\"?>\n<DescribeImagesResponse
        xmlns=\"http://ec2.amazonaws.com/doc/2013-02-01/\">\n    <requestId>f5322d99-64c0-4c33-a057-d8dd437f8b44</requestId>\n
        \   <imagesSet/>\n</DescribeImagesResponse>"
    http_version: 
  recorded_at: Tue, 24 Sep 2013 17:57:01 GMT
- request:
    method: post
    uri: https://ec2.ap-northeast-1.amazonaws.com/
    body:
      encoding: UTF-8
      string: AWSAccessKeyId=0123456789ABCDEFGHIJ&Action=DescribeImages&ExecutableBy.1=self&Signature=XHO049UXaVKGerBnqsX0LWOXjQpjxddtzN%2F8SKik394%3D&SignatureMethod=HmacSHA256&SignatureVersion=2&Timestamp=2013-09-24T17%3A57%3A01Z&Version=2013-02-01
    headers:
      Content-Type:
      - application/x-www-form-urlencoded; charset=utf-8
      Accept-Encoding:
      - ''
      Content-Length:
      - '236'
      User-Agent:
      - aws-sdk-ruby/1.11.3 ruby/1.9.3 x86_64-darwin12.4.0
      Accept:
      - ! '*/*'
  response:
    status:
      code: 200
      message: OK
    headers:
      Content-Type:
      - text/xml;charset=UTF-8
      Transfer-Encoding:
      - chunked
      Date:
      - Tue, 24 Sep 2013 17:57:08 GMT
      Server:
      - AmazonEC2
    body:
      encoding: US-ASCII
      string: ! "<?xml version=\"1.0\" encoding=\"UTF-8\"?>\n<DescribeImagesResponse
        xmlns=\"http://ec2.amazonaws.com/doc/2013-02-01/\">\n    <requestId>82b5319b-04c9-4440-9c62-e03d72d780a3</requestId>\n
        \   <imagesSet/>\n</DescribeImagesResponse>"
    http_version: 
  recorded_at: Tue, 24 Sep 2013 17:57:02 GMT
- request:
    method: post
    uri: https://ec2.us-west-2.amazonaws.com/
    body:
      encoding: UTF-8
      string: AWSAccessKeyId=0123456789ABCDEFGHIJ&Action=DescribeInstances&Signature=W5L%2BE3zWWSYZ9Np9%2F5YpgRGUFlRg0nuteo36EvDW2%2BU%3D&SignatureMethod=HmacSHA256&SignatureVersion=2&Timestamp=2013-09-24T17%3A57%3A02Z&Version=2013-02-01
    headers:
      Content-Type:
      - application/x-www-form-urlencoded; charset=utf-8
      Accept-Encoding:
      - ''
      Content-Length:
      - '223'
      User-Agent:
      - aws-sdk-ruby/1.11.3 ruby/1.9.3 x86_64-darwin12.4.0
      Accept:
      - ! '*/*'
  response:
    status:
      code: 200
      message: OK
    headers:
      Content-Type:
      - text/xml;charset=UTF-8
      Transfer-Encoding:
      - chunked
      Date:
      - Tue, 24 Sep 2013 17:57:08 GMT
      Server:
      - AmazonEC2
    body:
      encoding: US-ASCII
      string: ! "<?xml version=\"1.0\" encoding=\"UTF-8\"?>\n<DescribeInstancesResponse
        xmlns=\"http://ec2.amazonaws.com/doc/2013-02-01/\">\n    <requestId>01c5e0ed-539f-4e2d-b14a-b83c99f08495</requestId>\n
        \   <reservationSet/>\n</DescribeInstancesResponse>"
    http_version: 
  recorded_at: Tue, 24 Sep 2013 17:57:02 GMT
- request:
    method: post
    uri: https://ec2.us-west-2.amazonaws.com/
    body:
      encoding: UTF-8
      string: AWSAccessKeyId=0123456789ABCDEFGHIJ&Action=DescribeImages&Owner.1=self&Signature=pEeFE1RDPV83bQM%2BCoSoprYCipPcC5ZIKr2FFzwN1IM%3D&SignatureMethod=HmacSHA256&SignatureVersion=2&Timestamp=2013-09-24T17%3A57%3A02Z&Version=2013-02-01
    headers:
      Content-Type:
      - application/x-www-form-urlencoded; charset=utf-8
      Accept-Encoding:
      - ''
      Content-Length:
      - '229'
      User-Agent:
      - aws-sdk-ruby/1.11.3 ruby/1.9.3 x86_64-darwin12.4.0
      Accept:
      - ! '*/*'
  response:
    status:
      code: 200
      message: OK
    headers:
      Content-Type:
      - text/xml;charset=UTF-8
      Transfer-Encoding:
      - chunked
      Date:
      - Tue, 24 Sep 2013 17:57:08 GMT
      Server:
      - AmazonEC2
    body:
      encoding: US-ASCII
      string: ! "<?xml version=\"1.0\" encoding=\"UTF-8\"?>\n<DescribeImagesResponse
        xmlns=\"http://ec2.amazonaws.com/doc/2013-02-01/\">\n    <requestId>dfe06405-2e4f-4999-98b0-f74c18af39a9</requestId>\n
        \   <imagesSet/>\n</DescribeImagesResponse>"
    http_version: 
  recorded_at: Tue, 24 Sep 2013 17:57:03 GMT
- request:
    method: post
    uri: https://ec2.us-west-2.amazonaws.com/
    body:
      encoding: UTF-8
      string: AWSAccessKeyId=0123456789ABCDEFGHIJ&Action=DescribeImages&ExecutableBy.1=self&Signature=g4BJAYLBRILWabgT5OiPy5rjzlDAXWyE0wEzcqytOSI%3D&SignatureMethod=HmacSHA256&SignatureVersion=2&Timestamp=2013-09-24T17%3A57%3A03Z&Version=2013-02-01
    headers:
      Content-Type:
      - application/x-www-form-urlencoded; charset=utf-8
      Accept-Encoding:
      - ''
      Content-Length:
      - '234'
      User-Agent:
      - aws-sdk-ruby/1.11.3 ruby/1.9.3 x86_64-darwin12.4.0
      Accept:
      - ! '*/*'
  response:
    status:
      code: 200
      message: OK
    headers:
      Content-Type:
      - text/xml;charset=UTF-8
      Transfer-Encoding:
      - chunked
      Date:
      - Tue, 24 Sep 2013 17:57:10 GMT
      Server:
      - AmazonEC2
    body:
      encoding: US-ASCII
      string: ! "<?xml version=\"1.0\" encoding=\"UTF-8\"?>\n<DescribeImagesResponse
        xmlns=\"http://ec2.amazonaws.com/doc/2013-02-01/\">\n    <requestId>a0446e41-c96a-493e-9a1d-84b41b93d1bc</requestId>\n
        \   <imagesSet/>\n</DescribeImagesResponse>"
    http_version: 
  recorded_at: Tue, 24 Sep 2013 17:57:04 GMT
- request:
    method: post
    uri: https://ec2.us-west-1.amazonaws.com/
    body:
      encoding: UTF-8
      string: AWSAccessKeyId=0123456789ABCDEFGHIJ&Action=DescribeInstances&Signature=wGejGE3A4L%2B186auGtAq8gCcqaPanEHaQpjCK%2BC0nDI%3D&SignatureMethod=HmacSHA256&SignatureVersion=2&Timestamp=2013-09-24T17%3A57%3A04Z&Version=2013-02-01
    headers:
      Content-Type:
      - application/x-www-form-urlencoded; charset=utf-8
      Accept-Encoding:
      - ''
      Content-Length:
      - '221'
      User-Agent:
      - aws-sdk-ruby/1.11.3 ruby/1.9.3 x86_64-darwin12.4.0
      Accept:
      - ! '*/*'
  response:
    status:
      code: 200
      message: OK
    headers:
      Content-Type:
      - text/xml;charset=UTF-8
      Transfer-Encoding:
      - chunked
      Date:
      - Tue, 24 Sep 2013 17:57:10 GMT
      Server:
      - AmazonEC2
    body:
      encoding: US-ASCII
      string: ! "<?xml version=\"1.0\" encoding=\"UTF-8\"?>\n<DescribeInstancesResponse
        xmlns=\"http://ec2.amazonaws.com/doc/2013-02-01/\">\n    <requestId>2a75a319-10ff-4fa4-95a9-027a07ee313c</requestId>\n
        \   <reservationSet>\n        <item>\n            <reservationId>r-18afd25e</reservationId>\n
        \           <ownerId>123456789012</ownerId>\n            <groupSet>\n                <item>\n
        \                   <groupId>sg-e94055ac</groupId>\n                    <groupName>default</groupName>\n
        \               </item>\n            </groupSet>\n            <instancesSet>\n
        \               <item>\n                    <instanceId>i-fdd815a4</instanceId>\n
        \                   <imageId>ami-3bc9997e</imageId>\n                    <instanceState>\n
        \                       <code>16</code>\n                        <name>running</name>\n
        \                   </instanceState>\n                    <privateDnsName>ip-10-160-177-126.us-west-1.compute.internal</privateDnsName>\n
        \                   <dnsName>ec2-184-169-243-31.us-west-1.compute.amazonaws.com</dnsName>\n
        \                   <reason/>\n                    <amiLaunchIndex>0</amiLaunchIndex>\n
        \                   <productCodes/>\n                    <instanceType>m1.small</instanceType>\n
        \                   <launchTime>2012-10-01T18:11:04.000Z</launchTime>\n                    <placement>\n
        \                       <availabilityZone>us-west-1a</availabilityZone>\n
        \                       <groupName/>\n                        <tenancy>default</tenancy>\n
        \                   </placement>\n                    <kernelId>aki-99a0f1dc</kernelId>\n
        \                   <monitoring>\n                        <state>disabled</state>\n
        \                   </monitoring>\n                    <privateIpAddress>10.160.177.126</privateIpAddress>\n
        \                   <ipAddress>184.169.243.31</ipAddress>\n                    <groupSet>\n
        \                       <item>\n                            <groupId>sg-e94055ac</groupId>\n
        \                           <groupName>default</groupName>\n                        </item>\n
        \                   </groupSet>\n                    <architecture>i386</architecture>\n
        \                   <rootDeviceType>ebs</rootDeviceType>\n                    <rootDeviceName>/dev/sda1</rootDeviceName>\n
        \                   <blockDeviceMapping>\n                        <item>\n
        \                           <deviceName>/dev/sda1</deviceName>\n                            <ebs>\n
        \                               <volumeId>vol-93f7b6bd</volumeId>\n                                <status>attached</status>\n
        \                               <attachTime>2012-10-01T18:11:08.000Z</attachTime>\n
        \                               <deleteOnTermination>true</deleteOnTermination>\n
        \                           </ebs>\n                        </item>\n                    </blockDeviceMapping>\n
        \                   <virtualizationType>paravirtual</virtualizationType>\n
        \                   <clientToken>5bfd4308-0bf3-11e2-96b9-a4b197fffe9a</clientToken>\n
        \                   <hypervisor>xen</hypervisor>\n                    <networkInterfaceSet/>\n
        \                   <ebsOptimized>false</ebsOptimized>\n                </item>\n
        \           </instancesSet>\n        </item>\n        <item>\n            <reservationId>r-9fde5ac4</reservationId>\n
        \           <ownerId>123456789012</ownerId>\n            <groupSet>\n                <item>\n
        \                   <groupId>sg-2b87746f</groupId>\n                    <groupName>EmsRefreshSpec-SecurityGroup-OtherRegion</groupName>\n
        \               </item>\n            </groupSet>\n            <instancesSet>\n
        \               <item>\n                    <instanceId>i-dc1ee486</instanceId>\n
        \                   <imageId>ami-183e175d</imageId>\n                    <instanceState>\n
        \                       <code>16</code>\n                        <name>running</name>\n
        \                   </instanceState>\n                    <privateDnsName>ip-10-191-129-95.us-west-1.compute.internal</privateDnsName>\n
        \                   <dnsName>ec2-204-236-137-154.us-west-1.compute.amazonaws.com</dnsName>\n
        \                   <reason/>\n                    <keyName>EmsRefreshSpec-KeyPair-OtherRegion</keyName>\n
        \                   <amiLaunchIndex>0</amiLaunchIndex>\n                    <productCodes/>\n
        \                   <instanceType>t1.micro</instanceType>\n                    <launchTime>2013-08-31T00:12:43.000Z</launchTime>\n
        \                   <placement>\n                        <availabilityZone>us-west-1a</availabilityZone>\n
        \                       <groupName/>\n                        <tenancy>default</tenancy>\n
        \                   </placement>\n                    <kernelId>aki-36b79b73</kernelId>\n
        \                   <monitoring>\n                        <state>disabled</state>\n
        \                   </monitoring>\n                    <privateIpAddress>10.191.129.95</privateIpAddress>\n
        \                   <ipAddress>204.236.137.154</ipAddress>\n                    <groupSet>\n
        \                       <item>\n                            <groupId>sg-2b87746f</groupId>\n
        \                           <groupName>EmsRefreshSpec-SecurityGroup-OtherRegion</groupName>\n
        \                       </item>\n                    </groupSet>\n                    <architecture>x86_64</architecture>\n
        \                   <rootDeviceType>ebs</rootDeviceType>\n                    <rootDeviceName>/dev/sda1</rootDeviceName>\n
        \                   <blockDeviceMapping>\n                        <item>\n
        \                           <deviceName>/dev/sda1</deviceName>\n                            <ebs>\n
        \                               <volumeId>vol-e2d90ab6</volumeId>\n                                <status>attached</status>\n
        \                               <attachTime>2013-08-31T00:12:46.000Z</attachTime>\n
        \                               <deleteOnTermination>true</deleteOnTermination>\n
        \                           </ebs>\n                        </item>\n                    </blockDeviceMapping>\n
        \                   <virtualizationType>paravirtual</virtualizationType>\n
        \                   <clientToken>TYBNt1377907963036</clientToken>\n                    <tagSet>\n
        \                       <item>\n                            <key>Name</key>\n
        \                           <value>EmsRefreshSpec-PoweredOn-OtherRegion</value>\n
        \                       </item>\n                    </tagSet>\n                    <hypervisor>xen</hypervisor>\n
        \                   <networkInterfaceSet/>\n                    <ebsOptimized>false</ebsOptimized>\n
        \               </item>\n            </instancesSet>\n        </item>\n    </reservationSet>\n</DescribeInstancesResponse>"
    http_version: 
  recorded_at: Tue, 24 Sep 2013 17:57:04 GMT
- request:
    method: post
    uri: https://ec2.ap-southeast-1.amazonaws.com/
    body:
      encoding: UTF-8
      string: AWSAccessKeyId=0123456789ABCDEFGHIJ&Action=DescribeInstances&Signature=HTPYy8NVTSdBSlxEstB2PXZNBwC6%2BqS%2FQwLspm4jBNI%3D&SignatureMethod=HmacSHA256&SignatureVersion=2&Timestamp=2013-09-24T17%3A57%3A04Z&Version=2013-02-01
    headers:
      Content-Type:
      - application/x-www-form-urlencoded; charset=utf-8
      Accept-Encoding:
      - ''
      Content-Length:
      - '221'
      User-Agent:
      - aws-sdk-ruby/1.11.3 ruby/1.9.3 x86_64-darwin12.4.0
      Accept:
      - ! '*/*'
  response:
    status:
      code: 200
      message: OK
    headers:
      Content-Type:
      - text/xml;charset=UTF-8
      Transfer-Encoding:
      - chunked
      Date:
      - Tue, 24 Sep 2013 17:57:12 GMT
      Server:
      - AmazonEC2
    body:
      encoding: US-ASCII
      string: ! "<?xml version=\"1.0\" encoding=\"UTF-8\"?>\n<DescribeInstancesResponse
        xmlns=\"http://ec2.amazonaws.com/doc/2013-02-01/\">\n    <requestId>788c55b2-4d00-4c8b-acdf-e5f509c1f073</requestId>\n
        \   <reservationSet/>\n</DescribeInstancesResponse>"
    http_version: 
  recorded_at: Tue, 24 Sep 2013 17:57:06 GMT
- request:
    method: post
    uri: https://ec2.ap-southeast-1.amazonaws.com/
    body:
      encoding: UTF-8
      string: AWSAccessKeyId=0123456789ABCDEFGHIJ&Action=DescribeImages&Owner.1=self&Signature=7tZmGPy8V5At6pONUTnci7MRGMB5x%2Bs%2FgLPb7DwM8LM%3D&SignatureMethod=HmacSHA256&SignatureVersion=2&Timestamp=2013-09-24T17%3A57%3A06Z&Version=2013-02-01
    headers:
      Content-Type:
      - application/x-www-form-urlencoded; charset=utf-8
      Accept-Encoding:
      - ''
      Content-Length:
      - '231'
      User-Agent:
      - aws-sdk-ruby/1.11.3 ruby/1.9.3 x86_64-darwin12.4.0
      Accept:
      - ! '*/*'
  response:
    status:
      code: 200
      message: OK
    headers:
      Content-Type:
      - text/xml;charset=UTF-8
      Transfer-Encoding:
      - chunked
      Date:
      - Tue, 24 Sep 2013 17:57:14 GMT
      Server:
      - AmazonEC2
    body:
      encoding: US-ASCII
      string: ! "<?xml version=\"1.0\" encoding=\"UTF-8\"?>\n<DescribeImagesResponse
        xmlns=\"http://ec2.amazonaws.com/doc/2013-02-01/\">\n    <requestId>1444efae-eec2-46fc-8e80-e63fe43b077d</requestId>\n
        \   <imagesSet/>\n</DescribeImagesResponse>"
    http_version: 
  recorded_at: Tue, 24 Sep 2013 17:57:07 GMT
- request:
    method: post
    uri: https://ec2.ap-southeast-1.amazonaws.com/
    body:
      encoding: UTF-8
      string: AWSAccessKeyId=0123456789ABCDEFGHIJ&Action=DescribeImages&ExecutableBy.1=self&Signature=d2PhbLP4poeP%2FPd6g3dRYeWxfontAVafX3yqcvMbZTM%3D&SignatureMethod=HmacSHA256&SignatureVersion=2&Timestamp=2013-09-24T17%3A57%3A07Z&Version=2013-02-01
    headers:
      Content-Type:
      - application/x-www-form-urlencoded; charset=utf-8
      Accept-Encoding:
      - ''
      Content-Length:
      - '236'
      User-Agent:
      - aws-sdk-ruby/1.11.3 ruby/1.9.3 x86_64-darwin12.4.0
      Accept:
      - ! '*/*'
  response:
    status:
      code: 200
      message: OK
    headers:
      Content-Type:
      - text/xml;charset=UTF-8
      Transfer-Encoding:
      - chunked
      Date:
      - Tue, 24 Sep 2013 17:57:15 GMT
      Server:
      - AmazonEC2
    body:
      encoding: US-ASCII
      string: ! "<?xml version=\"1.0\" encoding=\"UTF-8\"?>\n<DescribeImagesResponse
        xmlns=\"http://ec2.amazonaws.com/doc/2013-02-01/\">\n    <requestId>656e1abf-9c9b-48a7-ba6f-a09d620e1cad</requestId>\n
        \   <imagesSet/>\n</DescribeImagesResponse>"
    http_version: 
  recorded_at: Tue, 24 Sep 2013 17:57:09 GMT
- request:
    method: post
    uri: https://ec2.ap-southeast-2.amazonaws.com/
    body:
      encoding: UTF-8
      string: AWSAccessKeyId=0123456789ABCDEFGHIJ&Action=DescribeInstances&Signature=vT8XQHuCFe%2FbVaFhAa0Nag2hDZGzNFVNe9bPu3vQtQk%3D&SignatureMethod=HmacSHA256&SignatureVersion=2&Timestamp=2013-09-24T17%3A57%3A09Z&Version=2013-02-01
    headers:
      Content-Type:
      - application/x-www-form-urlencoded; charset=utf-8
      Accept-Encoding:
      - ''
      Content-Length:
      - '219'
      User-Agent:
      - aws-sdk-ruby/1.11.3 ruby/1.9.3 x86_64-darwin12.4.0
      Accept:
      - ! '*/*'
  response:
    status:
      code: 200
      message: OK
    headers:
      Content-Type:
      - text/xml;charset=UTF-8
      Transfer-Encoding:
      - chunked
      Date:
      - Tue, 24 Sep 2013 17:57:16 GMT
      Server:
      - AmazonEC2
    body:
      encoding: US-ASCII
      string: ! "<?xml version=\"1.0\" encoding=\"UTF-8\"?>\n<DescribeInstancesResponse
        xmlns=\"http://ec2.amazonaws.com/doc/2013-02-01/\">\n    <requestId>4ff454dd-471a-42f1-b92d-e2da4f4c3889</requestId>\n
        \   <reservationSet/>\n</DescribeInstancesResponse>"
    http_version: 
  recorded_at: Tue, 24 Sep 2013 17:57:10 GMT
- request:
    method: post
    uri: https://ec2.ap-southeast-2.amazonaws.com/
    body:
      encoding: UTF-8
      string: AWSAccessKeyId=0123456789ABCDEFGHIJ&Action=DescribeImages&Owner.1=self&Signature=%2F8egdVmvKweX0fulsbPO5M4f6Y1l0p50IUI9UVE9X04%3D&SignatureMethod=HmacSHA256&SignatureVersion=2&Timestamp=2013-09-24T17%3A57%3A10Z&Version=2013-02-01
    headers:
      Content-Type:
      - application/x-www-form-urlencoded; charset=utf-8
      Accept-Encoding:
      - ''
      Content-Length:
      - '229'
      User-Agent:
      - aws-sdk-ruby/1.11.3 ruby/1.9.3 x86_64-darwin12.4.0
      Accept:
      - ! '*/*'
  response:
    status:
      code: 200
      message: OK
    headers:
      Content-Type:
      - text/xml;charset=UTF-8
      Transfer-Encoding:
      - chunked
      Date:
      - Tue, 24 Sep 2013 17:57:17 GMT
      Server:
      - AmazonEC2
    body:
      encoding: US-ASCII
      string: ! "<?xml version=\"1.0\" encoding=\"UTF-8\"?>\n<DescribeImagesResponse
        xmlns=\"http://ec2.amazonaws.com/doc/2013-02-01/\">\n    <requestId>3c204091-a21f-4582-ad94-c24c1740faf0</requestId>\n
        \   <imagesSet/>\n</DescribeImagesResponse>"
    http_version: 
  recorded_at: Tue, 24 Sep 2013 17:57:11 GMT
- request:
    method: post
    uri: https://ec2.ap-southeast-2.amazonaws.com/
    body:
      encoding: UTF-8
      string: AWSAccessKeyId=0123456789ABCDEFGHIJ&Action=DescribeImages&ExecutableBy.1=self&Signature=lQBCtWXBoev1vl9H9UFHv0iYh7rVb%2FRdaIcLklxnkrg%3D&SignatureMethod=HmacSHA256&SignatureVersion=2&Timestamp=2013-09-24T17%3A57%3A11Z&Version=2013-02-01
    headers:
      Content-Type:
      - application/x-www-form-urlencoded; charset=utf-8
      Accept-Encoding:
      - ''
      Content-Length:
      - '236'
      User-Agent:
      - aws-sdk-ruby/1.11.3 ruby/1.9.3 x86_64-darwin12.4.0
      Accept:
      - ! '*/*'
  response:
    status:
      code: 200
      message: OK
    headers:
      Content-Type:
      - text/xml;charset=UTF-8
      Transfer-Encoding:
      - chunked
      Date:
      - Tue, 24 Sep 2013 17:57:18 GMT
      Server:
      - AmazonEC2
    body:
      encoding: US-ASCII
      string: ! "<?xml version=\"1.0\" encoding=\"UTF-8\"?>\n<DescribeImagesResponse
        xmlns=\"http://ec2.amazonaws.com/doc/2013-02-01/\">\n    <requestId>a478c590-e285-4bea-8d2e-298297345d5b</requestId>\n
        \   <imagesSet/>\n</DescribeImagesResponse>"
    http_version: 
  recorded_at: Tue, 24 Sep 2013 17:57:13 GMT
recorded_with: VCR 2.4.0
